MariaDB [csd2204w18]> show tables;
+----------------------+
| Tables_in_csd2204w18 |
+----------------------+
| countries            |
| departments          |
| employees            |
| job_history          |
| jobs                 |
| locations            |
| regions              |
+----------------------+
7 rows in set (0.00 sec)

MariaDB [csd2204w18]> desc countries;
+--------------+---------------+------+-----+---------+-------+
| Field        | Type          | Null | Key | Default | Extra |
+--------------+---------------+------+-----+---------+-------+
| COUNTRY_ID   | varchar(2)    | NO   | PRI | NULL    |       |
| COUNTRY_NAME | varchar(40)   | YES  |     | NULL    |       |
| REGION_ID    | decimal(10,0) | YES  | MUL | NULL    |       |
+--------------+---------------+------+-----+---------+-------+
3 rows in set (0.01 sec)

MariaDB [csd2204w18]> select * from countries;
+------------+--------------------------+-----------+
| COUNTRY_ID | COUNTRY_NAME             | REGION_ID |
+------------+--------------------------+-----------+
| AR         | Argentina                |         2 |
| AU         | Australia                |         3 |
| BE         | Belgium                  |         1 |
| BR         | Brazil                   |         2 |
| CA         | Canada                   |         2 |
| CH         | Switzerland              |         1 |
| CN         | China                    |         3 |
| DE         | Germany                  |         1 |
| DK         | Denmark                  |         1 |
| EG         | Egypt                    |         4 |
| FR         | France                   |         1 |
| HK         | HongKong                 |         3 |
| IL         | Israel                   |         4 |
| IN         | India                    |         3 |
| IT         | Italy                    |         1 |
| JP         | Japan                    |         3 |
| KW         | Kuwait                   |         4 |
| MX         | Mexico                   |         2 |
| NG         | Nigeria                  |         4 |
| NL         | Netherlands              |         1 |
| SG         | Singapore                |         3 |
| UK         | United Kingdom           |         1 |
| US         | United States of America |         2 |
| ZM         | Zambia                   |         4 |
| ZW         | Zimbabwe                 |         4 |
+------------+--------------------------+-----------+
25 rows in set (0.00 sec)

MariaDB [csd2204w18]> SET @n1 = 10;
Query OK, 0 rows affected (0.00 sec)

MariaDB [csd2204w18]> SELECT @n;
+------+
| @n   |
+------+
| NULL |
+------+
1 row in set (0.00 sec)

MariaDB [csd2204w18]> SELECT @n1;
+------+
| @n1  |
+------+
|   10 |
+------+
1 row in set (0.01 sec)

MariaDB [csd2204w18]> show tables
    -> ;
+----------------------+
| Tables_in_csd2204w18 |
+----------------------+
| countries            |
| departments          |
| employees            |
| job_history          |
| jobs                 |
| locations            |
| regions              |
+----------------------+
7 rows in set (0.00 sec)

MariaDB [csd2204w18]> select * from countries
    -> ;
+------------+--------------------------+-----------+
| COUNTRY_ID | COUNTRY_NAME             | REGION_ID |
+------------+--------------------------+-----------+
| AR         | Argentina                |         2 |
| AU         | Australia                |         3 |
| BE         | Belgium                  |         1 |
| BR         | Brazil                   |         2 |
| CA         | Canada                   |         2 |
| CH         | Switzerland              |         1 |
| CN         | China                    |         3 |
| DE         | Germany                  |         1 |
| DK         | Denmark                  |         1 |
| EG         | Egypt                    |         4 |
| FR         | France                   |         1 |
| HK         | HongKong                 |         3 |
| IL         | Israel                   |         4 |
| IN         | India                    |         3 |
| IT         | Italy                    |         1 |
| JP         | Japan                    |         3 |
| KW         | Kuwait                   |         4 |
| MX         | Mexico                   |         2 |
| NG         | Nigeria                  |         4 |
| NL         | Netherlands              |         1 |
| SG         | Singapore                |         3 |
| UK         | United Kingdom           |         1 |
| US         | United States of America |         2 |
| ZM         | Zambia                   |         4 |
| ZW         | Zimbabwe                 |         4 |
+------------+--------------------------+-----------+
25 rows in set (0.00 sec)

MariaDB [csd2204w18]> select COUNTRY_ID from countries WHERE COUNTRY_NAME like 'HONGKONG';
+------------+
| COUNTRY_ID |
+------------+
| HK         |
+------------+
1 row in set (0.02 sec)

MariaDB [csd2204w18]> CREATE TABLE Products (    Code INTEGER(3) AUTO_INCREMENT,    Name VARCHAR(255) NOT NULL ,    Price DECIMAL NOT NULL ,    Manufacturer INTEGER(3),    CONSTRAINT PK_PRODUCTS PRIMARY KEY (Code),    CONSTRAINT FK_PRODUCTS FOREIGN KEY (Manufacturer) REFERENCES manu(Code)     );
ERROR 1005 (HY000): Can't create table `csd2204w18`.`products` (errno: 150 "Foreign key constraint is incorrectly formed")
MariaDB [csd2204w18]> CREATE TABLE Products (    Code INTEGER(3) AUTO_INCREMENT,    Name VARCHAR(255) NOT NULL ,    Price DECIMAL NOT NULL ,    Manufacturer INTEGER(3),    CONSTRAINT PK_PRODUCTS PRIMARY KEY (Code),    CONSTRAINT FK_PRODUCTS FOREIGN KEY (Manufacturer) REFERENCES manu(Code)     );
ERROR 1005 (HY000): Can't create table `csd2204w18`.`products` (errno: 150 "Foreign key constraint is incorrectly formed")
MariaDB [csd2204w18]>  CREATE TABLE manu(Code INTEGER(3) AUTO_INCREMENT ,Name VARCHAR(50) NOT NULL,CONSTRAINT PK_MANU PRIMARY KEY (CODE));
Query OK, 0 rows affected (0.23 sec)

MariaDB [csd2204w18]> INSERT INTO manu(Name) VALUES('Sony');INSERT INTO manu(Name) VALUES('Creative Labs');INSERT INTO manu(Name) VALUES('Hewlett-Packard');INSERT INTO manu(Name) VALUES('Iomega');INSERT INTO manu(Name) VALUES('Fujitsu');INSERT INTO manu(Name) VALUES('Winchester');INSERT INTO manu(Name) VALUES('moxDroid Labs Inc');INSERT INTO manu(Name) VALUES("Dell");INSERT INTO manu(Name) VALUES("Bell Labs");
Query OK, 1 row affected (0.10 sec)

Query OK, 1 row affected (0.07 sec)

Query OK, 1 row affected (0.05 sec)

Query OK, 1 row affected (0.09 sec)

Query OK, 1 row affected (0.09 sec)

Query OK, 1 row affected (0.04 sec)

Query OK, 1 row affected (0.04 sec)

Query OK, 1 row affected (0.05 sec)

Query OK, 1 row affected (0.04 sec)

MariaDB [csd2204w18]> CREATE TABLE Products (    Code INTEGER(3) AUTO_INCREMENT,    Name VARCHAR(255) NOT NULL ,    Price DECIMAL NOT NULL ,    Manufacturer INTEGER(3),    CONSTRAINT PK_PRODUCTS PRIMARY KEY (Code),    CONSTRAINT FK_PRODUCTS FOREIGN KEY (Manufacturer) REFERENCES manu(Code)     );
Query OK, 0 rows affected (0.19 sec)

MariaDB [csd2204w18]> INSERT INTO Products(Name,Price,Manufacturer) VALUES('Hard drive',240,5);INSERT INTO Products(Name,Price,Manufacturer) VALUES('Memory',120,6);INSERT INTO Products(Name,Price,Manufacturer) VALUES('ZIP drive',150,4);INSERT INTO Products(Name,Price,Manufacturer) VALUES('Floppy disk',5,6);INSERT INTO Products(Name,Price,Manufacturer) VALUES('Monitor',240,1);INSERT INTO Products(Name,Price,Manufacturer) VALUES('DVD drive',180,2);INSERT INTO Products(Name,Price,Manufacturer) VALUES('CD drive',90,2);INSERT INTO Products(Name,Price,Manufacturer) VALUES('Printer',270,3);INSERT INTO Products(Name,Price,Manufacturer) VALUES('Toner cartridge',66,3);INSERT INTO Products(Name,Price,Manufacturer) VALUES('DVD burner',180,2);INSERT INTO Products(Name,Price,Manufacturer) VALUES('Printer',40.00,7);INSERT INTO Products(Name,Price,Manufacturer) VALUES('Toner cartridge',54.00,7);INSERT INTO Products(Name,Price,Manufacturer) VALUES('DVD burner',78.00,7);
Query OK, 1 row affected (0.14 sec)

Query OK, 1 row affected (0.07 sec)

Query OK, 1 row affected (0.13 sec)

Query OK, 1 row affected (0.08 sec)

Query OK, 1 row affected (0.05 sec)

Query OK, 1 row affected (0.04 sec)

Query OK, 1 row affected (0.03 sec)

Query OK, 1 row affected (0.04 sec)

Query OK, 1 row affected (0.04 sec)

Query OK, 1 row affected (0.05 sec)

Query OK, 1 row affected (0.04 sec)

Query OK, 1 row affected (0.03 sec)

Query OK, 1 row affected (0.04 sec)

MariaDB [csd2204w18]> select price from products where name like 'Memory' INTO Mprice;
ERROR 1327 (42000): Undeclared variable: Mprice
MariaDB [csd2204w18]> select price from products where name like 'Memory' INTO @Mprice;
Query OK, 1 row affected (0.00 sec)

MariaDB [csd2204w18]> select @Mprice;
+---------+
| @Mprice |
+---------+
|     120 |
+---------+
1 row in set (0.00 sec)

MariaDB [csd2204w18]> selecr @Mprice=price from products where name like 'Memory';
ERROR 1064 (42000): You have an error in your SQL syntax; check the manual that corresponds to your MariaDB server version for the right syntax to use near 'selecr @Mprice=price from products where name like 'Memory'' at line 1
MariaDB [csd2204w18]> select @Mprice=price from products where name like 'Memory';
+---------------+
| @Mprice=price |
+---------------+
|             1 |
+---------------+
1 row in set (0.00 sec)

MariaDB [csd2204w18]> CREATE TABLE animals (     id MEDIUMINT NOT NULL AUTO_INCREMENT,     name CHAR(30) NOT NULL,     CONSTRAINT PK_animals PRIMARY KEY (id));
Query OK, 0 rows affected (0.20 sec)

MariaDB [csd2204w18]> INSERT INTO animals (name) VALUES    ('dog'),('cat'),('penguin'),    ('lax'),('whale'),('ostrich');
Query OK, 6 rows affected (0.06 sec)
Records: 6  Duplicates: 0  Warnings: 0

MariaDB [csd2204w18]> select * from animals;
+----+---------+
| id | name    |
+----+---------+
|  1 | dog     |
|  2 | cat     |
|  3 | penguin |
|  4 | lax     |
|  5 | whale   |
|  6 | ostrich |
+----+---------+
6 rows in set (0.00 sec)

MariaDB [csd2204w18]> LOAD DATA INFILE '/C:/xampp/pet.txt'INTO TABLE PET;
ERROR 1146 (42S02): Table 'csd2204w18.pet' doesn't exist
MariaDB [csd2204w18]> LOAD DATA INFILE '/C:/xampp/pet.txt'INTO TABLE PET;
ERROR 1146 (42S02): Table 'csd2204w18.pet' doesn't exist
MariaDB [csd2204w18]> LOAD DATA INFILE 'C:/xampp/pet.txt'INTO TABLE PET;
ERROR 1146 (42S02): Table 'csd2204w18.pet' doesn't exist
MariaDB [csd2204w18]> LOAD DATA INFILE 'C:/xampp/pet.txt'INTO TABLE PET;
ERROR 1146 (42S02): Table 'csd2204w18.pet' doesn't exist
MariaDB [csd2204w18]> CREATE TABLE pet (name VARCHAR(20), owner VARCHAR(20),    species VARCHAR(20),     sex CHAR(1),     birth DATE,     death DATE);
Query OK, 0 rows affected (0.19 sec)

MariaDB [csd2204w18]> LOAD DATA INFILE 'C:/xampp/pet.txt'INTO TABLE PET;
Query OK, 8 rows affected, 7 warnings (0.07 sec)
Records: 8  Deleted: 0  Skipped: 0  Warnings: 7

MariaDB [csd2204w18]> selct * from animals;
ERROR 1064 (42000): You have an error in your SQL syntax; check the manual that corresponds to your MariaDB server version for the right syntax to use near 'selct * from animals' at line 1
MariaDB [csd2204w18]> select * from animals;
+----+---------+
| id | name    |
+----+---------+
|  1 | dog     |
|  2 | cat     |
|  3 | penguin |
|  4 | lax     |
|  5 | whale   |
|  6 | ostrich |
+----+---------+
6 rows in set (0.00 sec)

MariaDB [csd2204w18]> insert into animals (id,name) values (7,'kangaroo');
Query OK, 1 row affected (0.13 sec)

MariaDB [csd2204w18]> select * from animals;
+----+----------+
| id | name     |
+----+----------+
|  1 | dog      |
|  2 | cat      |
|  3 | penguin  |
|  4 | lax      |
|  5 | whale    |
|  6 | ostrich  |
|  7 | kangaroo |
+----+----------+
7 rows in set (0.00 sec)

MariaDB [csd2204w18]> insert into animals (id,name) values (10,'panda');
Query OK, 1 row affected (0.07 sec)

MariaDB [csd2204w18]> select * from animals;
+----+----------+
| id | name     |
+----+----------+
|  1 | dog      |
|  2 | cat      |
|  3 | penguin  |
|  4 | lax      |
|  5 | whale    |
|  6 | ostrich  |
|  7 | kangaroo |
| 10 | panda    |
+----+----------+
8 rows in set (0.00 sec)

MariaDB [csd2204w18]> insert into animals (id,name) values ('kangaroo');
ERROR 1136 (21S01): Column count doesn't match value count at row 1
MariaDB [csd2204w18]> insert into animals (id,name) values (,'kangaroo');
ERROR 1064 (42000): You have an error in your SQL syntax; check the manual that corresponds to your MariaDB server version for the right syntax to use near ''kangaroo')' at line 1
MariaDB [csd2204w18]> insert into animals (name) values (,'kangaroo');
ERROR 1064 (42000): You have an error in your SQL syntax; check the manual that corresponds to your MariaDB server version for the right syntax to use near ''kangaroo')' at line 1
MariaDB [csd2204w18]> insert into animals (name) values ('kangaroo');
Query OK, 1 row affected (0.06 sec)

MariaDB [csd2204w18]> select * from animals;
+----+----------+
| id | name     |
+----+----------+
|  1 | dog      |
|  2 | cat      |
|  3 | penguin  |
|  4 | lax      |
|  5 | whale    |
|  6 | ostrich  |
|  7 | kangaroo |
| 10 | panda    |
| 11 | kangaroo |
+----+----------+
9 rows in set (0.00 sec)

MariaDB [csd2204w18]> delete fom animals where id = 11;
ERROR 1064 (42000): You have an error in your SQL syntax; check the manual that corresponds to your MariaDB server version for the right syntax to use near 'animals where id = 11' at line 1
MariaDB [csd2204w18]> delete from animals where id = 11;
Query OK, 1 row affected (0.10 sec)

MariaDB [csd2204w18]> insert into animals (name) values (tiger;)
ERROR 1064 (42000): You have an error in your SQL syntax; check the manual that corresponds to your MariaDB server version for the right syntax to use near '' at line 1
    -> insert into animals (name) values (tiger);
ERROR 1064 (42000): You have an error in your SQL syntax; check the manual that corresponds to your MariaDB server version for the right syntax to use near ')
insert into animals (name) values (tiger)' at line 1
MariaDB [csd2204w18]> insert into animals (name) values ('tiger');
Query OK, 1 row affected (0.03 sec)

MariaDB [csd2204w18]> select * from animals;
+----+----------+
| id | name     |
+----+----------+
|  1 | dog      |
|  2 | cat      |
|  3 | penguin  |
|  4 | lax      |
|  5 | whale    |
|  6 | ostrich  |
|  7 | kangaroo |
| 10 | panda    |
| 12 | tiger    |
+----+----------+
9 rows in set (0.00 sec)

MariaDB [csd2204w18]> insert into animals (name) values ('cheetah');
Query OK, 1 row affected (0.12 sec)

MariaDB [csd2204w18]> select * from animals;
+----+----------+
| id | name     |
+----+----------+
|  1 | dog      |
|  2 | cat      |
|  3 | penguin  |
|  4 | lax      |
|  5 | whale    |
|  6 | ostrich  |
|  7 | kangaroo |
| 10 | panda    |
| 12 | tiger    |
| 13 | cheetah  |
+----+----------+
10 rows in set (0.00 sec)

MariaDB [csd2204w18]> select last_insert_id();
+------------------+
| last_insert_id() |
+------------------+
|               13 |
+------------------+
1 row in set (0.12 sec)

MariaDB [csd2204w18]> insert into animals (id,name) values (15,'turtle');
Query OK, 1 row affected (0.15 sec)

MariaDB [csd2204w18]> select last_insert_id();
+------------------+
| last_insert_id() |
+------------------+
|               13 |
+------------------+
1 row in set (0.00 sec)

MariaDB [csd2204w18]> select * from animals;
+----+----------+
| id | name     |
+----+----------+
|  1 | dog      |
|  2 | cat      |
|  3 | penguin  |
|  4 | lax      |
|  5 | whale    |
|  6 | ostrich  |
|  7 | kangaroo |
| 10 | panda    |
| 12 | tiger    |
| 13 | cheetah  |
| 15 | turtle   |
+----+----------+
11 rows in set (0.00 sec)

MariaDB [csd2204w18]> select last_insert_id();
+------------------+
| last_insert_id() |
+------------------+
|               13 |
+------------------+
1 row in set (0.00 sec)

MariaDB [csd2204w18]> select name,price FROM products WHERE name = 'monitor' into outfile 'C:/xampp/result.txt';
Query OK, 1 row affected (0.12 sec)

MariaDB [csd2204w18]> insert into animals (name) values('deer');
Query OK, 1 row affected (0.12 sec)

MariaDB [csd2204w18]> select last_insert_id();
+------------------+
| last_insert_id() |
+------------------+
|               16 |
+------------------+
1 row in set (0.00 sec)

MariaDB [csd2204w18]> insert into animals (id,name) values (19,'beer');
Query OK, 1 row affected (0.14 sec)

MariaDB [csd2204w18]> select last_insert_id();
+------------------+
| last_insert_id() |
+------------------+
|               16 |
+------------------+
1 row in set (0.00 sec)

MariaDB [csd2204w18]> select * from animals;
+----+----------+
| id | name     |
+----+----------+
|  1 | dog      |
|  2 | cat      |
|  3 | penguin  |
|  4 | lax      |
|  5 | whale    |
|  6 | ostrich  |
|  7 | kangaroo |
| 10 | panda    |
| 12 | tiger    |
| 13 | cheetah  |
| 15 | turtle   |
| 16 | deer     |
| 19 | beer     |
+----+----------+
13 rows in set (0.00 sec)

MariaDB [csd2204w18]> insert into animals (id,name) values (17,'croc');
Query OK, 1 row affected (0.07 sec)

MariaDB [csd2204w18]> select * from animals;
+----+----------+
| id | name     |
+----+----------+
|  1 | dog      |
|  2 | cat      |
|  3 | penguin  |
|  4 | lax      |
|  5 | whale    |
|  6 | ostrich  |
|  7 | kangaroo |
| 10 | panda    |
| 12 | tiger    |
| 13 | cheetah  |
| 15 | turtle   |
| 16 | deer     |
| 17 | croc     |
| 19 | beer     |
+----+----------+
14 rows in set (0.00 sec)

MariaDB [csd2204w18]> show tables;
+----------------------+
| Tables_in_csd2204w18 |
+----------------------+
| animals              |
| countries            |
| departments          |
| employees            |
| job_history          |
| jobs                 |
| locations            |
| manu                 |
| pet                  |
| products             |
| regions              |
+----------------------+
11 rows in set (0.00 sec)

MariaDB [csd2204w18]> select * from employess;
ERROR 1146 (42S02): Table 'csd2204w18.employess' doesn't exist
MariaDB [csd2204w18]> select * from employees;
+-------------+-------------+-------------+----------+--------------------+------------+------------+----------+----------------+------------+---------------+
| EMPLOYEE_ID | FIRST_NAME  | LAST_NAME   | EMAIL    | PHONE_NUMBER       | HIRE_DATE  | JOB_ID     | SALARY   | COMMISSION_PCT | MANAGER_ID | DEPARTMENT_ID |
+-------------+-------------+-------------+----------+--------------------+------------+------------+----------+----------------+------------+---------------+
|         100 | Steven      | King        | SKING    | 515.123.4567       | 1987-06-17 | AD_PRES    | 24000.00 |           0.00 |          0 |            90 |
|         101 | Neena       | Kochhar     | NKOCHHAR | 515.123.4568       | 1987-06-18 | AD_VP      | 17000.00 |           0.00 |        100 |            90 |
|         102 | Lex         | De Haan     | LDEHAAN  | 515.123.4569       | 1987-06-19 | AD_VP      | 17000.00 |           0.00 |        100 |            90 |
|         103 | Alexander   | Hunold      | AHUNOLD  | 590.423.4567       | 1987-06-20 | IT_PROG    |  9000.00 |           0.00 |        102 |            60 |
|         104 | Bruce       | Ernst       | BERNST   | 590.423.4568       | 1987-06-21 | IT_PROG    |  6000.00 |           0.00 |        103 |            60 |
|         105 | David       | Austin      | DAUSTIN  | 590.423.4569       | 1987-06-22 | IT_PROG    |  4800.00 |           0.00 |        103 |            60 |
|         106 | Valli       | Pataballa   | VPATABAL | 590.423.4560       | 1987-06-23 | IT_PROG    |  4800.00 |           0.00 |        103 |            60 |
|         107 | Diana       | Lorentz     | DLORENTZ | 590.423.5567       | 1987-06-24 | IT_PROG    |  4200.00 |           0.00 |        103 |            60 |
|         108 | Nancy       | Greenberg   | NGREENBE | 515.124.4569       | 1987-06-25 | FI_MGR     | 12000.00 |           0.00 |        101 |           100 |
|         109 | Daniel      | Faviet      | DFAVIET  | 515.124.4169       | 1987-06-26 | FI_ACCOUNT |  9000.00 |           0.00 |        108 |           100 |
|         110 | John        | Chen        | JCHEN    | 515.124.4269       | 1987-06-27 | FI_ACCOUNT |  8200.00 |           0.00 |        108 |           100 |
|         111 | Ismael      | Sciarra     | ISCIARRA | 515.124.4369       | 1987-06-28 | FI_ACCOUNT |  7700.00 |           0.00 |        108 |           100 |
|         112 | Jose Manuel | Urman       | JMURMAN  | 515.124.4469       | 1987-06-29 | FI_ACCOUNT |  7800.00 |           0.00 |        108 |           100 |
|         113 | Luis        | Popp        | LPOPP    | 515.124.4567       | 1987-06-30 | FI_ACCOUNT |  6900.00 |           0.00 |        108 |           100 |
|         114 | Den         | Raphaely    | DRAPHEAL | 515.127.4561       | 1987-07-01 | PU_MAN     | 11000.00 |           0.00 |        100 |            30 |
|         115 | Alexander   | Khoo        | AKHOO    | 515.127.4562       | 1987-07-02 | PU_CLERK   |  3100.00 |           0.00 |        114 |            30 |
|         116 | Shelli      | Baida       | SBAIDA   | 515.127.4563       | 1987-07-03 | PU_CLERK   |  2900.00 |           0.00 |        114 |            30 |
|         117 | Sigal       | Tobias      | STOBIAS  | 515.127.4564       | 1987-07-04 | PU_CLERK   |  2800.00 |           0.00 |        114 |            30 |
|         118 | Guy         | Himuro      | GHIMURO  | 515.127.4565       | 1987-07-05 | PU_CLERK   |  2600.00 |           0.00 |        114 |            30 |
|         119 | Karen       | Colmenares  | KCOLMENA | 515.127.4566       | 1987-07-06 | PU_CLERK   |  2500.00 |           0.00 |        114 |            30 |
|         120 | Matthew     | Weiss       | MWEISS   | 650.123.1234       | 1987-07-07 | ST_MAN     |  8000.00 |           0.00 |        100 |            50 |
|         121 | Adam        | Fripp       | AFRIPP   | 650.123.2234       | 1987-07-08 | ST_MAN     |  8200.00 |           0.00 |        100 |            50 |
|         122 | Payam       | Kaufling    | PKAUFLIN | 650.123.3234       | 1987-07-09 | ST_MAN     |  7900.00 |           0.00 |        100 |            50 |
|         123 | Shanta      | Vollman     | SVOLLMAN | 650.123.4234       | 1987-07-10 | ST_MAN     |  6500.00 |           0.00 |        100 |            50 |
|         124 | Kevin       | Mourgos     | KMOURGOS | 650.123.5234       | 1987-07-11 | ST_MAN     |  5800.00 |           0.00 |        100 |            50 |
|         125 | Julia       | Nayer       | JNAYER   | 650.124.1214       | 1987-07-12 | ST_CLERK   |  3200.00 |           0.00 |        120 |            50 |
|         126 | Irene       | Mikkilineni | IMIKKILI | 650.124.1224       | 1987-07-13 | ST_CLERK   |  2700.00 |           0.00 |        120 |            50 |
|         127 | James       | Landry      | JLANDRY  | 650.124.1334       | 1987-07-14 | ST_CLERK   |  2400.00 |           0.00 |        120 |            50 |
|         128 | Steven      | Markle      | SMARKLE  | 650.124.1434       | 1987-07-15 | ST_CLERK   |  2200.00 |           0.00 |        120 |            50 |
|         129 | Laura       | Bissot      | LBISSOT  | 650.124.5234       | 1987-07-16 | ST_CLERK   |  3300.00 |           0.00 |        121 |            50 |
|         130 | Mozhe       | Atkinson    | MATKINSO | 650.124.6234       | 1987-07-17 | ST_CLERK   |  2800.00 |           0.00 |        121 |            50 |
|         131 | James       | Marlow      | JAMRLOW  | 650.124.7234       | 1987-07-18 | ST_CLERK   |  2500.00 |           0.00 |        121 |            50 |
|         132 | TJ          | Olson       | TJOLSON  | 650.124.8234       | 1987-07-19 | ST_CLERK   |  2100.00 |           0.00 |        121 |            50 |
|         133 | Jason       | Mallin      | JMALLIN  | 650.127.1934       | 1987-07-20 | ST_CLERK   |  3300.00 |           0.00 |        122 |            50 |
|         134 | Michael     | Rogers      | MROGERS  | 650.127.1834       | 1987-07-21 | ST_CLERK   |  2900.00 |           0.00 |        122 |            50 |
|         135 | Ki          | Gee         | KGEE     | 650.127.1734       | 1987-07-22 | ST_CLERK   |  2400.00 |           0.00 |        122 |            50 |
|         136 | Hazel       | Philtanker  | HPHILTAN | 650.127.1634       | 1987-07-23 | ST_CLERK   |  2200.00 |           0.00 |        122 |            50 |
|         137 | Renske      | Ladwig      | RLADWIG  | 650.121.1234       | 1987-07-24 | ST_CLERK   |  3600.00 |           0.00 |        123 |            50 |
|         138 | Stephen     | Stiles      | SSTILES  | 650.121.2034       | 1987-07-25 | ST_CLERK   |  3200.00 |           0.00 |        123 |            50 |
|         139 | John        | Seo         | JSEO     | 650.121.2019       | 1987-07-26 | ST_CLERK   |  2700.00 |           0.00 |        123 |            50 |
|         140 | Joshua      | Patel       | JPATEL   | 650.121.1834       | 1987-07-27 | ST_CLERK   |  2500.00 |           0.00 |        123 |            50 |
|         141 | Trenna      | Rajs        | TRAJS    | 650.121.8009       | 1987-07-28 | ST_CLERK   |  3500.00 |           0.00 |        124 |            50 |
|         142 | Curtis      | Davies      | CDAVIES  | 650.121.2994       | 1987-07-29 | ST_CLERK   |  3100.00 |           0.00 |        124 |            50 |
|         143 | Randall     | Matos       | RMATOS   | 650.121.2874       | 1987-07-30 | ST_CLERK   |  2600.00 |           0.00 |        124 |            50 |
|         144 | Peter       | Vargas      | PVARGAS  | 650.121.2004       | 1987-07-31 | ST_CLERK   |  2500.00 |           0.00 |        124 |            50 |
|         145 | John        | Russell     | JRUSSEL  | 011.44.1344.429268 | 1987-08-01 | SA_MAN     | 14000.00 |           0.40 |        100 |            80 |
|         146 | Karen       | Partners    | KPARTNER | 011.44.1344.467268 | 1987-08-02 | SA_MAN     | 13500.00 |           0.30 |        100 |            80 |
|         147 | Alberto     | Errazuriz   | AERRAZUR | 011.44.1344.429278 | 1987-08-03 | SA_MAN     | 12000.00 |           0.30 |        100 |            80 |
|         148 | Gerald      | Cambrault   | GCAMBRAU | 011.44.1344.619268 | 1987-08-04 | SA_MAN     | 11000.00 |           0.30 |        100 |            80 |
|         149 | Eleni       | Zlotkey     | EZLOTKEY | 011.44.1344.429018 | 1987-08-05 | SA_MAN     | 10500.00 |           0.20 |        100 |            80 |
|         150 | Peter       | Tucker      | PTUCKER  | 011.44.1344.129268 | 1987-08-06 | SA_REP     | 10000.00 |           0.30 |        145 |            80 |
|         151 | David       | Bernstein   | DBERNSTE | 011.44.1344.345268 | 1987-08-07 | SA_REP     |  9500.00 |           0.25 |        145 |            80 |
|         152 | Peter       | Hall        | PHALL    | 011.44.1344.478968 | 1987-08-08 | SA_REP     |  9000.00 |           0.25 |        145 |            80 |
|         153 | Christopher | Olsen       | COLSEN   | 011.44.1344.498718 | 1987-08-09 | SA_REP     |  8000.00 |           0.20 |        145 |            80 |
|         154 | Nanette     | Cambrault   | NCAMBRAU | 011.44.1344.987668 | 1987-08-10 | SA_REP     |  7500.00 |           0.20 |        145 |            80 |
|         155 | Oliver      | Tuvault     | OTUVAULT | 011.44.1344.486508 | 1987-08-11 | SA_REP     |  7000.00 |           0.15 |        145 |            80 |
|         156 | Janette     | King        | JKING    | 011.44.1345.429268 | 1987-08-12 | SA_REP     | 10000.00 |           0.35 |        146 |            80 |
|         157 | Patrick     | Sully       | PSULLY   | 011.44.1345.929268 | 1987-08-13 | SA_REP     |  9500.00 |           0.35 |        146 |            80 |
|         158 | Allan       | McEwen      | AMCEWEN  | 011.44.1345.829268 | 1987-08-14 | SA_REP     |  9000.00 |           0.35 |        146 |            80 |
|         159 | Lindsey     | Smith       | LSMITH   | 011.44.1345.729268 | 1987-08-15 | SA_REP     |  8000.00 |           0.30 |        146 |            80 |
|         160 | Louise      | Doran       | LDORAN   | 011.44.1345.629268 | 1987-08-16 | SA_REP     |  7500.00 |           0.30 |        146 |            80 |
|         161 | Sarath      | Sewall      | SSEWALL  | 011.44.1345.529268 | 1987-08-17 | SA_REP     |  7000.00 |           0.25 |        146 |            80 |
|         162 | Clara       | Vishney     | CVISHNEY | 011.44.1346.129268 | 1987-08-18 | SA_REP     | 10500.00 |           0.25 |        147 |            80 |
|         163 | Danielle    | Greene      | DGREENE  | 011.44.1346.229268 | 1987-08-19 | SA_REP     |  9500.00 |           0.15 |        147 |            80 |
|         164 | Mattea      | Marvins     | MMARVINS | 011.44.1346.329268 | 1987-08-20 | SA_REP     |  7200.00 |           0.10 |        147 |            80 |
|         165 | David       | Lee         | DLEE     | 011.44.1346.529268 | 1987-08-21 | SA_REP     |  6800.00 |           0.10 |        147 |            80 |
|         166 | Sundar      | Ande        | SANDE    | 011.44.1346.629268 | 1987-08-22 | SA_REP     |  6400.00 |           0.10 |        147 |            80 |
|         167 | Amit        | Banda       | ABANDA   | 011.44.1346.729268 | 1987-08-23 | SA_REP     |  6200.00 |           0.10 |        147 |            80 |
|         168 | Lisa        | Ozer        | LOZER    | 011.44.1343.929268 | 1987-08-24 | SA_REP     | 11500.00 |           0.25 |        148 |            80 |
|         169 | Harrison    | Bloom       | HBLOOM   | 011.44.1343.829268 | 1987-08-25 | SA_REP     | 10000.00 |           0.20 |        148 |            80 |
|         170 | Tayler      | Fox         | TFOX     | 011.44.1343.729268 | 1987-08-26 | SA_REP     |  9600.00 |           0.20 |        148 |            80 |
|         171 | William     | Smith       | WSMITH   | 011.44.1343.629268 | 1987-08-27 | SA_REP     |  7400.00 |           0.15 |        148 |            80 |
|         172 | Elizabeth   | Bates       | EBATES   | 011.44.1343.529268 | 1987-08-28 | SA_REP     |  7300.00 |           0.15 |        148 |            80 |
|         173 | Sundita     | Kumar       | SKUMAR   | 011.44.1343.329268 | 1987-08-29 | SA_REP     |  6100.00 |           0.10 |        148 |            80 |
|         174 | Ellen       | Abel        | EABEL    | 011.44.1644.429267 | 1987-08-30 | SA_REP     | 11000.00 |           0.30 |        149 |            80 |
|         175 | Alyssa      | Hutton      | AHUTTON  | 011.44.1644.429266 | 1987-08-31 | SA_REP     |  8800.00 |           0.25 |        149 |            80 |
|         176 | Jonathon    | Taylor      | JTAYLOR  | 011.44.1644.429265 | 1987-09-01 | SA_REP     |  8600.00 |           0.20 |        149 |            80 |
|         177 | Jack        | Livingston  | JLIVINGS | 011.44.1644.429264 | 1987-09-02 | SA_REP     |  8400.00 |           0.20 |        149 |            80 |
|         178 | Kimberely   | Grant       | KGRANT   | 011.44.1644.429263 | 1987-09-03 | SA_REP     |  7000.00 |           0.15 |        149 |             0 |
|         179 | Charles     | Johnson     | CJOHNSON | 011.44.1644.429262 | 1987-09-04 | SA_REP     |  6200.00 |           0.10 |        149 |            80 |
|         180 | Winston     | Taylor      | WTAYLOR  | 650.507.9876       | 1987-09-05 | SH_CLERK   |  3200.00 |           0.00 |        120 |            50 |
|         181 | Jean        | Fleaur      | JFLEAUR  | 650.507.9877       | 1987-09-06 | SH_CLERK   |  3100.00 |           0.00 |        120 |            50 |
|         182 | Martha      | Sullivan    | MSULLIVA | 650.507.9878       | 1987-09-07 | SH_CLERK   |  2500.00 |           0.00 |        120 |            50 |
|         183 | Girard      | Geoni       | GGEONI   | 650.507.9879       | 1987-09-08 | SH_CLERK   |  2800.00 |           0.00 |        120 |            50 |
|         184 | Nandita     | Sarchand    | NSARCHAN | 650.509.1876       | 1987-09-09 | SH_CLERK   |  4200.00 |           0.00 |        121 |            50 |
|         185 | Alexis      | Bull        | ABULL    | 650.509.2876       | 1987-09-10 | SH_CLERK   |  4100.00 |           0.00 |        121 |            50 |
|         186 | Julia       | Dellinger   | JDELLING | 650.509.3876       | 1987-09-11 | SH_CLERK   |  3400.00 |           0.00 |        121 |            50 |
|         187 | Anthony     | Cabrio      | ACABRIO  | 650.509.4876       | 1987-09-12 | SH_CLERK   |  3000.00 |           0.00 |        121 |            50 |
|         188 | Kelly       | Chung       | KCHUNG   | 650.505.1876       | 1987-09-13 | SH_CLERK   |  3800.00 |           0.00 |        122 |            50 |
|         189 | Jennifer    | Dilly       | JDILLY   | 650.505.2876       | 1987-09-14 | SH_CLERK   |  3600.00 |           0.00 |        122 |            50 |
|         190 | Timothy     | Gates       | TGATES   | 650.505.3876       | 1987-09-15 | SH_CLERK   |  2900.00 |           0.00 |        122 |            50 |
|         191 | Randall     | Perkins     | RPERKINS | 650.505.4876       | 1987-09-16 | SH_CLERK   |  2500.00 |           0.00 |        122 |            50 |
|         192 | Sarah       | Bell        | SBELL    | 650.501.1876       | 1987-09-17 | SH_CLERK   |  4000.00 |           0.00 |        123 |            50 |
|         193 | Britney     | Everett     | BEVERETT | 650.501.2876       | 1987-09-18 | SH_CLERK   |  3900.00 |           0.00 |        123 |            50 |
|         194 | Samuel      | McCain      | SMCCAIN  | 650.501.3876       | 1987-09-19 | SH_CLERK   |  3200.00 |           0.00 |        123 |            50 |
|         195 | Vance       | Jones       | VJONES   | 650.501.4876       | 1987-09-20 | SH_CLERK   |  2800.00 |           0.00 |        123 |            50 |
|         196 | Alana       | Walsh       | AWALSH   | 650.507.9811       | 1987-09-21 | SH_CLERK   |  3100.00 |           0.00 |        124 |            50 |
|         197 | Kevin       | Feeney      | KFEENEY  | 650.507.9822       | 1987-09-22 | SH_CLERK   |  3000.00 |           0.00 |        124 |            50 |
|         198 | Donald      | OConnell    | DOCONNEL | 650.507.9833       | 1987-09-23 | SH_CLERK   |  2600.00 |           0.00 |        124 |            50 |
|         199 | Douglas     | Grant       | DGRANT   | 650.507.9844       | 1987-09-24 | SH_CLERK   |  2600.00 |           0.00 |        124 |            50 |
|         200 | Jennifer    | Whalen      | JWHALEN  | 515.123.4444       | 1987-09-25 | AD_ASST    |  4400.00 |           0.00 |        101 |            10 |
|         201 | Michael     | Hartstein   | MHARTSTE | 515.123.5555       | 1987-09-26 | MK_MAN     | 13000.00 |           0.00 |        100 |            20 |
|         202 | Pat         | Fay         | PFAY     | 603.123.6666       | 1987-09-27 | MK_REP     |  6000.00 |           0.00 |        201 |            20 |
|         203 | Susan       | Mavris      | SMAVRIS  | 515.123.7777       | 1987-09-28 | HR_REP     |  6500.00 |           0.00 |        101 |            40 |
|         204 | Hermann     | Baer        | HBAER    | 515.123.8888       | 1987-09-29 | PR_REP     | 10000.00 |           0.00 |        101 |            70 |
|         205 | Shelley     | Higgins     | SHIGGINS | 515.123.8080       | 1987-09-30 | AC_MGR     | 12000.00 |           0.00 |        101 |           110 |
|         206 | William     | Gietz       | WGIETZ   | 515.123.8181       | 1987-10-01 | AC_ACCOUNT |  8300.00 |           0.00 |        205 |           110 |
+-------------+-------------+-------------+----------+--------------------+------------+------------+----------+----------------+------------+---------------+
107 rows in set (0.00 sec)

MariaDB [csd2204w18]> desc employees;
+----------------+--------------+------+-----+---------+-------+
| Field          | Type         | Null | Key | Default | Extra |
+----------------+--------------+------+-----+---------+-------+
| EMPLOYEE_ID    | decimal(6,0) | NO   | PRI | 0       |       |
| FIRST_NAME     | varchar(20)  | YES  |     | NULL    |       |
| LAST_NAME      | varchar(25)  | NO   | MUL | NULL    |       |
| EMAIL          | varchar(25)  | NO   | UNI | NULL    |       |
| PHONE_NUMBER   | varchar(20)  | YES  |     | NULL    |       |
| HIRE_DATE      | date         | NO   |     | NULL    |       |
| JOB_ID         | varchar(10)  | NO   | MUL | NULL    |       |
| SALARY         | decimal(8,2) | YES  |     | NULL    |       |
| COMMISSION_PCT | decimal(2,2) | YES  |     | NULL    |       |
| MANAGER_ID     | decimal(6,0) | YES  | MUL | NULL    |       |
| DEPARTMENT_ID  | decimal(4,0) | YES  | MUL | NULL    |       |
+----------------+--------------+------+-----+---------+-------+
11 rows in set (0.16 sec)

MariaDB [csd2204w18]> select FIRST_NAME,LAST_NAME from employees;
+-------------+-------------+
| FIRST_NAME  | LAST_NAME   |
+-------------+-------------+
| Ellen       | Abel        |
| Sundar      | Ande        |
| Mozhe       | Atkinson    |
| David       | Austin      |
| Hermann     | Baer        |
| Shelli      | Baida       |
| Amit        | Banda       |
| Elizabeth   | Bates       |
| Sarah       | Bell        |
| David       | Bernstein   |
| Laura       | Bissot      |
| Harrison    | Bloom       |
| Alexis      | Bull        |
| Anthony     | Cabrio      |
| Gerald      | Cambrault   |
| Nanette     | Cambrault   |
| John        | Chen        |
| Kelly       | Chung       |
| Karen       | Colmenares  |
| Curtis      | Davies      |
| Lex         | De Haan     |
| Julia       | Dellinger   |
| Jennifer    | Dilly       |
| Louise      | Doran       |
| Bruce       | Ernst       |
| Alberto     | Errazuriz   |
| Britney     | Everett     |
| Daniel      | Faviet      |
| Pat         | Fay         |
| Kevin       | Feeney      |
| Jean        | Fleaur      |
| Tayler      | Fox         |
| Adam        | Fripp       |
| Timothy     | Gates       |
| Ki          | Gee         |
| Girard      | Geoni       |
| William     | Gietz       |
| Douglas     | Grant       |
| Kimberely   | Grant       |
| Nancy       | Greenberg   |
| Danielle    | Greene      |
| Peter       | Hall        |
| Michael     | Hartstein   |
| Shelley     | Higgins     |
| Guy         | Himuro      |
| Alexander   | Hunold      |
| Alyssa      | Hutton      |
| Charles     | Johnson     |
| Vance       | Jones       |
| Payam       | Kaufling    |
| Alexander   | Khoo        |
| Janette     | King        |
| Steven      | King        |
| Neena       | Kochhar     |
| Sundita     | Kumar       |
| Renske      | Ladwig      |
| James       | Landry      |
| David       | Lee         |
| Jack        | Livingston  |
| Diana       | Lorentz     |
| Jason       | Mallin      |
| Steven      | Markle      |
| James       | Marlow      |
| Mattea      | Marvins     |
| Randall     | Matos       |
| Susan       | Mavris      |
| Samuel      | McCain      |
| Allan       | McEwen      |
| Irene       | Mikkilineni |
| Kevin       | Mourgos     |
| Julia       | Nayer       |
| Donald      | OConnell    |
| Christopher | Olsen       |
| TJ          | Olson       |
| Lisa        | Ozer        |
| Karen       | Partners    |
| Valli       | Pataballa   |
| Joshua      | Patel       |
| Randall     | Perkins     |
| Hazel       | Philtanker  |
| Luis        | Popp        |
| Trenna      | Rajs        |
| Den         | Raphaely    |
| Michael     | Rogers      |
| John        | Russell     |
| Nandita     | Sarchand    |
| Ismael      | Sciarra     |
| John        | Seo         |
| Sarath      | Sewall      |
| Lindsey     | Smith       |
| William     | Smith       |
| Stephen     | Stiles      |
| Martha      | Sullivan    |
| Patrick     | Sully       |
| Jonathon    | Taylor      |
| Winston     | Taylor      |
| Sigal       | Tobias      |
| Peter       | Tucker      |
| Oliver      | Tuvault     |
| Jose Manuel | Urman       |
| Peter       | Vargas      |
| Clara       | Vishney     |
| Shanta      | Vollman     |
| Alana       | Walsh       |
| Matthew     | Weiss       |
| Jennifer    | Whalen      |
| Eleni       | Zlotkey     |
+-------------+-------------+
107 rows in set (0.00 sec)

MariaDB [csd2204w18]> select first_name,last_name,salary from employees where salary > (select salary from employees where last_name="BULL");
+-------------+------------+----------+
| first_name  | last_name  | salary   |
+-------------+------------+----------+
| Steven      | King       | 24000.00 |
| Neena       | Kochhar    | 17000.00 |
| Lex         | De Haan    | 17000.00 |
| Alexander   | Hunold     |  9000.00 |
| Bruce       | Ernst      |  6000.00 |
| David       | Austin     |  4800.00 |
| Valli       | Pataballa  |  4800.00 |
| Diana       | Lorentz    |  4200.00 |
| Nancy       | Greenberg  | 12000.00 |
| Daniel      | Faviet     |  9000.00 |
| John        | Chen       |  8200.00 |
| Ismael      | Sciarra    |  7700.00 |
| Jose Manuel | Urman      |  7800.00 |
| Luis        | Popp       |  6900.00 |
| Den         | Raphaely   | 11000.00 |
| Matthew     | Weiss      |  8000.00 |
| Adam        | Fripp      |  8200.00 |
| Payam       | Kaufling   |  7900.00 |
| Shanta      | Vollman    |  6500.00 |
| Kevin       | Mourgos    |  5800.00 |
| John        | Russell    | 14000.00 |
| Karen       | Partners   | 13500.00 |
| Alberto     | Errazuriz  | 12000.00 |
| Gerald      | Cambrault  | 11000.00 |
| Eleni       | Zlotkey    | 10500.00 |
| Peter       | Tucker     | 10000.00 |
| David       | Bernstein  |  9500.00 |
| Peter       | Hall       |  9000.00 |
| Christopher | Olsen      |  8000.00 |
| Nanette     | Cambrault  |  7500.00 |
| Oliver      | Tuvault    |  7000.00 |
| Janette     | King       | 10000.00 |
| Patrick     | Sully      |  9500.00 |
| Allan       | McEwen     |  9000.00 |
| Lindsey     | Smith      |  8000.00 |
| Louise      | Doran      |  7500.00 |
| Sarath      | Sewall     |  7000.00 |
| Clara       | Vishney    | 10500.00 |
| Danielle    | Greene     |  9500.00 |
| Mattea      | Marvins    |  7200.00 |
| David       | Lee        |  6800.00 |
| Sundar      | Ande       |  6400.00 |
| Amit        | Banda      |  6200.00 |
| Lisa        | Ozer       | 11500.00 |
| Harrison    | Bloom      | 10000.00 |
| Tayler      | Fox        |  9600.00 |
| William     | Smith      |  7400.00 |
| Elizabeth   | Bates      |  7300.00 |
| Sundita     | Kumar      |  6100.00 |
| Ellen       | Abel       | 11000.00 |
| Alyssa      | Hutton     |  8800.00 |
| Jonathon    | Taylor     |  8600.00 |
| Jack        | Livingston |  8400.00 |
| Kimberely   | Grant      |  7000.00 |
| Charles     | Johnson    |  6200.00 |
| Nandita     | Sarchand   |  4200.00 |
| Jennifer    | Whalen     |  4400.00 |
| Michael     | Hartstein  | 13000.00 |
| Pat         | Fay        |  6000.00 |
| Susan       | Mavris     |  6500.00 |
| Hermann     | Baer       | 10000.00 |
| Shelley     | Higgins    | 12000.00 |
| William     | Gietz      |  8300.00 |
+-------------+------------+----------+
63 rows in set (0.04 sec)

MariaDB [csd2204w18]> select salary from employees where last_name='BULL';
+---------+
| salary  |
+---------+
| 4100.00 |
+---------+
1 row in set (0.00 sec)

MariaDB [csd2204w18]> select first_name,last_name,salary from employees where salary > (select salary from employees where last_name LIKE "BULL");
+-------------+------------+----------+
| first_name  | last_name  | salary   |
+-------------+------------+----------+
| Steven      | King       | 24000.00 |
| Neena       | Kochhar    | 17000.00 |
| Lex         | De Haan    | 17000.00 |
| Alexander   | Hunold     |  9000.00 |
| Bruce       | Ernst      |  6000.00 |
| David       | Austin     |  4800.00 |
| Valli       | Pataballa  |  4800.00 |
| Diana       | Lorentz    |  4200.00 |
| Nancy       | Greenberg  | 12000.00 |
| Daniel      | Faviet     |  9000.00 |
| John        | Chen       |  8200.00 |
| Ismael      | Sciarra    |  7700.00 |
| Jose Manuel | Urman      |  7800.00 |
| Luis        | Popp       |  6900.00 |
| Den         | Raphaely   | 11000.00 |
| Matthew     | Weiss      |  8000.00 |
| Adam        | Fripp      |  8200.00 |
| Payam       | Kaufling   |  7900.00 |
| Shanta      | Vollman    |  6500.00 |
| Kevin       | Mourgos    |  5800.00 |
| John        | Russell    | 14000.00 |
| Karen       | Partners   | 13500.00 |
| Alberto     | Errazuriz  | 12000.00 |
| Gerald      | Cambrault  | 11000.00 |
| Eleni       | Zlotkey    | 10500.00 |
| Peter       | Tucker     | 10000.00 |
| David       | Bernstein  |  9500.00 |
| Peter       | Hall       |  9000.00 |
| Christopher | Olsen      |  8000.00 |
| Nanette     | Cambrault  |  7500.00 |
| Oliver      | Tuvault    |  7000.00 |
| Janette     | King       | 10000.00 |
| Patrick     | Sully      |  9500.00 |
| Allan       | McEwen     |  9000.00 |
| Lindsey     | Smith      |  8000.00 |
| Louise      | Doran      |  7500.00 |
| Sarath      | Sewall     |  7000.00 |
| Clara       | Vishney    | 10500.00 |
| Danielle    | Greene     |  9500.00 |
| Mattea      | Marvins    |  7200.00 |
| David       | Lee        |  6800.00 |
| Sundar      | Ande       |  6400.00 |
| Amit        | Banda      |  6200.00 |
| Lisa        | Ozer       | 11500.00 |
| Harrison    | Bloom      | 10000.00 |
| Tayler      | Fox        |  9600.00 |
| William     | Smith      |  7400.00 |
| Elizabeth   | Bates      |  7300.00 |
| Sundita     | Kumar      |  6100.00 |
| Ellen       | Abel       | 11000.00 |
| Alyssa      | Hutton     |  8800.00 |
| Jonathon    | Taylor     |  8600.00 |
| Jack        | Livingston |  8400.00 |
| Kimberely   | Grant      |  7000.00 |
| Charles     | Johnson    |  6200.00 |
| Nandita     | Sarchand   |  4200.00 |
| Jennifer    | Whalen     |  4400.00 |
| Michael     | Hartstein  | 13000.00 |
| Pat         | Fay        |  6000.00 |
| Susan       | Mavris     |  6500.00 |
| Hermann     | Baer       | 10000.00 |
| Shelley     | Higgins    | 12000.00 |
| William     | Gietz      |  8300.00 |
+-------------+------------+----------+
63 rows in set (0.00 sec)

MariaDB [csd2204w18]> select first_name,last_name,salary from employees where salary > (select salary from employees where last_name="BULL");
+-------------+------------+----------+
| first_name  | last_name  | salary   |
+-------------+------------+----------+
| Steven      | King       | 24000.00 |
| Neena       | Kochhar    | 17000.00 |
| Lex         | De Haan    | 17000.00 |
| Alexander   | Hunold     |  9000.00 |
| Bruce       | Ernst      |  6000.00 |
| David       | Austin     |  4800.00 |
| Valli       | Pataballa  |  4800.00 |
| Diana       | Lorentz    |  4200.00 |
| Nancy       | Greenberg  | 12000.00 |
| Daniel      | Faviet     |  9000.00 |
| John        | Chen       |  8200.00 |
| Ismael      | Sciarra    |  7700.00 |
| Jose Manuel | Urman      |  7800.00 |
| Luis        | Popp       |  6900.00 |
| Den         | Raphaely   | 11000.00 |
| Matthew     | Weiss      |  8000.00 |
| Adam        | Fripp      |  8200.00 |
| Payam       | Kaufling   |  7900.00 |
| Shanta      | Vollman    |  6500.00 |
| Kevin       | Mourgos    |  5800.00 |
| John        | Russell    | 14000.00 |
| Karen       | Partners   | 13500.00 |
| Alberto     | Errazuriz  | 12000.00 |
| Gerald      | Cambrault  | 11000.00 |
| Eleni       | Zlotkey    | 10500.00 |
| Peter       | Tucker     | 10000.00 |
| David       | Bernstein  |  9500.00 |
| Peter       | Hall       |  9000.00 |
| Christopher | Olsen      |  8000.00 |
| Nanette     | Cambrault  |  7500.00 |
| Oliver      | Tuvault    |  7000.00 |
| Janette     | King       | 10000.00 |
| Patrick     | Sully      |  9500.00 |
| Allan       | McEwen     |  9000.00 |
| Lindsey     | Smith      |  8000.00 |
| Louise      | Doran      |  7500.00 |
| Sarath      | Sewall     |  7000.00 |
| Clara       | Vishney    | 10500.00 |
| Danielle    | Greene     |  9500.00 |
| Mattea      | Marvins    |  7200.00 |
| David       | Lee        |  6800.00 |
| Sundar      | Ande       |  6400.00 |
| Amit        | Banda      |  6200.00 |
| Lisa        | Ozer       | 11500.00 |
| Harrison    | Bloom      | 10000.00 |
| Tayler      | Fox        |  9600.00 |
| William     | Smith      |  7400.00 |
| Elizabeth   | Bates      |  7300.00 |
| Sundita     | Kumar      |  6100.00 |
| Ellen       | Abel       | 11000.00 |
| Alyssa      | Hutton     |  8800.00 |
| Jonathon    | Taylor     |  8600.00 |
| Jack        | Livingston |  8400.00 |
| Kimberely   | Grant      |  7000.00 |
| Charles     | Johnson    |  6200.00 |
| Nandita     | Sarchand   |  4200.00 |
| Jennifer    | Whalen     |  4400.00 |
| Michael     | Hartstein  | 13000.00 |
| Pat         | Fay        |  6000.00 |
| Susan       | Mavris     |  6500.00 |
| Hermann     | Baer       | 10000.00 |
| Shelley     | Higgins    | 12000.00 |
| William     | Gietz      |  8300.00 |
+-------------+------------+----------+
63 rows in set (0.00 sec)

MariaDB [csd2204w18]> select first_name,last_name,salary from employees where salary > (select salary from employees where first_name like 'n%');
ERROR 1242 (21000): Subquery returns more than 1 row
MariaDB [csd2204w18]> select first_name,last_name,salary from employees where salary > (select salary from employees where first_name like 'n%');
ERROR 1242 (21000): Subquery returns more than 1 row
MariaDB [csd2204w18]> select first_name,last_name,salary from employees where salary > (select salary from employees where first_name like 'n%');
ERROR 1242 (21000): Subquery returns more than 1 row
MariaDB [csd2204w18]> select salary from employees where first_name like 'n%'
    -> ;
+----------+
| salary   |
+----------+
| 17000.00 |
| 12000.00 |
|  7500.00 |
|  4200.00 |
+----------+
4 rows in set (0.00 sec)

MariaDB [csd2204w18]> show tables;
+----------------------+
| Tables_in_csd2204w18 |
+----------------------+
| animals              |
| countries            |
| departments          |
| employees            |
| job_history          |
| jobs                 |
| locations            |
| manu                 |
| pet                  |
| products             |
| regions              |
+----------------------+
11 rows in set (0.00 sec)

MariaDB [csd2204w18]> desc departments;
+-----------------+--------------+------+-----+---------+-------+
| Field           | Type         | Null | Key | Default | Extra |
+-----------------+--------------+------+-----+---------+-------+
| DEPARTMENT_ID   | decimal(4,0) | NO   | PRI | 0       |       |
| DEPARTMENT_NAME | varchar(30)  | NO   |     | NULL    |       |
| MANAGER_ID      | decimal(6,0) | YES  | MUL | NULL    |       |
| LOCATION_ID     | decimal(4,0) | YES  | MUL | NULL    |       |
+-----------------+--------------+------+-----+---------+-------+
4 rows in set (0.07 sec)

MariaDB [csd2204w18]> select * from departments;
+---------------+----------------------+------------+-------------+
| DEPARTMENT_ID | DEPARTMENT_NAME      | MANAGER_ID | LOCATION_ID |
+---------------+----------------------+------------+-------------+
|            10 | Administration       |        200 |        1700 |
|            20 | Marketing            |        201 |        1800 |
|            30 | Purchasing           |        114 |        1700 |
|            40 | Human Resources      |        203 |        2400 |
|            50 | Shipping             |        121 |        1500 |
|            60 | IT                   |        103 |        1400 |
|            70 | Public Relations     |        204 |        2700 |
|            80 | Sales                |        145 |        2500 |
|            90 | Executive            |        100 |        1700 |
|           100 | Finance              |        108 |        1700 |
|           110 | Accounting           |        205 |        1700 |
|           120 | Treasury             |          0 |        1700 |
|           130 | Corporate Tax        |          0 |        1700 |
|           140 | Control And Credit   |          0 |        1700 |
|           150 | Shareholder Services |          0 |        1700 |
|           160 | Benefits             |          0 |        1700 |
|           170 | Manufacturing        |          0 |        1700 |
|           180 | Construction         |          0 |        1700 |
|           190 | Contracting          |          0 |        1700 |
|           200 | Operations           |          0 |        1700 |
|           210 | IT Support           |          0 |        1700 |
|           220 | NOC                  |          0 |        1700 |
|           230 | IT Helpdesk          |          0 |        1700 |
|           240 | Government Sales     |          0 |        1700 |
|           250 | Retail Sales         |          0 |        1700 |
|           260 | Recruiting           |          0 |        1700 |
|           270 | Payroll              |          0 |        1700 |
+---------------+----------------------+------------+-------------+
27 rows in set (0.00 sec)

MariaDB [csd2204w18]> desc employees;
+----------------+--------------+------+-----+---------+-------+
| Field          | Type         | Null | Key | Default | Extra |
+----------------+--------------+------+-----+---------+-------+
| EMPLOYEE_ID    | decimal(6,0) | NO   | PRI | 0       |       |
| FIRST_NAME     | varchar(20)  | YES  |     | NULL    |       |
| LAST_NAME      | varchar(25)  | NO   | MUL | NULL    |       |
| EMAIL          | varchar(25)  | NO   | UNI | NULL    |       |
| PHONE_NUMBER   | varchar(20)  | YES  |     | NULL    |       |
| HIRE_DATE      | date         | NO   |     | NULL    |       |
| JOB_ID         | varchar(10)  | NO   | MUL | NULL    |       |
| SALARY         | decimal(8,2) | YES  |     | NULL    |       |
| COMMISSION_PCT | decimal(2,2) | YES  |     | NULL    |       |
| MANAGER_ID     | decimal(6,0) | YES  | MUL | NULL    |       |
| DEPARTMENT_ID  | decimal(4,0) | YES  | MUL | NULL    |       |
+----------------+--------------+------+-----+---------+-------+
11 rows in set (0.01 sec)

MariaDB [csd2204w18]> select department_id from departments where department_name = 'IT';
+---------------+
| department_id |
+---------------+
|            60 |
+---------------+
1 row in set (0.00 sec)

MariaDB [csd2204w18]> select department_id from departments where department_name LIKE 'IT';
+---------------+
| department_id |
+---------------+
|            60 |
+---------------+
1 row in set (0.00 sec)

MariaDB [csd2204w18]> select first_name,last_name from employees where department_id like 60;
+------------+-----------+
| first_name | last_name |
+------------+-----------+
| Alexander  | Hunold    |
| Bruce      | Ernst     |
| David      | Austin    |
| Valli      | Pataballa |
| Diana      | Lorentz   |
+------------+-----------+
5 rows in set (0.00 sec)

MariaDB [csd2204w18]> select first_name,last_name from employees where department_id = (select department_id from departments where department_name LIKE 'IT');
+------------+-----------+
| first_name | last_name |
+------------+-----------+
| Alexander  | Hunold    |
| Bruce      | Ernst     |
| David      | Austin    |
| Valli      | Pataballa |
| Diana      | Lorentz   |
+------------+-----------+
5 rows in set (0.00 sec)

MariaDB [csd2204w18]> select first_name,last_name from employees where department_id = (select department_id from departments where department_name <> 'IT');
ERROR 1242 (21000): Subquery returns more than 1 row
MariaDB [csd2204w18]> select first_name,last_name from employees where department_id = (select department_id from departments where department_name NOT IN 'IT');
ERROR 1064 (42000): You have an error in your SQL syntax; check the manual that corresponds to your MariaDB server version for the right syntax to use near ''IT')' at line 1
MariaDB [csd2204w18]> select first_name,last_name from employees where department_id <> 60;
+-------------+-------------+
| first_name  | last_name   |
+-------------+-------------+
| Steven      | King        |
| Neena       | Kochhar     |
| Lex         | De Haan     |
| Nancy       | Greenberg   |
| Daniel      | Faviet      |
| John        | Chen        |
| Ismael      | Sciarra     |
| Jose Manuel | Urman       |
| Luis        | Popp        |
| Den         | Raphaely    |
| Alexander   | Khoo        |
| Shelli      | Baida       |
| Sigal       | Tobias      |
| Guy         | Himuro      |
| Karen       | Colmenares  |
| Matthew     | Weiss       |
| Adam        | Fripp       |
| Payam       | Kaufling    |
| Shanta      | Vollman     |
| Kevin       | Mourgos     |
| Julia       | Nayer       |
| Irene       | Mikkilineni |
| James       | Landry      |
| Steven      | Markle      |
| Laura       | Bissot      |
| Mozhe       | Atkinson    |
| James       | Marlow      |
| TJ          | Olson       |
| Jason       | Mallin      |
| Michael     | Rogers      |
| Ki          | Gee         |
| Hazel       | Philtanker  |
| Renske      | Ladwig      |
| Stephen     | Stiles      |
| John        | Seo         |
| Joshua      | Patel       |
| Trenna      | Rajs        |
| Curtis      | Davies      |
| Randall     | Matos       |
| Peter       | Vargas      |
| John        | Russell     |
| Karen       | Partners    |
| Alberto     | Errazuriz   |
| Gerald      | Cambrault   |
| Eleni       | Zlotkey     |
| Peter       | Tucker      |
| David       | Bernstein   |
| Peter       | Hall        |
| Christopher | Olsen       |
| Nanette     | Cambrault   |
| Oliver      | Tuvault     |
| Janette     | King        |
| Patrick     | Sully       |
| Allan       | McEwen      |
| Lindsey     | Smith       |
| Louise      | Doran       |
| Sarath      | Sewall      |
| Clara       | Vishney     |
| Danielle    | Greene      |
| Mattea      | Marvins     |
| David       | Lee         |
| Sundar      | Ande        |
| Amit        | Banda       |
| Lisa        | Ozer        |
| Harrison    | Bloom       |
| Tayler      | Fox         |
| William     | Smith       |
| Elizabeth   | Bates       |
| Sundita     | Kumar       |
| Ellen       | Abel        |
| Alyssa      | Hutton      |
| Jonathon    | Taylor      |
| Jack        | Livingston  |
| Kimberely   | Grant       |
| Charles     | Johnson     |
| Winston     | Taylor      |
| Jean        | Fleaur      |
| Martha      | Sullivan    |
| Girard      | Geoni       |
| Nandita     | Sarchand    |
| Alexis      | Bull        |
| Julia       | Dellinger   |
| Anthony     | Cabrio      |
| Kelly       | Chung       |
| Jennifer    | Dilly       |
| Timothy     | Gates       |
| Randall     | Perkins     |
| Sarah       | Bell        |
| Britney     | Everett     |
| Samuel      | McCain      |
| Vance       | Jones       |
| Alana       | Walsh       |
| Kevin       | Feeney      |
| Donald      | OConnell    |
| Douglas     | Grant       |
| Jennifer    | Whalen      |
| Michael     | Hartstein   |
| Pat         | Fay         |
| Susan       | Mavris      |
| Hermann     | Baer        |
| Shelley     | Higgins     |
| William     | Gietz       |
+-------------+-------------+
102 rows in set (0.11 sec)

MariaDB [csd2204w18]> select first_name,last_name from employees where department_id <> (select department_id from departments where department_name LIKE 'IT');
+-------------+-------------+
| first_name  | last_name   |
+-------------+-------------+
| Steven      | King        |
| Neena       | Kochhar     |
| Lex         | De Haan     |
| Nancy       | Greenberg   |
| Daniel      | Faviet      |
| John        | Chen        |
| Ismael      | Sciarra     |
| Jose Manuel | Urman       |
| Luis        | Popp        |
| Den         | Raphaely    |
| Alexander   | Khoo        |
| Shelli      | Baida       |
| Sigal       | Tobias      |
| Guy         | Himuro      |
| Karen       | Colmenares  |
| Matthew     | Weiss       |
| Adam        | Fripp       |
| Payam       | Kaufling    |
| Shanta      | Vollman     |
| Kevin       | Mourgos     |
| Julia       | Nayer       |
| Irene       | Mikkilineni |
| James       | Landry      |
| Steven      | Markle      |
| Laura       | Bissot      |
| Mozhe       | Atkinson    |
| James       | Marlow      |
| TJ          | Olson       |
| Jason       | Mallin      |
| Michael     | Rogers      |
| Ki          | Gee         |
| Hazel       | Philtanker  |
| Renske      | Ladwig      |
| Stephen     | Stiles      |
| John        | Seo         |
| Joshua      | Patel       |
| Trenna      | Rajs        |
| Curtis      | Davies      |
| Randall     | Matos       |
| Peter       | Vargas      |
| John        | Russell     |
| Karen       | Partners    |
| Alberto     | Errazuriz   |
| Gerald      | Cambrault   |
| Eleni       | Zlotkey     |
| Peter       | Tucker      |
| David       | Bernstein   |
| Peter       | Hall        |
| Christopher | Olsen       |
| Nanette     | Cambrault   |
| Oliver      | Tuvault     |
| Janette     | King        |
| Patrick     | Sully       |
| Allan       | McEwen      |
| Lindsey     | Smith       |
| Louise      | Doran       |
| Sarath      | Sewall      |
| Clara       | Vishney     |
| Danielle    | Greene      |
| Mattea      | Marvins     |
| David       | Lee         |
| Sundar      | Ande        |
| Amit        | Banda       |
| Lisa        | Ozer        |
| Harrison    | Bloom       |
| Tayler      | Fox         |
| William     | Smith       |
| Elizabeth   | Bates       |
| Sundita     | Kumar       |
| Ellen       | Abel        |
| Alyssa      | Hutton      |
| Jonathon    | Taylor      |
| Jack        | Livingston  |
| Kimberely   | Grant       |
| Charles     | Johnson     |
| Winston     | Taylor      |
| Jean        | Fleaur      |
| Martha      | Sullivan    |
| Girard      | Geoni       |
| Nandita     | Sarchand    |
| Alexis      | Bull        |
| Julia       | Dellinger   |
| Anthony     | Cabrio      |
| Kelly       | Chung       |
| Jennifer    | Dilly       |
| Timothy     | Gates       |
| Randall     | Perkins     |
| Sarah       | Bell        |
| Britney     | Everett     |
| Samuel      | McCain      |
| Vance       | Jones       |
| Alana       | Walsh       |
| Kevin       | Feeney      |
| Donald      | OConnell    |
| Douglas     | Grant       |
| Jennifer    | Whalen      |
| Michael     | Hartstein   |
| Pat         | Fay         |
| Susan       | Mavris      |
| Hermann     | Baer        |
| Shelley     | Higgins     |
| William     | Gietz       |
+-------------+-------------+
102 rows in set (0.00 sec)

MariaDB [csd2204w18]> select first_name,last_name from employees where department_id = (select department_id from departments where department_name NOT LIKE 'IT');
ERROR 1242 (21000): Subquery returns more than 1 row
MariaDB [csd2204w18]> select first_name,last_name from employees where department_id != (select department_id from departments where department_name LIKE 'IT');
+-------------+-------------+
| first_name  | last_name   |
+-------------+-------------+
| Steven      | King        |
| Neena       | Kochhar     |
| Lex         | De Haan     |
| Nancy       | Greenberg   |
| Daniel      | Faviet      |
| John        | Chen        |
| Ismael      | Sciarra     |
| Jose Manuel | Urman       |
| Luis        | Popp        |
| Den         | Raphaely    |
| Alexander   | Khoo        |
| Shelli      | Baida       |
| Sigal       | Tobias      |
| Guy         | Himuro      |
| Karen       | Colmenares  |
| Matthew     | Weiss       |
| Adam        | Fripp       |
| Payam       | Kaufling    |
| Shanta      | Vollman     |
| Kevin       | Mourgos     |
| Julia       | Nayer       |
| Irene       | Mikkilineni |
| James       | Landry      |
| Steven      | Markle      |
| Laura       | Bissot      |
| Mozhe       | Atkinson    |
| James       | Marlow      |
| TJ          | Olson       |
| Jason       | Mallin      |
| Michael     | Rogers      |
| Ki          | Gee         |
| Hazel       | Philtanker  |
| Renske      | Ladwig      |
| Stephen     | Stiles      |
| John        | Seo         |
| Joshua      | Patel       |
| Trenna      | Rajs        |
| Curtis      | Davies      |
| Randall     | Matos       |
| Peter       | Vargas      |
| John        | Russell     |
| Karen       | Partners    |
| Alberto     | Errazuriz   |
| Gerald      | Cambrault   |
| Eleni       | Zlotkey     |
| Peter       | Tucker      |
| David       | Bernstein   |
| Peter       | Hall        |
| Christopher | Olsen       |
| Nanette     | Cambrault   |
| Oliver      | Tuvault     |
| Janette     | King        |
| Patrick     | Sully       |
| Allan       | McEwen      |
| Lindsey     | Smith       |
| Louise      | Doran       |
| Sarath      | Sewall      |
| Clara       | Vishney     |
| Danielle    | Greene      |
| Mattea      | Marvins     |
| David       | Lee         |
| Sundar      | Ande        |
| Amit        | Banda       |
| Lisa        | Ozer        |
| Harrison    | Bloom       |
| Tayler      | Fox         |
| William     | Smith       |
| Elizabeth   | Bates       |
| Sundita     | Kumar       |
| Ellen       | Abel        |
| Alyssa      | Hutton      |
| Jonathon    | Taylor      |
| Jack        | Livingston  |
| Kimberely   | Grant       |
| Charles     | Johnson     |
| Winston     | Taylor      |
| Jean        | Fleaur      |
| Martha      | Sullivan    |
| Girard      | Geoni       |
| Nandita     | Sarchand    |
| Alexis      | Bull        |
| Julia       | Dellinger   |
| Anthony     | Cabrio      |
| Kelly       | Chung       |
| Jennifer    | Dilly       |
| Timothy     | Gates       |
| Randall     | Perkins     |
| Sarah       | Bell        |
| Britney     | Everett     |
| Samuel      | McCain      |
| Vance       | Jones       |
| Alana       | Walsh       |
| Kevin       | Feeney      |
| Donald      | OConnell    |
| Douglas     | Grant       |
| Jennifer    | Whalen      |
| Michael     | Hartstein   |
| Pat         | Fay         |
| Susan       | Mavris      |
| Hermann     | Baer        |
| Shelley     | Higgins     |
| William     | Gietz       |
+-------------+-------------+
102 rows in set (0.00 sec)

MariaDB [csd2204w18]> show tables;
+----------------------+
| Tables_in_csd2204w18 |
+----------------------+
| animals              |
| countries            |
| departments          |
| employees            |
| job_history          |
| jobs                 |
| locations            |
| manu                 |
| pet                  |
| products             |
| regions              |
+----------------------+
11 rows in set (0.00 sec)

MariaDB [csd2204w18]> select * from location;
ERROR 1146 (42S02): Table 'csd2204w18.location' doesn't exist
MariaDB [csd2204w18]> select * from locations;
+-------------+---------------------------+--------------+---------------------+-------------------+------------+
| LOCATION_ID | STREET_ADDRESS            | POSTAL_CODE  | CITY                | STATE_PROVINCE    | COUNTRY_ID |
+-------------+---------------------------+--------------+---------------------+-------------------+------------+
|        1000 | 1297 Via Cola di Rie      | 989          | Roma                |                   | IT         |
|        1100 | 93091 Calle della Testa   | 10934        | Venice              |                   | IT         |
|        1200 | 2017 Shinjuku-ku          | 1689         | Tokyo               | Tokyo Prefecture  | JP         |
|        1300 | 9450 Kamiya-cho           | 6823         | Hiroshima           |                   | JP         |
|        1400 | 2014 Jabberwocky Rd       | 26192        | Southlake           | Texas             | US         |
|        1500 | 2011 Interiors Blvd       | 99236        | South San Francisco | California        | US         |
|        1600 | 2007 Zagora St            | 50090        | South Brunswick     | New Jersey        | US         |
|        1700 | 2004 Charade Rd           | 98199        | Seattle             | Washington        | US         |
|        1800 | 147 Spadina Ave           | M5V 2L7      | Toronto             | Ontario           | CA         |
|        1900 | 6092 Boxwood St           | YSW 9T2      | Whitehorse          | Yukon             | CA         |
|        2000 | 40-5-12 Laogianggen       | 190518       | Beijing             |                   | CN         |
|        2100 | 1298 Vileparle (E)        | 490231       | Bombay              | Maharashtra       | IN         |
|        2200 | 12-98 Victoria Street     | 2901         | Sydney              | New South Wales   | AU         |
|        2300 | 198 Clementi North        | 540198       | Singapore           |                   | SG         |
|        2400 | 8204 Arthur St            |              | London              |                   | UK         |
|        2500 | "Magdalen Centre          |  The Oxford  | OX9 9ZB             | Oxford            | Ox         |
|        2600 | 9702 Chester Road         | 9629850293   | Stretford           | Manchester        | UK         |
|        2700 | Schwanthalerstr. 7031     | 80925        | Munich              | Bavaria           | DE         |
|        2800 | Rua Frei Caneca 1360      | 01307-002    | Sao Paulo           | Sao Paulo         | BR         |
|        2900 | 20 Rue des Corps-Saints   | 1730         | Geneva              | Geneve            | CH         |
|        3000 | Murtenstrasse 921         | 3095         | Bern                | BE                | CH         |
|        3100 | Pieter Breughelstraat 837 | 3029SK       | Utrecht             | Utrecht           | NL         |
|        3200 | Mariano Escobedo 9991     | 11932        | Mexico City         | "Distrito Federal | "          |
+-------------+---------------------------+--------------+---------------------+-------------------+------------+
23 rows in set (0.00 sec)

MariaDB [csd2204w18]> desc employees;
+----------------+--------------+------+-----+---------+-------+
| Field          | Type         | Null | Key | Default | Extra |
+----------------+--------------+------+-----+---------+-------+
| EMPLOYEE_ID    | decimal(6,0) | NO   | PRI | 0       |       |
| FIRST_NAME     | varchar(20)  | YES  |     | NULL    |       |
| LAST_NAME      | varchar(25)  | NO   | MUL | NULL    |       |
| EMAIL          | varchar(25)  | NO   | UNI | NULL    |       |
| PHONE_NUMBER   | varchar(20)  | YES  |     | NULL    |       |
| HIRE_DATE      | date         | NO   |     | NULL    |       |
| JOB_ID         | varchar(10)  | NO   | MUL | NULL    |       |
| SALARY         | decimal(8,2) | YES  |     | NULL    |       |
| COMMISSION_PCT | decimal(2,2) | YES  |     | NULL    |       |
| MANAGER_ID     | decimal(6,0) | YES  | MUL | NULL    |       |
| DEPARTMENT_ID  | decimal(4,0) | YES  | MUL | NULL    |       |
+----------------+--------------+------+-----+---------+-------+
11 rows in set (0.01 sec)

MariaDB [csd2204w18]> desc departments;
+-----------------+--------------+------+-----+---------+-------+
| Field           | Type         | Null | Key | Default | Extra |
+-----------------+--------------+------+-----+---------+-------+
| DEPARTMENT_ID   | decimal(4,0) | NO   | PRI | 0       |       |
| DEPARTMENT_NAME | varchar(30)  | NO   |     | NULL    |       |
| MANAGER_ID      | decimal(6,0) | YES  | MUL | NULL    |       |
| LOCATION_ID     | decimal(4,0) | YES  | MUL | NULL    |       |
+-----------------+--------------+------+-----+---------+-------+
4 rows in set (0.01 sec)

MariaDB [csd2204w18]> desc countries;
+--------------+---------------+------+-----+---------+-------+
| Field        | Type          | Null | Key | Default | Extra |
+--------------+---------------+------+-----+---------+-------+
| COUNTRY_ID   | varchar(2)    | NO   | PRI | NULL    |       |
| COUNTRY_NAME | varchar(40)   | YES  |     | NULL    |       |
| REGION_ID    | decimal(10,0) | YES  | MUL | NULL    |       |
+--------------+---------------+------+-----+---------+-------+
3 rows in set (0.01 sec)

MariaDB [csd2204w18]> selet * from countries;
ERROR 1064 (42000): You have an error in your SQL syntax; check the manual that corresponds to your MariaDB server version for the right syntax to use near 'selet * from countries' at line 1
MariaDB [csd2204w18]> select * from countries;
+------------+--------------------------+-----------+
| COUNTRY_ID | COUNTRY_NAME             | REGION_ID |
+------------+--------------------------+-----------+
| AR         | Argentina                |         2 |
| AU         | Australia                |         3 |
| BE         | Belgium                  |         1 |
| BR         | Brazil                   |         2 |
| CA         | Canada                   |         2 |
| CH         | Switzerland              |         1 |
| CN         | China                    |         3 |
| DE         | Germany                  |         1 |
| DK         | Denmark                  |         1 |
| EG         | Egypt                    |         4 |
| FR         | France                   |         1 |
| HK         | HongKong                 |         3 |
| IL         | Israel                   |         4 |
| IN         | India                    |         3 |
| IT         | Italy                    |         1 |
| JP         | Japan                    |         3 |
| KW         | Kuwait                   |         4 |
| MX         | Mexico                   |         2 |
| NG         | Nigeria                  |         4 |
| NL         | Netherlands              |         1 |
| SG         | Singapore                |         3 |
| UK         | United Kingdom           |         1 |
| US         | United States of America |         2 |
| ZM         | Zambia                   |         4 |
| ZW         | Zimbabwe                 |         4 |
+------------+--------------------------+-----------+
25 rows in set (0.00 sec)

MariaDB [csd2204w18]> select * from locations;
+-------------+---------------------------+--------------+---------------------+-------------------+------------+
| LOCATION_ID | STREET_ADDRESS            | POSTAL_CODE  | CITY                | STATE_PROVINCE    | COUNTRY_ID |
+-------------+---------------------------+--------------+---------------------+-------------------+------------+
|        1000 | 1297 Via Cola di Rie      | 989          | Roma                |                   | IT         |
|        1100 | 93091 Calle della Testa   | 10934        | Venice              |                   | IT         |
|        1200 | 2017 Shinjuku-ku          | 1689         | Tokyo               | Tokyo Prefecture  | JP         |
|        1300 | 9450 Kamiya-cho           | 6823         | Hiroshima           |                   | JP         |
|        1400 | 2014 Jabberwocky Rd       | 26192        | Southlake           | Texas             | US         |
|        1500 | 2011 Interiors Blvd       | 99236        | South San Francisco | California        | US         |
|        1600 | 2007 Zagora St            | 50090        | South Brunswick     | New Jersey        | US         |
|        1700 | 2004 Charade Rd           | 98199        | Seattle             | Washington        | US         |
|        1800 | 147 Spadina Ave           | M5V 2L7      | Toronto             | Ontario           | CA         |
|        1900 | 6092 Boxwood St           | YSW 9T2      | Whitehorse          | Yukon             | CA         |
|        2000 | 40-5-12 Laogianggen       | 190518       | Beijing             |                   | CN         |
|        2100 | 1298 Vileparle (E)        | 490231       | Bombay              | Maharashtra       | IN         |
|        2200 | 12-98 Victoria Street     | 2901         | Sydney              | New South Wales   | AU         |
|        2300 | 198 Clementi North        | 540198       | Singapore           |                   | SG         |
|        2400 | 8204 Arthur St            |              | London              |                   | UK         |
|        2500 | "Magdalen Centre          |  The Oxford  | OX9 9ZB             | Oxford            | Ox         |
|        2600 | 9702 Chester Road         | 9629850293   | Stretford           | Manchester        | UK         |
|        2700 | Schwanthalerstr. 7031     | 80925        | Munich              | Bavaria           | DE         |
|        2800 | Rua Frei Caneca 1360      | 01307-002    | Sao Paulo           | Sao Paulo         | BR         |
|        2900 | 20 Rue des Corps-Saints   | 1730         | Geneva              | Geneve            | CH         |
|        3000 | Murtenstrasse 921         | 3095         | Bern                | BE                | CH         |
|        3100 | Pieter Breughelstraat 837 | 3029SK       | Utrecht             | Utrecht           | NL         |
|        3200 | Mariano Escobedo 9991     | 11932        | Mexico City         | "Distrito Federal | "          |
+-------------+---------------------------+--------------+---------------------+-------------------+------------+
23 rows in set (0.00 sec)

MariaDB [csd2204w18]> select location_id from locations where country_id LIKE US;
ERROR 1054 (42S22): Unknown column 'US' in 'where clause'
MariaDB [csd2204w18]> select location_id from locations where country_id LIKE 'US';
+-------------+
| location_id |
+-------------+
|        1400 |
|        1500 |
|        1600 |
|        1700 |
+-------------+
4 rows in set (0.00 sec)

MariaDB [csd2204w18]> desc department;
ERROR 1146 (42S02): Table 'csd2204w18.department' doesn't exist
MariaDB [csd2204w18]> desc departments;
+-----------------+--------------+------+-----+---------+-------+
| Field           | Type         | Null | Key | Default | Extra |
+-----------------+--------------+------+-----+---------+-------+
| DEPARTMENT_ID   | decimal(4,0) | NO   | PRI | 0       |       |
| DEPARTMENT_NAME | varchar(30)  | NO   |     | NULL    |       |
| MANAGER_ID      | decimal(6,0) | YES  | MUL | NULL    |       |
| LOCATION_ID     | decimal(4,0) | YES  | MUL | NULL    |       |
+-----------------+--------------+------+-----+---------+-------+
4 rows in set (0.01 sec)

MariaDB [csd2204w18]> select manager_id from departments 
    -> ;
+------------+
| manager_id |
+------------+
|          0 |
|          0 |
|          0 |
|          0 |
|          0 |
|          0 |
|          0 |
|          0 |
|          0 |
|          0 |
|          0 |
|          0 |
|          0 |
|          0 |
|          0 |
|          0 |
|        100 |
|        103 |
|        108 |
|        114 |
|        121 |
|        145 |
|        200 |
|        201 |
|        203 |
|        204 |
|        205 |
+------------+
27 rows in set (0.00 sec)

MariaDB [csd2204w18]> select manager_id,location_id from departments; 
+------------+-------------+
| manager_id | location_id |
+------------+-------------+
|        200 |        1700 |
|        201 |        1800 |
|        114 |        1700 |
|        203 |        2400 |
|        121 |        1500 |
|        103 |        1400 |
|        204 |        2700 |
|        145 |        2500 |
|        100 |        1700 |
|        108 |        1700 |
|        205 |        1700 |
|          0 |        1700 |
|          0 |        1700 |
|          0 |        1700 |
|          0 |        1700 |
|          0 |        1700 |
|          0 |        1700 |
|          0 |        1700 |
|          0 |        1700 |
|          0 |        1700 |
|          0 |        1700 |
|          0 |        1700 |
|          0 |        1700 |
|          0 |        1700 |
|          0 |        1700 |
|          0 |        1700 |
|          0 |        1700 |
+------------+-------------+
27 rows in set (0.00 sec)

MariaDB [csd2204w18]> select location_id from locations where country_id LIKE 'US' =  select manager_id,location_id from departments;
ERROR 1064 (42000): You have an error in your SQL syntax; check the manual that corresponds to your MariaDB server version for the right syntax to use near 'select manager_id,location_id from departments' at line 1
MariaDB [csd2204w18]>  select manager_id,location_id from departments where location_id = (select location_id from locations where country_id LIKE 'US');
ERROR 1242 (21000): Subquery returns more than 1 row
MariaDB [csd2204w18]>  select manager_id,location_id from departments where location_id = (select location_id from locations where country_id = 'US');
ERROR 1242 (21000): Subquery returns more than 1 row
MariaDB [csd2204w18]>  select manager_id from departments where location_id = (select location_id from locations where country_id = 'US');
ERROR 1242 (21000): Subquery returns more than 1 row
MariaDB [csd2204w18]> select manager_id,location_id from departments where location_id IN (select location_id from locations where country_id = 'US'); 
+------------+-------------+
| manager_id | location_id |
+------------+-------------+
|        103 |        1400 |
|        121 |        1500 |
|        200 |        1700 |
|        114 |        1700 |
|        100 |        1700 |
|        108 |        1700 |
|        205 |        1700 |
|          0 |        1700 |
|          0 |        1700 |
|          0 |        1700 |
|          0 |        1700 |
|          0 |        1700 |
|          0 |        1700 |
|          0 |        1700 |
|          0 |        1700 |
|          0 |        1700 |
|          0 |        1700 |
|          0 |        1700 |
|          0 |        1700 |
|          0 |        1700 |
|          0 |        1700 |
|          0 |        1700 |
|          0 |        1700 |
+------------+-------------+
23 rows in set (0.04 sec)

MariaDB [csd2204w18]> select manager_id,location_id,employees.first_name,employees.last_name from departments,employess where location_id IN (select location_id from locations where country_id = 'US'); 
ERROR 1146 (42S02): Table 'csd2204w18.employess' doesn't exist
MariaDB [csd2204w18]> select manager_id,location_id,employees.first_name,employees.last_name from departments,employees where location_id IN (select location_id from locations where country_id = 'US'); 
ERROR 1052 (23000): Column 'manager_id' in field list is ambiguous
MariaDB [csd2204w18]> select departments.manager_id,location_id,employees.first_name,employees.last_name from departments,employees where location_id IN (select location_id from locations where country_id = 'US'); 
+------------+-------------+-------------+-------------+
| manager_id | location_id | first_name  | last_name   |
+------------+-------------+-------------+-------------+
|        103 |        1400 | Steven      | King        |
|        121 |        1500 | Steven      | King        |
|        200 |        1700 | Steven      | King        |
|        114 |        1700 | Steven      | King        |
|        100 |        1700 | Steven      | King        |
|        108 |        1700 | Steven      | King        |
|        205 |        1700 | Steven      | King        |
|          0 |        1700 | Steven      | King        |
|          0 |        1700 | Steven      | King        |
|          0 |        1700 | Steven      | King        |
|          0 |        1700 | Steven      | King        |
|          0 |        1700 | Steven      | King        |
|          0 |        1700 | Steven      | King        |
|          0 |        1700 | Steven      | King        |
|          0 |        1700 | Steven      | King        |
|          0 |        1700 | Steven      | King        |
|          0 |        1700 | Steven      | King        |
|          0 |        1700 | Steven      | King        |
|          0 |        1700 | Steven      | King        |
|          0 |        1700 | Steven      | King        |
|          0 |        1700 | Steven      | King        |
|          0 |        1700 | Steven      | King        |
|          0 |        1700 | Steven      | King        |
|        103 |        1400 | Neena       | Kochhar     |
|        121 |        1500 | Neena       | Kochhar     |
|        200 |        1700 | Neena       | Kochhar     |
|        114 |        1700 | Neena       | Kochhar     |
|        100 |        1700 | Neena       | Kochhar     |
|        108 |        1700 | Neena       | Kochhar     |
|        205 |        1700 | Neena       | Kochhar     |
|          0 |        1700 | Neena       | Kochhar     |
|          0 |        1700 | Neena       | Kochhar     |
|          0 |        1700 | Neena       | Kochhar     |
|          0 |        1700 | Neena       | Kochhar     |
|          0 |        1700 | Neena       | Kochhar     |
|          0 |        1700 | Neena       | Kochhar     |
|          0 |        1700 | Neena       | Kochhar     |
|          0 |        1700 | Neena       | Kochhar     |
|          0 |        1700 | Neena       | Kochhar     |
|          0 |        1700 | Neena       | Kochhar     |
|          0 |        1700 | Neena       | Kochhar     |
|          0 |        1700 | Neena       | Kochhar     |
|          0 |        1700 | Neena       | Kochhar     |
|          0 |        1700 | Neena       | Kochhar     |
|          0 |        1700 | Neena       | Kochhar     |
|          0 |        1700 | Neena       | Kochhar     |
|        103 |        1400 | Lex         | De Haan     |
|        121 |        1500 | Lex         | De Haan     |
|        200 |        1700 | Lex         | De Haan     |
|        114 |        1700 | Lex         | De Haan     |
|        100 |        1700 | Lex         | De Haan     |
|        108 |        1700 | Lex         | De Haan     |
|        205 |        1700 | Lex         | De Haan     |
|          0 |        1700 | Lex         | De Haan     |
|          0 |        1700 | Lex         | De Haan     |
|          0 |        1700 | Lex         | De Haan     |
|          0 |        1700 | Lex         | De Haan     |
|          0 |        1700 | Lex         | De Haan     |
|          0 |        1700 | Lex         | De Haan     |
|          0 |        1700 | Lex         | De Haan     |
|          0 |        1700 | Lex         | De Haan     |
|          0 |        1700 | Lex         | De Haan     |
|          0 |        1700 | Lex         | De Haan     |
|          0 |        1700 | Lex         | De Haan     |
|          0 |        1700 | Lex         | De Haan     |
|          0 |        1700 | Lex         | De Haan     |
|          0 |        1700 | Lex         | De Haan     |
|          0 |        1700 | Lex         | De Haan     |
|          0 |        1700 | Lex         | De Haan     |
|        103 |        1400 | Alexander   | Hunold      |
|        121 |        1500 | Alexander   | Hunold      |
|        200 |        1700 | Alexander   | Hunold      |
|        114 |        1700 | Alexander   | Hunold      |
|        100 |        1700 | Alexander   | Hunold      |
|        108 |        1700 | Alexander   | Hunold      |
|        205 |        1700 | Alexander   | Hunold      |
|          0 |        1700 | Alexander   | Hunold      |
|          0 |        1700 | Alexander   | Hunold      |
|          0 |        1700 | Alexander   | Hunold      |
|          0 |        1700 | Alexander   | Hunold      |
|          0 |        1700 | Alexander   | Hunold      |
|          0 |        1700 | Alexander   | Hunold      |
|          0 |        1700 | Alexander   | Hunold      |
|          0 |        1700 | Alexander   | Hunold      |
|          0 |        1700 | Alexander   | Hunold      |
|          0 |        1700 | Alexander   | Hunold      |
|          0 |        1700 | Alexander   | Hunold      |
|          0 |        1700 | Alexander   | Hunold      |
|          0 |        1700 | Alexander   | Hunold      |
|          0 |        1700 | Alexander   | Hunold      |
|          0 |        1700 | Alexander   | Hunold      |
|          0 |        1700 | Alexander   | Hunold      |
|        103 |        1400 | Bruce       | Ernst       |
|        121 |        1500 | Bruce       | Ernst       |
|        200 |        1700 | Bruce       | Ernst       |
|        114 |        1700 | Bruce       | Ernst       |
|        100 |        1700 | Bruce       | Ernst       |
|        108 |        1700 | Bruce       | Ernst       |
|        205 |        1700 | Bruce       | Ernst       |
|          0 |        1700 | Bruce       | Ernst       |
|          0 |        1700 | Bruce       | Ernst       |
|          0 |        1700 | Bruce       | Ernst       |
|          0 |        1700 | Bruce       | Ernst       |
|          0 |        1700 | Bruce       | Ernst       |
|          0 |        1700 | Bruce       | Ernst       |
|          0 |        1700 | Bruce       | Ernst       |
|          0 |        1700 | Bruce       | Ernst       |
|          0 |        1700 | Bruce       | Ernst       |
|          0 |        1700 | Bruce       | Ernst       |
|          0 |        1700 | Bruce       | Ernst       |
|          0 |        1700 | Bruce       | Ernst       |
|          0 |        1700 | Bruce       | Ernst       |
|          0 |        1700 | Bruce       | Ernst       |
|          0 |        1700 | Bruce       | Ernst       |
|          0 |        1700 | Bruce       | Ernst       |
|        103 |        1400 | David       | Austin      |
|        121 |        1500 | David       | Austin      |
|        200 |        1700 | David       | Austin      |
|        114 |        1700 | David       | Austin      |
|        100 |        1700 | David       | Austin      |
|        108 |        1700 | David       | Austin      |
|        205 |        1700 | David       | Austin      |
|          0 |        1700 | David       | Austin      |
|          0 |        1700 | David       | Austin      |
|          0 |        1700 | David       | Austin      |
|          0 |        1700 | David       | Austin      |
|          0 |        1700 | David       | Austin      |
|          0 |        1700 | David       | Austin      |
|          0 |        1700 | David       | Austin      |
|          0 |        1700 | David       | Austin      |
|          0 |        1700 | David       | Austin      |
|          0 |        1700 | David       | Austin      |
|          0 |        1700 | David       | Austin      |
|          0 |        1700 | David       | Austin      |
|          0 |        1700 | David       | Austin      |
|          0 |        1700 | David       | Austin      |
|          0 |        1700 | David       | Austin      |
|          0 |        1700 | David       | Austin      |
|        103 |        1400 | Valli       | Pataballa   |
|        121 |        1500 | Valli       | Pataballa   |
|        200 |        1700 | Valli       | Pataballa   |
|        114 |        1700 | Valli       | Pataballa   |
|        100 |        1700 | Valli       | Pataballa   |
|        108 |        1700 | Valli       | Pataballa   |
|        205 |        1700 | Valli       | Pataballa   |
|          0 |        1700 | Valli       | Pataballa   |
|          0 |        1700 | Valli       | Pataballa   |
|          0 |        1700 | Valli       | Pataballa   |
|          0 |        1700 | Valli       | Pataballa   |
|          0 |        1700 | Valli       | Pataballa   |
|          0 |        1700 | Valli       | Pataballa   |
|          0 |        1700 | Valli       | Pataballa   |
|          0 |        1700 | Valli       | Pataballa   |
|          0 |        1700 | Valli       | Pataballa   |
|          0 |        1700 | Valli       | Pataballa   |
|          0 |        1700 | Valli       | Pataballa   |
|          0 |        1700 | Valli       | Pataballa   |
|          0 |        1700 | Valli       | Pataballa   |
|          0 |        1700 | Valli       | Pataballa   |
|          0 |        1700 | Valli       | Pataballa   |
|          0 |        1700 | Valli       | Pataballa   |
|        103 |        1400 | Diana       | Lorentz     |
|        121 |        1500 | Diana       | Lorentz     |
|        200 |        1700 | Diana       | Lorentz     |
|        114 |        1700 | Diana       | Lorentz     |
|        100 |        1700 | Diana       | Lorentz     |
|        108 |        1700 | Diana       | Lorentz     |
|        205 |        1700 | Diana       | Lorentz     |
|          0 |        1700 | Diana       | Lorentz     |
|          0 |        1700 | Diana       | Lorentz     |
|          0 |        1700 | Diana       | Lorentz     |
|          0 |        1700 | Diana       | Lorentz     |
|          0 |        1700 | Diana       | Lorentz     |
|          0 |        1700 | Diana       | Lorentz     |
|          0 |        1700 | Diana       | Lorentz     |
|          0 |        1700 | Diana       | Lorentz     |
|          0 |        1700 | Diana       | Lorentz     |
|          0 |        1700 | Diana       | Lorentz     |
|          0 |        1700 | Diana       | Lorentz     |
|          0 |        1700 | Diana       | Lorentz     |
|          0 |        1700 | Diana       | Lorentz     |
|          0 |        1700 | Diana       | Lorentz     |
|          0 |        1700 | Diana       | Lorentz     |
|          0 |        1700 | Diana       | Lorentz     |
|        103 |        1400 | Nancy       | Greenberg   |
|        121 |        1500 | Nancy       | Greenberg   |
|        200 |        1700 | Nancy       | Greenberg   |
|        114 |        1700 | Nancy       | Greenberg   |
|        100 |        1700 | Nancy       | Greenberg   |
|        108 |        1700 | Nancy       | Greenberg   |
|        205 |        1700 | Nancy       | Greenberg   |
|          0 |        1700 | Nancy       | Greenberg   |
|          0 |        1700 | Nancy       | Greenberg   |
|          0 |        1700 | Nancy       | Greenberg   |
|          0 |        1700 | Nancy       | Greenberg   |
|          0 |        1700 | Nancy       | Greenberg   |
|          0 |        1700 | Nancy       | Greenberg   |
|          0 |        1700 | Nancy       | Greenberg   |
|          0 |        1700 | Nancy       | Greenberg   |
|          0 |        1700 | Nancy       | Greenberg   |
|          0 |        1700 | Nancy       | Greenberg   |
|          0 |        1700 | Nancy       | Greenberg   |
|          0 |        1700 | Nancy       | Greenberg   |
|          0 |        1700 | Nancy       | Greenberg   |
|          0 |        1700 | Nancy       | Greenberg   |
|          0 |        1700 | Nancy       | Greenberg   |
|          0 |        1700 | Nancy       | Greenberg   |
|        103 |        1400 | Daniel      | Faviet      |
|        121 |        1500 | Daniel      | Faviet      |
|        200 |        1700 | Daniel      | Faviet      |
|        114 |        1700 | Daniel      | Faviet      |
|        100 |        1700 | Daniel      | Faviet      |
|        108 |        1700 | Daniel      | Faviet      |
|        205 |        1700 | Daniel      | Faviet      |
|          0 |        1700 | Daniel      | Faviet      |
|          0 |        1700 | Daniel      | Faviet      |
|          0 |        1700 | Daniel      | Faviet      |
|          0 |        1700 | Daniel      | Faviet      |
|          0 |        1700 | Daniel      | Faviet      |
|          0 |        1700 | Daniel      | Faviet      |
|          0 |        1700 | Daniel      | Faviet      |
|          0 |        1700 | Daniel      | Faviet      |
|          0 |        1700 | Daniel      | Faviet      |
|          0 |        1700 | Daniel      | Faviet      |
|          0 |        1700 | Daniel      | Faviet      |
|          0 |        1700 | Daniel      | Faviet      |
|          0 |        1700 | Daniel      | Faviet      |
|          0 |        1700 | Daniel      | Faviet      |
|          0 |        1700 | Daniel      | Faviet      |
|          0 |        1700 | Daniel      | Faviet      |
|        103 |        1400 | John        | Chen        |
|        121 |        1500 | John        | Chen        |
|        200 |        1700 | John        | Chen        |
|        114 |        1700 | John        | Chen        |
|        100 |        1700 | John        | Chen        |
|        108 |        1700 | John        | Chen        |
|        205 |        1700 | John        | Chen        |
|          0 |        1700 | John        | Chen        |
|          0 |        1700 | John        | Chen        |
|          0 |        1700 | John        | Chen        |
|          0 |        1700 | John        | Chen        |
|          0 |        1700 | John        | Chen        |
|          0 |        1700 | John        | Chen        |
|          0 |        1700 | John        | Chen        |
|          0 |        1700 | John        | Chen        |
|          0 |        1700 | John        | Chen        |
|          0 |        1700 | John        | Chen        |
|          0 |        1700 | John        | Chen        |
|          0 |        1700 | John        | Chen        |
|          0 |        1700 | John        | Chen        |
|          0 |        1700 | John        | Chen        |
|          0 |        1700 | John        | Chen        |
|          0 |        1700 | John        | Chen        |
|        103 |        1400 | Ismael      | Sciarra     |
|        121 |        1500 | Ismael      | Sciarra     |
|        200 |        1700 | Ismael      | Sciarra     |
|        114 |        1700 | Ismael      | Sciarra     |
|        100 |        1700 | Ismael      | Sciarra     |
|        108 |        1700 | Ismael      | Sciarra     |
|        205 |        1700 | Ismael      | Sciarra     |
|          0 |        1700 | Ismael      | Sciarra     |
|          0 |        1700 | Ismael      | Sciarra     |
|          0 |        1700 | Ismael      | Sciarra     |
|          0 |        1700 | Ismael      | Sciarra     |
|          0 |        1700 | Ismael      | Sciarra     |
|          0 |        1700 | Ismael      | Sciarra     |
|          0 |        1700 | Ismael      | Sciarra     |
|          0 |        1700 | Ismael      | Sciarra     |
|          0 |        1700 | Ismael      | Sciarra     |
|          0 |        1700 | Ismael      | Sciarra     |
|          0 |        1700 | Ismael      | Sciarra     |
|          0 |        1700 | Ismael      | Sciarra     |
|          0 |        1700 | Ismael      | Sciarra     |
|          0 |        1700 | Ismael      | Sciarra     |
|          0 |        1700 | Ismael      | Sciarra     |
|          0 |        1700 | Ismael      | Sciarra     |
|        103 |        1400 | Jose Manuel | Urman       |
|        121 |        1500 | Jose Manuel | Urman       |
|        200 |        1700 | Jose Manuel | Urman       |
|        114 |        1700 | Jose Manuel | Urman       |
|        100 |        1700 | Jose Manuel | Urman       |
|        108 |        1700 | Jose Manuel | Urman       |
|        205 |        1700 | Jose Manuel | Urman       |
|          0 |        1700 | Jose Manuel | Urman       |
|          0 |        1700 | Jose Manuel | Urman       |
|          0 |        1700 | Jose Manuel | Urman       |
|          0 |        1700 | Jose Manuel | Urman       |
|          0 |        1700 | Jose Manuel | Urman       |
|          0 |        1700 | Jose Manuel | Urman       |
|          0 |        1700 | Jose Manuel | Urman       |
|          0 |        1700 | Jose Manuel | Urman       |
|          0 |        1700 | Jose Manuel | Urman       |
|          0 |        1700 | Jose Manuel | Urman       |
|          0 |        1700 | Jose Manuel | Urman       |
|          0 |        1700 | Jose Manuel | Urman       |
|          0 |        1700 | Jose Manuel | Urman       |
|          0 |        1700 | Jose Manuel | Urman       |
|          0 |        1700 | Jose Manuel | Urman       |
|          0 |        1700 | Jose Manuel | Urman       |
|        103 |        1400 | Luis        | Popp        |
|        121 |        1500 | Luis        | Popp        |
|        200 |        1700 | Luis        | Popp        |
|        114 |        1700 | Luis        | Popp        |
|        100 |        1700 | Luis        | Popp        |
|        108 |        1700 | Luis        | Popp        |
|        205 |        1700 | Luis        | Popp        |
|          0 |        1700 | Luis        | Popp        |
|          0 |        1700 | Luis        | Popp        |
|          0 |        1700 | Luis        | Popp        |
|          0 |        1700 | Luis        | Popp        |
|          0 |        1700 | Luis        | Popp        |
|          0 |        1700 | Luis        | Popp        |
|          0 |        1700 | Luis        | Popp        |
|          0 |        1700 | Luis        | Popp        |
|          0 |        1700 | Luis        | Popp        |
|          0 |        1700 | Luis        | Popp        |
|          0 |        1700 | Luis        | Popp        |
|          0 |        1700 | Luis        | Popp        |
|          0 |        1700 | Luis        | Popp        |
|          0 |        1700 | Luis        | Popp        |
|          0 |        1700 | Luis        | Popp        |
|          0 |        1700 | Luis        | Popp        |
|        103 |        1400 | Den         | Raphaely    |
|        121 |        1500 | Den         | Raphaely    |
|        200 |        1700 | Den         | Raphaely    |
|        114 |        1700 | Den         | Raphaely    |
|        100 |        1700 | Den         | Raphaely    |
|        108 |        1700 | Den         | Raphaely    |
|        205 |        1700 | Den         | Raphaely    |
|          0 |        1700 | Den         | Raphaely    |
|          0 |        1700 | Den         | Raphaely    |
|          0 |        1700 | Den         | Raphaely    |
|          0 |        1700 | Den         | Raphaely    |
|          0 |        1700 | Den         | Raphaely    |
|          0 |        1700 | Den         | Raphaely    |
|          0 |        1700 | Den         | Raphaely    |
|          0 |        1700 | Den         | Raphaely    |
|          0 |        1700 | Den         | Raphaely    |
|          0 |        1700 | Den         | Raphaely    |
|          0 |        1700 | Den         | Raphaely    |
|          0 |        1700 | Den         | Raphaely    |
|          0 |        1700 | Den         | Raphaely    |
|          0 |        1700 | Den         | Raphaely    |
|          0 |        1700 | Den         | Raphaely    |
|          0 |        1700 | Den         | Raphaely    |
|        103 |        1400 | Alexander   | Khoo        |
|        121 |        1500 | Alexander   | Khoo        |
|        200 |        1700 | Alexander   | Khoo        |
|        114 |        1700 | Alexander   | Khoo        |
|        100 |        1700 | Alexander   | Khoo        |
|        108 |        1700 | Alexander   | Khoo        |
|        205 |        1700 | Alexander   | Khoo        |
|          0 |        1700 | Alexander   | Khoo        |
|          0 |        1700 | Alexander   | Khoo        |
|          0 |        1700 | Alexander   | Khoo        |
|          0 |        1700 | Alexander   | Khoo        |
|          0 |        1700 | Alexander   | Khoo        |
|          0 |        1700 | Alexander   | Khoo        |
|          0 |        1700 | Alexander   | Khoo        |
|          0 |        1700 | Alexander   | Khoo        |
|          0 |        1700 | Alexander   | Khoo        |
|          0 |        1700 | Alexander   | Khoo        |
|          0 |        1700 | Alexander   | Khoo        |
|          0 |        1700 | Alexander   | Khoo        |
|          0 |        1700 | Alexander   | Khoo        |
|          0 |        1700 | Alexander   | Khoo        |
|          0 |        1700 | Alexander   | Khoo        |
|          0 |        1700 | Alexander   | Khoo        |
|        103 |        1400 | Shelli      | Baida       |
|        121 |        1500 | Shelli      | Baida       |
|        200 |        1700 | Shelli      | Baida       |
|        114 |        1700 | Shelli      | Baida       |
|        100 |        1700 | Shelli      | Baida       |
|        108 |        1700 | Shelli      | Baida       |
|        205 |        1700 | Shelli      | Baida       |
|          0 |        1700 | Shelli      | Baida       |
|          0 |        1700 | Shelli      | Baida       |
|          0 |        1700 | Shelli      | Baida       |
|          0 |        1700 | Shelli      | Baida       |
|          0 |        1700 | Shelli      | Baida       |
|          0 |        1700 | Shelli      | Baida       |
|          0 |        1700 | Shelli      | Baida       |
|          0 |        1700 | Shelli      | Baida       |
|          0 |        1700 | Shelli      | Baida       |
|          0 |        1700 | Shelli      | Baida       |
|          0 |        1700 | Shelli      | Baida       |
|          0 |        1700 | Shelli      | Baida       |
|          0 |        1700 | Shelli      | Baida       |
|          0 |        1700 | Shelli      | Baida       |
|          0 |        1700 | Shelli      | Baida       |
|          0 |        1700 | Shelli      | Baida       |
|        103 |        1400 | Sigal       | Tobias      |
|        121 |        1500 | Sigal       | Tobias      |
|        200 |        1700 | Sigal       | Tobias      |
|        114 |        1700 | Sigal       | Tobias      |
|        100 |        1700 | Sigal       | Tobias      |
|        108 |        1700 | Sigal       | Tobias      |
|        205 |        1700 | Sigal       | Tobias      |
|          0 |        1700 | Sigal       | Tobias      |
|          0 |        1700 | Sigal       | Tobias      |
|          0 |        1700 | Sigal       | Tobias      |
|          0 |        1700 | Sigal       | Tobias      |
|          0 |        1700 | Sigal       | Tobias      |
|          0 |        1700 | Sigal       | Tobias      |
|          0 |        1700 | Sigal       | Tobias      |
|          0 |        1700 | Sigal       | Tobias      |
|          0 |        1700 | Sigal       | Tobias      |
|          0 |        1700 | Sigal       | Tobias      |
|          0 |        1700 | Sigal       | Tobias      |
|          0 |        1700 | Sigal       | Tobias      |
|          0 |        1700 | Sigal       | Tobias      |
|          0 |        1700 | Sigal       | Tobias      |
|          0 |        1700 | Sigal       | Tobias      |
|          0 |        1700 | Sigal       | Tobias      |
|        103 |        1400 | Guy         | Himuro      |
|        121 |        1500 | Guy         | Himuro      |
|        200 |        1700 | Guy         | Himuro      |
|        114 |        1700 | Guy         | Himuro      |
|        100 |        1700 | Guy         | Himuro      |
|        108 |        1700 | Guy         | Himuro      |
|        205 |        1700 | Guy         | Himuro      |
|          0 |        1700 | Guy         | Himuro      |
|          0 |        1700 | Guy         | Himuro      |
|          0 |        1700 | Guy         | Himuro      |
|          0 |        1700 | Guy         | Himuro      |
|          0 |        1700 | Guy         | Himuro      |
|          0 |        1700 | Guy         | Himuro      |
|          0 |        1700 | Guy         | Himuro      |
|          0 |        1700 | Guy         | Himuro      |
|          0 |        1700 | Guy         | Himuro      |
|          0 |        1700 | Guy         | Himuro      |
|          0 |        1700 | Guy         | Himuro      |
|          0 |        1700 | Guy         | Himuro      |
|          0 |        1700 | Guy         | Himuro      |
|          0 |        1700 | Guy         | Himuro      |
|          0 |        1700 | Guy         | Himuro      |
|          0 |        1700 | Guy         | Himuro      |
|        103 |        1400 | Karen       | Colmenares  |
|        121 |        1500 | Karen       | Colmenares  |
|        200 |        1700 | Karen       | Colmenares  |
|        114 |        1700 | Karen       | Colmenares  |
|        100 |        1700 | Karen       | Colmenares  |
|        108 |        1700 | Karen       | Colmenares  |
|        205 |        1700 | Karen       | Colmenares  |
|          0 |        1700 | Karen       | Colmenares  |
|          0 |        1700 | Karen       | Colmenares  |
|          0 |        1700 | Karen       | Colmenares  |
|          0 |        1700 | Karen       | Colmenares  |
|          0 |        1700 | Karen       | Colmenares  |
|          0 |        1700 | Karen       | Colmenares  |
|          0 |        1700 | Karen       | Colmenares  |
|          0 |        1700 | Karen       | Colmenares  |
|          0 |        1700 | Karen       | Colmenares  |
|          0 |        1700 | Karen       | Colmenares  |
|          0 |        1700 | Karen       | Colmenares  |
|          0 |        1700 | Karen       | Colmenares  |
|          0 |        1700 | Karen       | Colmenares  |
|          0 |        1700 | Karen       | Colmenares  |
|          0 |        1700 | Karen       | Colmenares  |
|          0 |        1700 | Karen       | Colmenares  |
|        103 |        1400 | Matthew     | Weiss       |
|        121 |        1500 | Matthew     | Weiss       |
|        200 |        1700 | Matthew     | Weiss       |
|        114 |        1700 | Matthew     | Weiss       |
|        100 |        1700 | Matthew     | Weiss       |
|        108 |        1700 | Matthew     | Weiss       |
|        205 |        1700 | Matthew     | Weiss       |
|          0 |        1700 | Matthew     | Weiss       |
|          0 |        1700 | Matthew     | Weiss       |
|          0 |        1700 | Matthew     | Weiss       |
|          0 |        1700 | Matthew     | Weiss       |
|          0 |        1700 | Matthew     | Weiss       |
|          0 |        1700 | Matthew     | Weiss       |
|          0 |        1700 | Matthew     | Weiss       |
|          0 |        1700 | Matthew     | Weiss       |
|          0 |        1700 | Matthew     | Weiss       |
|          0 |        1700 | Matthew     | Weiss       |
|          0 |        1700 | Matthew     | Weiss       |
|          0 |        1700 | Matthew     | Weiss       |
|          0 |        1700 | Matthew     | Weiss       |
|          0 |        1700 | Matthew     | Weiss       |
|          0 |        1700 | Matthew     | Weiss       |
|          0 |        1700 | Matthew     | Weiss       |
|        103 |        1400 | Adam        | Fripp       |
|        121 |        1500 | Adam        | Fripp       |
|        200 |        1700 | Adam        | Fripp       |
|        114 |        1700 | Adam        | Fripp       |
|        100 |        1700 | Adam        | Fripp       |
|        108 |        1700 | Adam        | Fripp       |
|        205 |        1700 | Adam        | Fripp       |
|          0 |        1700 | Adam        | Fripp       |
|          0 |        1700 | Adam        | Fripp       |
|          0 |        1700 | Adam        | Fripp       |
|          0 |        1700 | Adam        | Fripp       |
|          0 |        1700 | Adam        | Fripp       |
|          0 |        1700 | Adam        | Fripp       |
|          0 |        1700 | Adam        | Fripp       |
|          0 |        1700 | Adam        | Fripp       |
|          0 |        1700 | Adam        | Fripp       |
|          0 |        1700 | Adam        | Fripp       |
|          0 |        1700 | Adam        | Fripp       |
|          0 |        1700 | Adam        | Fripp       |
|          0 |        1700 | Adam        | Fripp       |
|          0 |        1700 | Adam        | Fripp       |
|          0 |        1700 | Adam        | Fripp       |
|          0 |        1700 | Adam        | Fripp       |
|        103 |        1400 | Payam       | Kaufling    |
|        121 |        1500 | Payam       | Kaufling    |
|        200 |        1700 | Payam       | Kaufling    |
|        114 |        1700 | Payam       | Kaufling    |
|        100 |        1700 | Payam       | Kaufling    |
|        108 |        1700 | Payam       | Kaufling    |
|        205 |        1700 | Payam       | Kaufling    |
|          0 |        1700 | Payam       | Kaufling    |
|          0 |        1700 | Payam       | Kaufling    |
|          0 |        1700 | Payam       | Kaufling    |
|          0 |        1700 | Payam       | Kaufling    |
|          0 |        1700 | Payam       | Kaufling    |
|          0 |        1700 | Payam       | Kaufling    |
|          0 |        1700 | Payam       | Kaufling    |
|          0 |        1700 | Payam       | Kaufling    |
|          0 |        1700 | Payam       | Kaufling    |
|          0 |        1700 | Payam       | Kaufling    |
|          0 |        1700 | Payam       | Kaufling    |
|          0 |        1700 | Payam       | Kaufling    |
|          0 |        1700 | Payam       | Kaufling    |
|          0 |        1700 | Payam       | Kaufling    |
|          0 |        1700 | Payam       | Kaufling    |
|          0 |        1700 | Payam       | Kaufling    |
|        103 |        1400 | Shanta      | Vollman     |
|        121 |        1500 | Shanta      | Vollman     |
|        200 |        1700 | Shanta      | Vollman     |
|        114 |        1700 | Shanta      | Vollman     |
|        100 |        1700 | Shanta      | Vollman     |
|        108 |        1700 | Shanta      | Vollman     |
|        205 |        1700 | Shanta      | Vollman     |
|          0 |        1700 | Shanta      | Vollman     |
|          0 |        1700 | Shanta      | Vollman     |
|          0 |        1700 | Shanta      | Vollman     |
|          0 |        1700 | Shanta      | Vollman     |
|          0 |        1700 | Shanta      | Vollman     |
|          0 |        1700 | Shanta      | Vollman     |
|          0 |        1700 | Shanta      | Vollman     |
|          0 |        1700 | Shanta      | Vollman     |
|          0 |        1700 | Shanta      | Vollman     |
|          0 |        1700 | Shanta      | Vollman     |
|          0 |        1700 | Shanta      | Vollman     |
|          0 |        1700 | Shanta      | Vollman     |
|          0 |        1700 | Shanta      | Vollman     |
|          0 |        1700 | Shanta      | Vollman     |
|          0 |        1700 | Shanta      | Vollman     |
|          0 |        1700 | Shanta      | Vollman     |
|        103 |        1400 | Kevin       | Mourgos     |
|        121 |        1500 | Kevin       | Mourgos     |
|        200 |        1700 | Kevin       | Mourgos     |
|        114 |        1700 | Kevin       | Mourgos     |
|        100 |        1700 | Kevin       | Mourgos     |
|        108 |        1700 | Kevin       | Mourgos     |
|        205 |        1700 | Kevin       | Mourgos     |
|          0 |        1700 | Kevin       | Mourgos     |
|          0 |        1700 | Kevin       | Mourgos     |
|          0 |        1700 | Kevin       | Mourgos     |
|          0 |        1700 | Kevin       | Mourgos     |
|          0 |        1700 | Kevin       | Mourgos     |
|          0 |        1700 | Kevin       | Mourgos     |
|          0 |        1700 | Kevin       | Mourgos     |
|          0 |        1700 | Kevin       | Mourgos     |
|          0 |        1700 | Kevin       | Mourgos     |
|          0 |        1700 | Kevin       | Mourgos     |
|          0 |        1700 | Kevin       | Mourgos     |
|          0 |        1700 | Kevin       | Mourgos     |
|          0 |        1700 | Kevin       | Mourgos     |
|          0 |        1700 | Kevin       | Mourgos     |
|          0 |        1700 | Kevin       | Mourgos     |
|          0 |        1700 | Kevin       | Mourgos     |
|        103 |        1400 | Julia       | Nayer       |
|        121 |        1500 | Julia       | Nayer       |
|        200 |        1700 | Julia       | Nayer       |
|        114 |        1700 | Julia       | Nayer       |
|        100 |        1700 | Julia       | Nayer       |
|        108 |        1700 | Julia       | Nayer       |
|        205 |        1700 | Julia       | Nayer       |
|          0 |        1700 | Julia       | Nayer       |
|          0 |        1700 | Julia       | Nayer       |
|          0 |        1700 | Julia       | Nayer       |
|          0 |        1700 | Julia       | Nayer       |
|          0 |        1700 | Julia       | Nayer       |
|          0 |        1700 | Julia       | Nayer       |
|          0 |        1700 | Julia       | Nayer       |
|          0 |        1700 | Julia       | Nayer       |
|          0 |        1700 | Julia       | Nayer       |
|          0 |        1700 | Julia       | Nayer       |
|          0 |        1700 | Julia       | Nayer       |
|          0 |        1700 | Julia       | Nayer       |
|          0 |        1700 | Julia       | Nayer       |
|          0 |        1700 | Julia       | Nayer       |
|          0 |        1700 | Julia       | Nayer       |
|          0 |        1700 | Julia       | Nayer       |
|        103 |        1400 | Irene       | Mikkilineni |
|        121 |        1500 | Irene       | Mikkilineni |
|        200 |        1700 | Irene       | Mikkilineni |
|        114 |        1700 | Irene       | Mikkilineni |
|        100 |        1700 | Irene       | Mikkilineni |
|        108 |        1700 | Irene       | Mikkilineni |
|        205 |        1700 | Irene       | Mikkilineni |
|          0 |        1700 | Irene       | Mikkilineni |
|          0 |        1700 | Irene       | Mikkilineni |
|          0 |        1700 | Irene       | Mikkilineni |
|          0 |        1700 | Irene       | Mikkilineni |
|          0 |        1700 | Irene       | Mikkilineni |
|          0 |        1700 | Irene       | Mikkilineni |
|          0 |        1700 | Irene       | Mikkilineni |
|          0 |        1700 | Irene       | Mikkilineni |
|          0 |        1700 | Irene       | Mikkilineni |
|          0 |        1700 | Irene       | Mikkilineni |
|          0 |        1700 | Irene       | Mikkilineni |
|          0 |        1700 | Irene       | Mikkilineni |
|          0 |        1700 | Irene       | Mikkilineni |
|          0 |        1700 | Irene       | Mikkilineni |
|          0 |        1700 | Irene       | Mikkilineni |
|          0 |        1700 | Irene       | Mikkilineni |
|        103 |        1400 | James       | Landry      |
|        121 |        1500 | James       | Landry      |
|        200 |        1700 | James       | Landry      |
|        114 |        1700 | James       | Landry      |
|        100 |        1700 | James       | Landry      |
|        108 |        1700 | James       | Landry      |
|        205 |        1700 | James       | Landry      |
|          0 |        1700 | James       | Landry      |
|          0 |        1700 | James       | Landry      |
|          0 |        1700 | James       | Landry      |
|          0 |        1700 | James       | Landry      |
|          0 |        1700 | James       | Landry      |
|          0 |        1700 | James       | Landry      |
|          0 |        1700 | James       | Landry      |
|          0 |        1700 | James       | Landry      |
|          0 |        1700 | James       | Landry      |
|          0 |        1700 | James       | Landry      |
|          0 |        1700 | James       | Landry      |
|          0 |        1700 | James       | Landry      |
|          0 |        1700 | James       | Landry      |
|          0 |        1700 | James       | Landry      |
|          0 |        1700 | James       | Landry      |
|          0 |        1700 | James       | Landry      |
|        103 |        1400 | Steven      | Markle      |
|        121 |        1500 | Steven      | Markle      |
|        200 |        1700 | Steven      | Markle      |
|        114 |        1700 | Steven      | Markle      |
|        100 |        1700 | Steven      | Markle      |
|        108 |        1700 | Steven      | Markle      |
|        205 |        1700 | Steven      | Markle      |
|          0 |        1700 | Steven      | Markle      |
|          0 |        1700 | Steven      | Markle      |
|          0 |        1700 | Steven      | Markle      |
|          0 |        1700 | Steven      | Markle      |
|          0 |        1700 | Steven      | Markle      |
|          0 |        1700 | Steven      | Markle      |
|          0 |        1700 | Steven      | Markle      |
|          0 |        1700 | Steven      | Markle      |
|          0 |        1700 | Steven      | Markle      |
|          0 |        1700 | Steven      | Markle      |
|          0 |        1700 | Steven      | Markle      |
|          0 |        1700 | Steven      | Markle      |
|          0 |        1700 | Steven      | Markle      |
|          0 |        1700 | Steven      | Markle      |
|          0 |        1700 | Steven      | Markle      |
|          0 |        1700 | Steven      | Markle      |
|        103 |        1400 | Laura       | Bissot      |
|        121 |        1500 | Laura       | Bissot      |
|        200 |        1700 | Laura       | Bissot      |
|        114 |        1700 | Laura       | Bissot      |
|        100 |        1700 | Laura       | Bissot      |
|        108 |        1700 | Laura       | Bissot      |
|        205 |        1700 | Laura       | Bissot      |
|          0 |        1700 | Laura       | Bissot      |
|          0 |        1700 | Laura       | Bissot      |
|          0 |        1700 | Laura       | Bissot      |
|          0 |        1700 | Laura       | Bissot      |
|          0 |        1700 | Laura       | Bissot      |
|          0 |        1700 | Laura       | Bissot      |
|          0 |        1700 | Laura       | Bissot      |
|          0 |        1700 | Laura       | Bissot      |
|          0 |        1700 | Laura       | Bissot      |
|          0 |        1700 | Laura       | Bissot      |
|          0 |        1700 | Laura       | Bissot      |
|          0 |        1700 | Laura       | Bissot      |
|          0 |        1700 | Laura       | Bissot      |
|          0 |        1700 | Laura       | Bissot      |
|          0 |        1700 | Laura       | Bissot      |
|          0 |        1700 | Laura       | Bissot      |
|        103 |        1400 | Mozhe       | Atkinson    |
|        121 |        1500 | Mozhe       | Atkinson    |
|        200 |        1700 | Mozhe       | Atkinson    |
|        114 |        1700 | Mozhe       | Atkinson    |
|        100 |        1700 | Mozhe       | Atkinson    |
|        108 |        1700 | Mozhe       | Atkinson    |
|        205 |        1700 | Mozhe       | Atkinson    |
|          0 |        1700 | Mozhe       | Atkinson    |
|          0 |        1700 | Mozhe       | Atkinson    |
|          0 |        1700 | Mozhe       | Atkinson    |
|          0 |        1700 | Mozhe       | Atkinson    |
|          0 |        1700 | Mozhe       | Atkinson    |
|          0 |        1700 | Mozhe       | Atkinson    |
|          0 |        1700 | Mozhe       | Atkinson    |
|          0 |        1700 | Mozhe       | Atkinson    |
|          0 |        1700 | Mozhe       | Atkinson    |
|          0 |        1700 | Mozhe       | Atkinson    |
|          0 |        1700 | Mozhe       | Atkinson    |
|          0 |        1700 | Mozhe       | Atkinson    |
|          0 |        1700 | Mozhe       | Atkinson    |
|          0 |        1700 | Mozhe       | Atkinson    |
|          0 |        1700 | Mozhe       | Atkinson    |
|          0 |        1700 | Mozhe       | Atkinson    |
|        103 |        1400 | James       | Marlow      |
|        121 |        1500 | James       | Marlow      |
|        200 |        1700 | James       | Marlow      |
|        114 |        1700 | James       | Marlow      |
|        100 |        1700 | James       | Marlow      |
|        108 |        1700 | James       | Marlow      |
|        205 |        1700 | James       | Marlow      |
|          0 |        1700 | James       | Marlow      |
|          0 |        1700 | James       | Marlow      |
|          0 |        1700 | James       | Marlow      |
|          0 |        1700 | James       | Marlow      |
|          0 |        1700 | James       | Marlow      |
|          0 |        1700 | James       | Marlow      |
|          0 |        1700 | James       | Marlow      |
|          0 |        1700 | James       | Marlow      |
|          0 |        1700 | James       | Marlow      |
|          0 |        1700 | James       | Marlow      |
|          0 |        1700 | James       | Marlow      |
|          0 |        1700 | James       | Marlow      |
|          0 |        1700 | James       | Marlow      |
|          0 |        1700 | James       | Marlow      |
|          0 |        1700 | James       | Marlow      |
|          0 |        1700 | James       | Marlow      |
|        103 |        1400 | TJ          | Olson       |
|        121 |        1500 | TJ          | Olson       |
|        200 |        1700 | TJ          | Olson       |
|        114 |        1700 | TJ          | Olson       |
|        100 |        1700 | TJ          | Olson       |
|        108 |        1700 | TJ          | Olson       |
|        205 |        1700 | TJ          | Olson       |
|          0 |        1700 | TJ          | Olson       |
|          0 |        1700 | TJ          | Olson       |
|          0 |        1700 | TJ          | Olson       |
|          0 |        1700 | TJ          | Olson       |
|          0 |        1700 | TJ          | Olson       |
|          0 |        1700 | TJ          | Olson       |
|          0 |        1700 | TJ          | Olson       |
|          0 |        1700 | TJ          | Olson       |
|          0 |        1700 | TJ          | Olson       |
|          0 |        1700 | TJ          | Olson       |
|          0 |        1700 | TJ          | Olson       |
|          0 |        1700 | TJ          | Olson       |
|          0 |        1700 | TJ          | Olson       |
|          0 |        1700 | TJ          | Olson       |
|          0 |        1700 | TJ          | Olson       |
|          0 |        1700 | TJ          | Olson       |
|        103 |        1400 | Jason       | Mallin      |
|        121 |        1500 | Jason       | Mallin      |
|        200 |        1700 | Jason       | Mallin      |
|        114 |        1700 | Jason       | Mallin      |
|        100 |        1700 | Jason       | Mallin      |
|        108 |        1700 | Jason       | Mallin      |
|        205 |        1700 | Jason       | Mallin      |
|          0 |        1700 | Jason       | Mallin      |
|          0 |        1700 | Jason       | Mallin      |
|          0 |        1700 | Jason       | Mallin      |
|          0 |        1700 | Jason       | Mallin      |
|          0 |        1700 | Jason       | Mallin      |
|          0 |        1700 | Jason       | Mallin      |
|          0 |        1700 | Jason       | Mallin      |
|          0 |        1700 | Jason       | Mallin      |
|          0 |        1700 | Jason       | Mallin      |
|          0 |        1700 | Jason       | Mallin      |
|          0 |        1700 | Jason       | Mallin      |
|          0 |        1700 | Jason       | Mallin      |
|          0 |        1700 | Jason       | Mallin      |
|          0 |        1700 | Jason       | Mallin      |
|          0 |        1700 | Jason       | Mallin      |
|          0 |        1700 | Jason       | Mallin      |
|        103 |        1400 | Michael     | Rogers      |
|        121 |        1500 | Michael     | Rogers      |
|        200 |        1700 | Michael     | Rogers      |
|        114 |        1700 | Michael     | Rogers      |
|        100 |        1700 | Michael     | Rogers      |
|        108 |        1700 | Michael     | Rogers      |
|        205 |        1700 | Michael     | Rogers      |
|          0 |        1700 | Michael     | Rogers      |
|          0 |        1700 | Michael     | Rogers      |
|          0 |        1700 | Michael     | Rogers      |
|          0 |        1700 | Michael     | Rogers      |
|          0 |        1700 | Michael     | Rogers      |
|          0 |        1700 | Michael     | Rogers      |
|          0 |        1700 | Michael     | Rogers      |
|          0 |        1700 | Michael     | Rogers      |
|          0 |        1700 | Michael     | Rogers      |
|          0 |        1700 | Michael     | Rogers      |
|          0 |        1700 | Michael     | Rogers      |
|          0 |        1700 | Michael     | Rogers      |
|          0 |        1700 | Michael     | Rogers      |
|          0 |        1700 | Michael     | Rogers      |
|          0 |        1700 | Michael     | Rogers      |
|          0 |        1700 | Michael     | Rogers      |
|        103 |        1400 | Ki          | Gee         |
|        121 |        1500 | Ki          | Gee         |
|        200 |        1700 | Ki          | Gee         |
|        114 |        1700 | Ki          | Gee         |
|        100 |        1700 | Ki          | Gee         |
|        108 |        1700 | Ki          | Gee         |
|        205 |        1700 | Ki          | Gee         |
|          0 |        1700 | Ki          | Gee         |
|          0 |        1700 | Ki          | Gee         |
|          0 |        1700 | Ki          | Gee         |
|          0 |        1700 | Ki          | Gee         |
|          0 |        1700 | Ki          | Gee         |
|          0 |        1700 | Ki          | Gee         |
|          0 |        1700 | Ki          | Gee         |
|          0 |        1700 | Ki          | Gee         |
|          0 |        1700 | Ki          | Gee         |
|          0 |        1700 | Ki          | Gee         |
|          0 |        1700 | Ki          | Gee         |
|          0 |        1700 | Ki          | Gee         |
|          0 |        1700 | Ki          | Gee         |
|          0 |        1700 | Ki          | Gee         |
|          0 |        1700 | Ki          | Gee         |
|          0 |        1700 | Ki          | Gee         |
|        103 |        1400 | Hazel       | Philtanker  |
|        121 |        1500 | Hazel       | Philtanker  |
|        200 |        1700 | Hazel       | Philtanker  |
|        114 |        1700 | Hazel       | Philtanker  |
|        100 |        1700 | Hazel       | Philtanker  |
|        108 |        1700 | Hazel       | Philtanker  |
|        205 |        1700 | Hazel       | Philtanker  |
|          0 |        1700 | Hazel       | Philtanker  |
|          0 |        1700 | Hazel       | Philtanker  |
|          0 |        1700 | Hazel       | Philtanker  |
|          0 |        1700 | Hazel       | Philtanker  |
|          0 |        1700 | Hazel       | Philtanker  |
|          0 |        1700 | Hazel       | Philtanker  |
|          0 |        1700 | Hazel       | Philtanker  |
|          0 |        1700 | Hazel       | Philtanker  |
|          0 |        1700 | Hazel       | Philtanker  |
|          0 |        1700 | Hazel       | Philtanker  |
|          0 |        1700 | Hazel       | Philtanker  |
|          0 |        1700 | Hazel       | Philtanker  |
|          0 |        1700 | Hazel       | Philtanker  |
|          0 |        1700 | Hazel       | Philtanker  |
|          0 |        1700 | Hazel       | Philtanker  |
|          0 |        1700 | Hazel       | Philtanker  |
|        103 |        1400 | Renske      | Ladwig      |
|        121 |        1500 | Renske      | Ladwig      |
|        200 |        1700 | Renske      | Ladwig      |
|        114 |        1700 | Renske      | Ladwig      |
|        100 |        1700 | Renske      | Ladwig      |
|        108 |        1700 | Renske      | Ladwig      |
|        205 |        1700 | Renske      | Ladwig      |
|          0 |        1700 | Renske      | Ladwig      |
|          0 |        1700 | Renske      | Ladwig      |
|          0 |        1700 | Renske      | Ladwig      |
|          0 |        1700 | Renske      | Ladwig      |
|          0 |        1700 | Renske      | Ladwig      |
|          0 |        1700 | Renske      | Ladwig      |
|          0 |        1700 | Renske      | Ladwig      |
|          0 |        1700 | Renske      | Ladwig      |
|          0 |        1700 | Renske      | Ladwig      |
|          0 |        1700 | Renske      | Ladwig      |
|          0 |        1700 | Renske      | Ladwig      |
|          0 |        1700 | Renske      | Ladwig      |
|          0 |        1700 | Renske      | Ladwig      |
|          0 |        1700 | Renske      | Ladwig      |
|          0 |        1700 | Renske      | Ladwig      |
|          0 |        1700 | Renske      | Ladwig      |
|        103 |        1400 | Stephen     | Stiles      |
|        121 |        1500 | Stephen     | Stiles      |
|        200 |        1700 | Stephen     | Stiles      |
|        114 |        1700 | Stephen     | Stiles      |
|        100 |        1700 | Stephen     | Stiles      |
|        108 |        1700 | Stephen     | Stiles      |
|        205 |        1700 | Stephen     | Stiles      |
|          0 |        1700 | Stephen     | Stiles      |
|          0 |        1700 | Stephen     | Stiles      |
|          0 |        1700 | Stephen     | Stiles      |
|          0 |        1700 | Stephen     | Stiles      |
|          0 |        1700 | Stephen     | Stiles      |
|          0 |        1700 | Stephen     | Stiles      |
|          0 |        1700 | Stephen     | Stiles      |
|          0 |        1700 | Stephen     | Stiles      |
|          0 |        1700 | Stephen     | Stiles      |
|          0 |        1700 | Stephen     | Stiles      |
|          0 |        1700 | Stephen     | Stiles      |
|          0 |        1700 | Stephen     | Stiles      |
|          0 |        1700 | Stephen     | Stiles      |
|          0 |        1700 | Stephen     | Stiles      |
|          0 |        1700 | Stephen     | Stiles      |
|          0 |        1700 | Stephen     | Stiles      |
|        103 |        1400 | John        | Seo         |
|        121 |        1500 | John        | Seo         |
|        200 |        1700 | John        | Seo         |
|        114 |        1700 | John        | Seo         |
|        100 |        1700 | John        | Seo         |
|        108 |        1700 | John        | Seo         |
|        205 |        1700 | John        | Seo         |
|          0 |        1700 | John        | Seo         |
|          0 |        1700 | John        | Seo         |
|          0 |        1700 | John        | Seo         |
|          0 |        1700 | John        | Seo         |
|          0 |        1700 | John        | Seo         |
|          0 |        1700 | John        | Seo         |
|          0 |        1700 | John        | Seo         |
|          0 |        1700 | John        | Seo         |
|          0 |        1700 | John        | Seo         |
|          0 |        1700 | John        | Seo         |
|          0 |        1700 | John        | Seo         |
|          0 |        1700 | John        | Seo         |
|          0 |        1700 | John        | Seo         |
|          0 |        1700 | John        | Seo         |
|          0 |        1700 | John        | Seo         |
|          0 |        1700 | John        | Seo         |
|        103 |        1400 | Joshua      | Patel       |
|        121 |        1500 | Joshua      | Patel       |
|        200 |        1700 | Joshua      | Patel       |
|        114 |        1700 | Joshua      | Patel       |
|        100 |        1700 | Joshua      | Patel       |
|        108 |        1700 | Joshua      | Patel       |
|        205 |        1700 | Joshua      | Patel       |
|          0 |        1700 | Joshua      | Patel       |
|          0 |        1700 | Joshua      | Patel       |
|          0 |        1700 | Joshua      | Patel       |
|          0 |        1700 | Joshua      | Patel       |
|          0 |        1700 | Joshua      | Patel       |
|          0 |        1700 | Joshua      | Patel       |
|          0 |        1700 | Joshua      | Patel       |
|          0 |        1700 | Joshua      | Patel       |
|          0 |        1700 | Joshua      | Patel       |
|          0 |        1700 | Joshua      | Patel       |
|          0 |        1700 | Joshua      | Patel       |
|          0 |        1700 | Joshua      | Patel       |
|          0 |        1700 | Joshua      | Patel       |
|          0 |        1700 | Joshua      | Patel       |
|          0 |        1700 | Joshua      | Patel       |
|          0 |        1700 | Joshua      | Patel       |
|        103 |        1400 | Trenna      | Rajs        |
|        121 |        1500 | Trenna      | Rajs        |
|        200 |        1700 | Trenna      | Rajs        |
|        114 |        1700 | Trenna      | Rajs        |
|        100 |        1700 | Trenna      | Rajs        |
|        108 |        1700 | Trenna      | Rajs        |
|        205 |        1700 | Trenna      | Rajs        |
|          0 |        1700 | Trenna      | Rajs        |
|          0 |        1700 | Trenna      | Rajs        |
|          0 |        1700 | Trenna      | Rajs        |
|          0 |        1700 | Trenna      | Rajs        |
|          0 |        1700 | Trenna      | Rajs        |
|          0 |        1700 | Trenna      | Rajs        |
|          0 |        1700 | Trenna      | Rajs        |
|          0 |        1700 | Trenna      | Rajs        |
|          0 |        1700 | Trenna      | Rajs        |
|          0 |        1700 | Trenna      | Rajs        |
|          0 |        1700 | Trenna      | Rajs        |
|          0 |        1700 | Trenna      | Rajs        |
|          0 |        1700 | Trenna      | Rajs        |
|          0 |        1700 | Trenna      | Rajs        |
|          0 |        1700 | Trenna      | Rajs        |
|          0 |        1700 | Trenna      | Rajs        |
|        103 |        1400 | Curtis      | Davies      |
|        121 |        1500 | Curtis      | Davies      |
|        200 |        1700 | Curtis      | Davies      |
|        114 |        1700 | Curtis      | Davies      |
|        100 |        1700 | Curtis      | Davies      |
|        108 |        1700 | Curtis      | Davies      |
|        205 |        1700 | Curtis      | Davies      |
|          0 |        1700 | Curtis      | Davies      |
|          0 |        1700 | Curtis      | Davies      |
|          0 |        1700 | Curtis      | Davies      |
|          0 |        1700 | Curtis      | Davies      |
|          0 |        1700 | Curtis      | Davies      |
|          0 |        1700 | Curtis      | Davies      |
|          0 |        1700 | Curtis      | Davies      |
|          0 |        1700 | Curtis      | Davies      |
|          0 |        1700 | Curtis      | Davies      |
|          0 |        1700 | Curtis      | Davies      |
|          0 |        1700 | Curtis      | Davies      |
|          0 |        1700 | Curtis      | Davies      |
|          0 |        1700 | Curtis      | Davies      |
|          0 |        1700 | Curtis      | Davies      |
|          0 |        1700 | Curtis      | Davies      |
|          0 |        1700 | Curtis      | Davies      |
|        103 |        1400 | Randall     | Matos       |
|        121 |        1500 | Randall     | Matos       |
|        200 |        1700 | Randall     | Matos       |
|        114 |        1700 | Randall     | Matos       |
|        100 |        1700 | Randall     | Matos       |
|        108 |        1700 | Randall     | Matos       |
|        205 |        1700 | Randall     | Matos       |
|          0 |        1700 | Randall     | Matos       |
|          0 |        1700 | Randall     | Matos       |
|          0 |        1700 | Randall     | Matos       |
|          0 |        1700 | Randall     | Matos       |
|          0 |        1700 | Randall     | Matos       |
|          0 |        1700 | Randall     | Matos       |
|          0 |        1700 | Randall     | Matos       |
|          0 |        1700 | Randall     | Matos       |
|          0 |        1700 | Randall     | Matos       |
|          0 |        1700 | Randall     | Matos       |
|          0 |        1700 | Randall     | Matos       |
|          0 |        1700 | Randall     | Matos       |
|          0 |        1700 | Randall     | Matos       |
|          0 |        1700 | Randall     | Matos       |
|          0 |        1700 | Randall     | Matos       |
|          0 |        1700 | Randall     | Matos       |
|        103 |        1400 | Peter       | Vargas      |
|        121 |        1500 | Peter       | Vargas      |
|        200 |        1700 | Peter       | Vargas      |
|        114 |        1700 | Peter       | Vargas      |
|        100 |        1700 | Peter       | Vargas      |
|        108 |        1700 | Peter       | Vargas      |
|        205 |        1700 | Peter       | Vargas      |
|          0 |        1700 | Peter       | Vargas      |
|          0 |        1700 | Peter       | Vargas      |
|          0 |        1700 | Peter       | Vargas      |
|          0 |        1700 | Peter       | Vargas      |
|          0 |        1700 | Peter       | Vargas      |
|          0 |        1700 | Peter       | Vargas      |
|          0 |        1700 | Peter       | Vargas      |
|          0 |        1700 | Peter       | Vargas      |
|          0 |        1700 | Peter       | Vargas      |
|          0 |        1700 | Peter       | Vargas      |
|          0 |        1700 | Peter       | Vargas      |
|          0 |        1700 | Peter       | Vargas      |
|          0 |        1700 | Peter       | Vargas      |
|          0 |        1700 | Peter       | Vargas      |
|          0 |        1700 | Peter       | Vargas      |
|          0 |        1700 | Peter       | Vargas      |
|        103 |        1400 | John        | Russell     |
|        121 |        1500 | John        | Russell     |
|        200 |        1700 | John        | Russell     |
|        114 |        1700 | John        | Russell     |
|        100 |        1700 | John        | Russell     |
|        108 |        1700 | John        | Russell     |
|        205 |        1700 | John        | Russell     |
|          0 |        1700 | John        | Russell     |
|          0 |        1700 | John        | Russell     |
|          0 |        1700 | John        | Russell     |
|          0 |        1700 | John        | Russell     |
|          0 |        1700 | John        | Russell     |
|          0 |        1700 | John        | Russell     |
|          0 |        1700 | John        | Russell     |
|          0 |        1700 | John        | Russell     |
|          0 |        1700 | John        | Russell     |
|          0 |        1700 | John        | Russell     |
|          0 |        1700 | John        | Russell     |
|          0 |        1700 | John        | Russell     |
|          0 |        1700 | John        | Russell     |
|          0 |        1700 | John        | Russell     |
|          0 |        1700 | John        | Russell     |
|          0 |        1700 | John        | Russell     |
|        103 |        1400 | Karen       | Partners    |
|        121 |        1500 | Karen       | Partners    |
|        200 |        1700 | Karen       | Partners    |
|        114 |        1700 | Karen       | Partners    |
|        100 |        1700 | Karen       | Partners    |
|        108 |        1700 | Karen       | Partners    |
|        205 |        1700 | Karen       | Partners    |
|          0 |        1700 | Karen       | Partners    |
|          0 |        1700 | Karen       | Partners    |
|          0 |        1700 | Karen       | Partners    |
|          0 |        1700 | Karen       | Partners    |
|          0 |        1700 | Karen       | Partners    |
|          0 |        1700 | Karen       | Partners    |
|          0 |        1700 | Karen       | Partners    |
|          0 |        1700 | Karen       | Partners    |
|          0 |        1700 | Karen       | Partners    |
|          0 |        1700 | Karen       | Partners    |
|          0 |        1700 | Karen       | Partners    |
|          0 |        1700 | Karen       | Partners    |
|          0 |        1700 | Karen       | Partners    |
|          0 |        1700 | Karen       | Partners    |
|          0 |        1700 | Karen       | Partners    |
|          0 |        1700 | Karen       | Partners    |
|        103 |        1400 | Alberto     | Errazuriz   |
|        121 |        1500 | Alberto     | Errazuriz   |
|        200 |        1700 | Alberto     | Errazuriz   |
|        114 |        1700 | Alberto     | Errazuriz   |
|        100 |        1700 | Alberto     | Errazuriz   |
|        108 |        1700 | Alberto     | Errazuriz   |
|        205 |        1700 | Alberto     | Errazuriz   |
|          0 |        1700 | Alberto     | Errazuriz   |
|          0 |        1700 | Alberto     | Errazuriz   |
|          0 |        1700 | Alberto     | Errazuriz   |
|          0 |        1700 | Alberto     | Errazuriz   |
|          0 |        1700 | Alberto     | Errazuriz   |
|          0 |        1700 | Alberto     | Errazuriz   |
|          0 |        1700 | Alberto     | Errazuriz   |
|          0 |        1700 | Alberto     | Errazuriz   |
|          0 |        1700 | Alberto     | Errazuriz   |
|          0 |        1700 | Alberto     | Errazuriz   |
|          0 |        1700 | Alberto     | Errazuriz   |
|          0 |        1700 | Alberto     | Errazuriz   |
|          0 |        1700 | Alberto     | Errazuriz   |
|          0 |        1700 | Alberto     | Errazuriz   |
|          0 |        1700 | Alberto     | Errazuriz   |
|          0 |        1700 | Alberto     | Errazuriz   |
|        103 |        1400 | Gerald      | Cambrault   |
|        121 |        1500 | Gerald      | Cambrault   |
|        200 |        1700 | Gerald      | Cambrault   |
|        114 |        1700 | Gerald      | Cambrault   |
|        100 |        1700 | Gerald      | Cambrault   |
|        108 |        1700 | Gerald      | Cambrault   |
|        205 |        1700 | Gerald      | Cambrault   |
|          0 |        1700 | Gerald      | Cambrault   |
|          0 |        1700 | Gerald      | Cambrault   |
|          0 |        1700 | Gerald      | Cambrault   |
|          0 |        1700 | Gerald      | Cambrault   |
|          0 |        1700 | Gerald      | Cambrault   |
|          0 |        1700 | Gerald      | Cambrault   |
|          0 |        1700 | Gerald      | Cambrault   |
|          0 |        1700 | Gerald      | Cambrault   |
|          0 |        1700 | Gerald      | Cambrault   |
|          0 |        1700 | Gerald      | Cambrault   |
|          0 |        1700 | Gerald      | Cambrault   |
|          0 |        1700 | Gerald      | Cambrault   |
|          0 |        1700 | Gerald      | Cambrault   |
|          0 |        1700 | Gerald      | Cambrault   |
|          0 |        1700 | Gerald      | Cambrault   |
|          0 |        1700 | Gerald      | Cambrault   |
|        103 |        1400 | Eleni       | Zlotkey     |
|        121 |        1500 | Eleni       | Zlotkey     |
|        200 |        1700 | Eleni       | Zlotkey     |
|        114 |        1700 | Eleni       | Zlotkey     |
|        100 |        1700 | Eleni       | Zlotkey     |
|        108 |        1700 | Eleni       | Zlotkey     |
|        205 |        1700 | Eleni       | Zlotkey     |
|          0 |        1700 | Eleni       | Zlotkey     |
|          0 |        1700 | Eleni       | Zlotkey     |
|          0 |        1700 | Eleni       | Zlotkey     |
|          0 |        1700 | Eleni       | Zlotkey     |
|          0 |        1700 | Eleni       | Zlotkey     |
|          0 |        1700 | Eleni       | Zlotkey     |
|          0 |        1700 | Eleni       | Zlotkey     |
|          0 |        1700 | Eleni       | Zlotkey     |
|          0 |        1700 | Eleni       | Zlotkey     |
|          0 |        1700 | Eleni       | Zlotkey     |
|          0 |        1700 | Eleni       | Zlotkey     |
|          0 |        1700 | Eleni       | Zlotkey     |
|          0 |        1700 | Eleni       | Zlotkey     |
|          0 |        1700 | Eleni       | Zlotkey     |
|          0 |        1700 | Eleni       | Zlotkey     |
|          0 |        1700 | Eleni       | Zlotkey     |
|        103 |        1400 | Peter       | Tucker      |
|        121 |        1500 | Peter       | Tucker      |
|        200 |        1700 | Peter       | Tucker      |
|        114 |        1700 | Peter       | Tucker      |
|        100 |        1700 | Peter       | Tucker      |
|        108 |        1700 | Peter       | Tucker      |
|        205 |        1700 | Peter       | Tucker      |
|          0 |        1700 | Peter       | Tucker      |
|          0 |        1700 | Peter       | Tucker      |
|          0 |        1700 | Peter       | Tucker      |
|          0 |        1700 | Peter       | Tucker      |
|          0 |        1700 | Peter       | Tucker      |
|          0 |        1700 | Peter       | Tucker      |
|          0 |        1700 | Peter       | Tucker      |
|          0 |        1700 | Peter       | Tucker      |
|          0 |        1700 | Peter       | Tucker      |
|          0 |        1700 | Peter       | Tucker      |
|          0 |        1700 | Peter       | Tucker      |
|          0 |        1700 | Peter       | Tucker      |
|          0 |        1700 | Peter       | Tucker      |
|          0 |        1700 | Peter       | Tucker      |
|          0 |        1700 | Peter       | Tucker      |
|          0 |        1700 | Peter       | Tucker      |
|        103 |        1400 | David       | Bernstein   |
|        121 |        1500 | David       | Bernstein   |
|        200 |        1700 | David       | Bernstein   |
|        114 |        1700 | David       | Bernstein   |
|        100 |        1700 | David       | Bernstein   |
|        108 |        1700 | David       | Bernstein   |
|        205 |        1700 | David       | Bernstein   |
|          0 |        1700 | David       | Bernstein   |
|          0 |        1700 | David       | Bernstein   |
|          0 |        1700 | David       | Bernstein   |
|          0 |        1700 | David       | Bernstein   |
|          0 |        1700 | David       | Bernstein   |
|          0 |        1700 | David       | Bernstein   |
|          0 |        1700 | David       | Bernstein   |
|          0 |        1700 | David       | Bernstein   |
|          0 |        1700 | David       | Bernstein   |
|          0 |        1700 | David       | Bernstein   |
|          0 |        1700 | David       | Bernstein   |
|          0 |        1700 | David       | Bernstein   |
|          0 |        1700 | David       | Bernstein   |
|          0 |        1700 | David       | Bernstein   |
|          0 |        1700 | David       | Bernstein   |
|          0 |        1700 | David       | Bernstein   |
|        103 |        1400 | Peter       | Hall        |
|        121 |        1500 | Peter       | Hall        |
|        200 |        1700 | Peter       | Hall        |
|        114 |        1700 | Peter       | Hall        |
|        100 |        1700 | Peter       | Hall        |
|        108 |        1700 | Peter       | Hall        |
|        205 |        1700 | Peter       | Hall        |
|          0 |        1700 | Peter       | Hall        |
|          0 |        1700 | Peter       | Hall        |
|          0 |        1700 | Peter       | Hall        |
|          0 |        1700 | Peter       | Hall        |
|          0 |        1700 | Peter       | Hall        |
|          0 |        1700 | Peter       | Hall        |
|          0 |        1700 | Peter       | Hall        |
|          0 |        1700 | Peter       | Hall        |
|          0 |        1700 | Peter       | Hall        |
|          0 |        1700 | Peter       | Hall        |
|          0 |        1700 | Peter       | Hall        |
|          0 |        1700 | Peter       | Hall        |
|          0 |        1700 | Peter       | Hall        |
|          0 |        1700 | Peter       | Hall        |
|          0 |        1700 | Peter       | Hall        |
|          0 |        1700 | Peter       | Hall        |
|        103 |        1400 | Christopher | Olsen       |
|        121 |        1500 | Christopher | Olsen       |
|        200 |        1700 | Christopher | Olsen       |
|        114 |        1700 | Christopher | Olsen       |
|        100 |        1700 | Christopher | Olsen       |
|        108 |        1700 | Christopher | Olsen       |
|        205 |        1700 | Christopher | Olsen       |
|          0 |        1700 | Christopher | Olsen       |
|          0 |        1700 | Christopher | Olsen       |
|          0 |        1700 | Christopher | Olsen       |
|          0 |        1700 | Christopher | Olsen       |
|          0 |        1700 | Christopher | Olsen       |
|          0 |        1700 | Christopher | Olsen       |
|          0 |        1700 | Christopher | Olsen       |
|          0 |        1700 | Christopher | Olsen       |
|          0 |        1700 | Christopher | Olsen       |
|          0 |        1700 | Christopher | Olsen       |
|          0 |        1700 | Christopher | Olsen       |
|          0 |        1700 | Christopher | Olsen       |
|          0 |        1700 | Christopher | Olsen       |
|          0 |        1700 | Christopher | Olsen       |
|          0 |        1700 | Christopher | Olsen       |
|          0 |        1700 | Christopher | Olsen       |
|        103 |        1400 | Nanette     | Cambrault   |
|        121 |        1500 | Nanette     | Cambrault   |
|        200 |        1700 | Nanette     | Cambrault   |
|        114 |        1700 | Nanette     | Cambrault   |
|        100 |        1700 | Nanette     | Cambrault   |
|        108 |        1700 | Nanette     | Cambrault   |
|        205 |        1700 | Nanette     | Cambrault   |
|          0 |        1700 | Nanette     | Cambrault   |
|          0 |        1700 | Nanette     | Cambrault   |
|          0 |        1700 | Nanette     | Cambrault   |
|          0 |        1700 | Nanette     | Cambrault   |
|          0 |        1700 | Nanette     | Cambrault   |
|          0 |        1700 | Nanette     | Cambrault   |
|          0 |        1700 | Nanette     | Cambrault   |
|          0 |        1700 | Nanette     | Cambrault   |
|          0 |        1700 | Nanette     | Cambrault   |
|          0 |        1700 | Nanette     | Cambrault   |
|          0 |        1700 | Nanette     | Cambrault   |
|          0 |        1700 | Nanette     | Cambrault   |
|          0 |        1700 | Nanette     | Cambrault   |
|          0 |        1700 | Nanette     | Cambrault   |
|          0 |        1700 | Nanette     | Cambrault   |
|          0 |        1700 | Nanette     | Cambrault   |
|        103 |        1400 | Oliver      | Tuvault     |
|        121 |        1500 | Oliver      | Tuvault     |
|        200 |        1700 | Oliver      | Tuvault     |
|        114 |        1700 | Oliver      | Tuvault     |
|        100 |        1700 | Oliver      | Tuvault     |
|        108 |        1700 | Oliver      | Tuvault     |
|        205 |        1700 | Oliver      | Tuvault     |
|          0 |        1700 | Oliver      | Tuvault     |
|          0 |        1700 | Oliver      | Tuvault     |
|          0 |        1700 | Oliver      | Tuvault     |
|          0 |        1700 | Oliver      | Tuvault     |
|          0 |        1700 | Oliver      | Tuvault     |
|          0 |        1700 | Oliver      | Tuvault     |
|          0 |        1700 | Oliver      | Tuvault     |
|          0 |        1700 | Oliver      | Tuvault     |
|          0 |        1700 | Oliver      | Tuvault     |
|          0 |        1700 | Oliver      | Tuvault     |
|          0 |        1700 | Oliver      | Tuvault     |
|          0 |        1700 | Oliver      | Tuvault     |
|          0 |        1700 | Oliver      | Tuvault     |
|          0 |        1700 | Oliver      | Tuvault     |
|          0 |        1700 | Oliver      | Tuvault     |
|          0 |        1700 | Oliver      | Tuvault     |
|        103 |        1400 | Janette     | King        |
|        121 |        1500 | Janette     | King        |
|        200 |        1700 | Janette     | King        |
|        114 |        1700 | Janette     | King        |
|        100 |        1700 | Janette     | King        |
|        108 |        1700 | Janette     | King        |
|        205 |        1700 | Janette     | King        |
|          0 |        1700 | Janette     | King        |
|          0 |        1700 | Janette     | King        |
|          0 |        1700 | Janette     | King        |
|          0 |        1700 | Janette     | King        |
|          0 |        1700 | Janette     | King        |
|          0 |        1700 | Janette     | King        |
|          0 |        1700 | Janette     | King        |
|          0 |        1700 | Janette     | King        |
|          0 |        1700 | Janette     | King        |
|          0 |        1700 | Janette     | King        |
|          0 |        1700 | Janette     | King        |
|          0 |        1700 | Janette     | King        |
|          0 |        1700 | Janette     | King        |
|          0 |        1700 | Janette     | King        |
|          0 |        1700 | Janette     | King        |
|          0 |        1700 | Janette     | King        |
|        103 |        1400 | Patrick     | Sully       |
|        121 |        1500 | Patrick     | Sully       |
|        200 |        1700 | Patrick     | Sully       |
|        114 |        1700 | Patrick     | Sully       |
|        100 |        1700 | Patrick     | Sully       |
|        108 |        1700 | Patrick     | Sully       |
|        205 |        1700 | Patrick     | Sully       |
|          0 |        1700 | Patrick     | Sully       |
|          0 |        1700 | Patrick     | Sully       |
|          0 |        1700 | Patrick     | Sully       |
|          0 |        1700 | Patrick     | Sully       |
|          0 |        1700 | Patrick     | Sully       |
|          0 |        1700 | Patrick     | Sully       |
|          0 |        1700 | Patrick     | Sully       |
|          0 |        1700 | Patrick     | Sully       |
|          0 |        1700 | Patrick     | Sully       |
|          0 |        1700 | Patrick     | Sully       |
|          0 |        1700 | Patrick     | Sully       |
|          0 |        1700 | Patrick     | Sully       |
|          0 |        1700 | Patrick     | Sully       |
|          0 |        1700 | Patrick     | Sully       |
|          0 |        1700 | Patrick     | Sully       |
|          0 |        1700 | Patrick     | Sully       |
|        103 |        1400 | Allan       | McEwen      |
|        121 |        1500 | Allan       | McEwen      |
|        200 |        1700 | Allan       | McEwen      |
|        114 |        1700 | Allan       | McEwen      |
|        100 |        1700 | Allan       | McEwen      |
|        108 |        1700 | Allan       | McEwen      |
|        205 |        1700 | Allan       | McEwen      |
|          0 |        1700 | Allan       | McEwen      |
|          0 |        1700 | Allan       | McEwen      |
|          0 |        1700 | Allan       | McEwen      |
|          0 |        1700 | Allan       | McEwen      |
|          0 |        1700 | Allan       | McEwen      |
|          0 |        1700 | Allan       | McEwen      |
|          0 |        1700 | Allan       | McEwen      |
|          0 |        1700 | Allan       | McEwen      |
|          0 |        1700 | Allan       | McEwen      |
|          0 |        1700 | Allan       | McEwen      |
|          0 |        1700 | Allan       | McEwen      |
|          0 |        1700 | Allan       | McEwen      |
|          0 |        1700 | Allan       | McEwen      |
|          0 |        1700 | Allan       | McEwen      |
|          0 |        1700 | Allan       | McEwen      |
|          0 |        1700 | Allan       | McEwen      |
|        103 |        1400 | Lindsey     | Smith       |
|        121 |        1500 | Lindsey     | Smith       |
|        200 |        1700 | Lindsey     | Smith       |
|        114 |        1700 | Lindsey     | Smith       |
|        100 |        1700 | Lindsey     | Smith       |
|        108 |        1700 | Lindsey     | Smith       |
|        205 |        1700 | Lindsey     | Smith       |
|          0 |        1700 | Lindsey     | Smith       |
|          0 |        1700 | Lindsey     | Smith       |
|          0 |        1700 | Lindsey     | Smith       |
|          0 |        1700 | Lindsey     | Smith       |
|          0 |        1700 | Lindsey     | Smith       |
|          0 |        1700 | Lindsey     | Smith       |
|          0 |        1700 | Lindsey     | Smith       |
|          0 |        1700 | Lindsey     | Smith       |
|          0 |        1700 | Lindsey     | Smith       |
|          0 |        1700 | Lindsey     | Smith       |
|          0 |        1700 | Lindsey     | Smith       |
|          0 |        1700 | Lindsey     | Smith       |
|          0 |        1700 | Lindsey     | Smith       |
|          0 |        1700 | Lindsey     | Smith       |
|          0 |        1700 | Lindsey     | Smith       |
|          0 |        1700 | Lindsey     | Smith       |
|        103 |        1400 | Louise      | Doran       |
|        121 |        1500 | Louise      | Doran       |
|        200 |        1700 | Louise      | Doran       |
|        114 |        1700 | Louise      | Doran       |
|        100 |        1700 | Louise      | Doran       |
|        108 |        1700 | Louise      | Doran       |
|        205 |        1700 | Louise      | Doran       |
|          0 |        1700 | Louise      | Doran       |
|          0 |        1700 | Louise      | Doran       |
|          0 |        1700 | Louise      | Doran       |
|          0 |        1700 | Louise      | Doran       |
|          0 |        1700 | Louise      | Doran       |
|          0 |        1700 | Louise      | Doran       |
|          0 |        1700 | Louise      | Doran       |
|          0 |        1700 | Louise      | Doran       |
|          0 |        1700 | Louise      | Doran       |
|          0 |        1700 | Louise      | Doran       |
|          0 |        1700 | Louise      | Doran       |
|          0 |        1700 | Louise      | Doran       |
|          0 |        1700 | Louise      | Doran       |
|          0 |        1700 | Louise      | Doran       |
|          0 |        1700 | Louise      | Doran       |
|          0 |        1700 | Louise      | Doran       |
|        103 |        1400 | Sarath      | Sewall      |
|        121 |        1500 | Sarath      | Sewall      |
|        200 |        1700 | Sarath      | Sewall      |
|        114 |        1700 | Sarath      | Sewall      |
|        100 |        1700 | Sarath      | Sewall      |
|        108 |        1700 | Sarath      | Sewall      |
|        205 |        1700 | Sarath      | Sewall      |
|          0 |        1700 | Sarath      | Sewall      |
|          0 |        1700 | Sarath      | Sewall      |
|          0 |        1700 | Sarath      | Sewall      |
|          0 |        1700 | Sarath      | Sewall      |
|          0 |        1700 | Sarath      | Sewall      |
|          0 |        1700 | Sarath      | Sewall      |
|          0 |        1700 | Sarath      | Sewall      |
|          0 |        1700 | Sarath      | Sewall      |
|          0 |        1700 | Sarath      | Sewall      |
|          0 |        1700 | Sarath      | Sewall      |
|          0 |        1700 | Sarath      | Sewall      |
|          0 |        1700 | Sarath      | Sewall      |
|          0 |        1700 | Sarath      | Sewall      |
|          0 |        1700 | Sarath      | Sewall      |
|          0 |        1700 | Sarath      | Sewall      |
|          0 |        1700 | Sarath      | Sewall      |
|        103 |        1400 | Clara       | Vishney     |
|        121 |        1500 | Clara       | Vishney     |
|        200 |        1700 | Clara       | Vishney     |
|        114 |        1700 | Clara       | Vishney     |
|        100 |        1700 | Clara       | Vishney     |
|        108 |        1700 | Clara       | Vishney     |
|        205 |        1700 | Clara       | Vishney     |
|          0 |        1700 | Clara       | Vishney     |
|          0 |        1700 | Clara       | Vishney     |
|          0 |        1700 | Clara       | Vishney     |
|          0 |        1700 | Clara       | Vishney     |
|          0 |        1700 | Clara       | Vishney     |
|          0 |        1700 | Clara       | Vishney     |
|          0 |        1700 | Clara       | Vishney     |
|          0 |        1700 | Clara       | Vishney     |
|          0 |        1700 | Clara       | Vishney     |
|          0 |        1700 | Clara       | Vishney     |
|          0 |        1700 | Clara       | Vishney     |
|          0 |        1700 | Clara       | Vishney     |
|          0 |        1700 | Clara       | Vishney     |
|          0 |        1700 | Clara       | Vishney     |
|          0 |        1700 | Clara       | Vishney     |
|          0 |        1700 | Clara       | Vishney     |
|        103 |        1400 | Danielle    | Greene      |
|        121 |        1500 | Danielle    | Greene      |
|        200 |        1700 | Danielle    | Greene      |
|        114 |        1700 | Danielle    | Greene      |
|        100 |        1700 | Danielle    | Greene      |
|        108 |        1700 | Danielle    | Greene      |
|        205 |        1700 | Danielle    | Greene      |
|          0 |        1700 | Danielle    | Greene      |
|          0 |        1700 | Danielle    | Greene      |
|          0 |        1700 | Danielle    | Greene      |
|          0 |        1700 | Danielle    | Greene      |
|          0 |        1700 | Danielle    | Greene      |
|          0 |        1700 | Danielle    | Greene      |
|          0 |        1700 | Danielle    | Greene      |
|          0 |        1700 | Danielle    | Greene      |
|          0 |        1700 | Danielle    | Greene      |
|          0 |        1700 | Danielle    | Greene      |
|          0 |        1700 | Danielle    | Greene      |
|          0 |        1700 | Danielle    | Greene      |
|          0 |        1700 | Danielle    | Greene      |
|          0 |        1700 | Danielle    | Greene      |
|          0 |        1700 | Danielle    | Greene      |
|          0 |        1700 | Danielle    | Greene      |
|        103 |        1400 | Mattea      | Marvins     |
|        121 |        1500 | Mattea      | Marvins     |
|        200 |        1700 | Mattea      | Marvins     |
|        114 |        1700 | Mattea      | Marvins     |
|        100 |        1700 | Mattea      | Marvins     |
|        108 |        1700 | Mattea      | Marvins     |
|        205 |        1700 | Mattea      | Marvins     |
|          0 |        1700 | Mattea      | Marvins     |
|          0 |        1700 | Mattea      | Marvins     |
|          0 |        1700 | Mattea      | Marvins     |
|          0 |        1700 | Mattea      | Marvins     |
|          0 |        1700 | Mattea      | Marvins     |
|          0 |        1700 | Mattea      | Marvins     |
|          0 |        1700 | Mattea      | Marvins     |
|          0 |        1700 | Mattea      | Marvins     |
|          0 |        1700 | Mattea      | Marvins     |
|          0 |        1700 | Mattea      | Marvins     |
|          0 |        1700 | Mattea      | Marvins     |
|          0 |        1700 | Mattea      | Marvins     |
|          0 |        1700 | Mattea      | Marvins     |
|          0 |        1700 | Mattea      | Marvins     |
|          0 |        1700 | Mattea      | Marvins     |
|          0 |        1700 | Mattea      | Marvins     |
|        103 |        1400 | David       | Lee         |
|        121 |        1500 | David       | Lee         |
|        200 |        1700 | David       | Lee         |
|        114 |        1700 | David       | Lee         |
|        100 |        1700 | David       | Lee         |
|        108 |        1700 | David       | Lee         |
|        205 |        1700 | David       | Lee         |
|          0 |        1700 | David       | Lee         |
|          0 |        1700 | David       | Lee         |
|          0 |        1700 | David       | Lee         |
|          0 |        1700 | David       | Lee         |
|          0 |        1700 | David       | Lee         |
|          0 |        1700 | David       | Lee         |
|          0 |        1700 | David       | Lee         |
|          0 |        1700 | David       | Lee         |
|          0 |        1700 | David       | Lee         |
|          0 |        1700 | David       | Lee         |
|          0 |        1700 | David       | Lee         |
|          0 |        1700 | David       | Lee         |
|          0 |        1700 | David       | Lee         |
|          0 |        1700 | David       | Lee         |
|          0 |        1700 | David       | Lee         |
|          0 |        1700 | David       | Lee         |
|        103 |        1400 | Sundar      | Ande        |
|        121 |        1500 | Sundar      | Ande        |
|        200 |        1700 | Sundar      | Ande        |
|        114 |        1700 | Sundar      | Ande        |
|        100 |        1700 | Sundar      | Ande        |
|        108 |        1700 | Sundar      | Ande        |
|        205 |        1700 | Sundar      | Ande        |
|          0 |        1700 | Sundar      | Ande        |
|          0 |        1700 | Sundar      | Ande        |
|          0 |        1700 | Sundar      | Ande        |
|          0 |        1700 | Sundar      | Ande        |
|          0 |        1700 | Sundar      | Ande        |
|          0 |        1700 | Sundar      | Ande        |
|          0 |        1700 | Sundar      | Ande        |
|          0 |        1700 | Sundar      | Ande        |
|          0 |        1700 | Sundar      | Ande        |
|          0 |        1700 | Sundar      | Ande        |
|          0 |        1700 | Sundar      | Ande        |
|          0 |        1700 | Sundar      | Ande        |
|          0 |        1700 | Sundar      | Ande        |
|          0 |        1700 | Sundar      | Ande        |
|          0 |        1700 | Sundar      | Ande        |
|          0 |        1700 | Sundar      | Ande        |
|        103 |        1400 | Amit        | Banda       |
|        121 |        1500 | Amit        | Banda       |
|        200 |        1700 | Amit        | Banda       |
|        114 |        1700 | Amit        | Banda       |
|        100 |        1700 | Amit        | Banda       |
|        108 |        1700 | Amit        | Banda       |
|        205 |        1700 | Amit        | Banda       |
|          0 |        1700 | Amit        | Banda       |
|          0 |        1700 | Amit        | Banda       |
|          0 |        1700 | Amit        | Banda       |
|          0 |        1700 | Amit        | Banda       |
|          0 |        1700 | Amit        | Banda       |
|          0 |        1700 | Amit        | Banda       |
|          0 |        1700 | Amit        | Banda       |
|          0 |        1700 | Amit        | Banda       |
|          0 |        1700 | Amit        | Banda       |
|          0 |        1700 | Amit        | Banda       |
|          0 |        1700 | Amit        | Banda       |
|          0 |        1700 | Amit        | Banda       |
|          0 |        1700 | Amit        | Banda       |
|          0 |        1700 | Amit        | Banda       |
|          0 |        1700 | Amit        | Banda       |
|          0 |        1700 | Amit        | Banda       |
|        103 |        1400 | Lisa        | Ozer        |
|        121 |        1500 | Lisa        | Ozer        |
|        200 |        1700 | Lisa        | Ozer        |
|        114 |        1700 | Lisa        | Ozer        |
|        100 |        1700 | Lisa        | Ozer        |
|        108 |        1700 | Lisa        | Ozer        |
|        205 |        1700 | Lisa        | Ozer        |
|          0 |        1700 | Lisa        | Ozer        |
|          0 |        1700 | Lisa        | Ozer        |
|          0 |        1700 | Lisa        | Ozer        |
|          0 |        1700 | Lisa        | Ozer        |
|          0 |        1700 | Lisa        | Ozer        |
|          0 |        1700 | Lisa        | Ozer        |
|          0 |        1700 | Lisa        | Ozer        |
|          0 |        1700 | Lisa        | Ozer        |
|          0 |        1700 | Lisa        | Ozer        |
|          0 |        1700 | Lisa        | Ozer        |
|          0 |        1700 | Lisa        | Ozer        |
|          0 |        1700 | Lisa        | Ozer        |
|          0 |        1700 | Lisa        | Ozer        |
|          0 |        1700 | Lisa        | Ozer        |
|          0 |        1700 | Lisa        | Ozer        |
|          0 |        1700 | Lisa        | Ozer        |
|        103 |        1400 | Harrison    | Bloom       |
|        121 |        1500 | Harrison    | Bloom       |
|        200 |        1700 | Harrison    | Bloom       |
|        114 |        1700 | Harrison    | Bloom       |
|        100 |        1700 | Harrison    | Bloom       |
|        108 |        1700 | Harrison    | Bloom       |
|        205 |        1700 | Harrison    | Bloom       |
|          0 |        1700 | Harrison    | Bloom       |
|          0 |        1700 | Harrison    | Bloom       |
|          0 |        1700 | Harrison    | Bloom       |
|          0 |        1700 | Harrison    | Bloom       |
|          0 |        1700 | Harrison    | Bloom       |
|          0 |        1700 | Harrison    | Bloom       |
|          0 |        1700 | Harrison    | Bloom       |
|          0 |        1700 | Harrison    | Bloom       |
|          0 |        1700 | Harrison    | Bloom       |
|          0 |        1700 | Harrison    | Bloom       |
|          0 |        1700 | Harrison    | Bloom       |
|          0 |        1700 | Harrison    | Bloom       |
|          0 |        1700 | Harrison    | Bloom       |
|          0 |        1700 | Harrison    | Bloom       |
|          0 |        1700 | Harrison    | Bloom       |
|          0 |        1700 | Harrison    | Bloom       |
|        103 |        1400 | Tayler      | Fox         |
|        121 |        1500 | Tayler      | Fox         |
|        200 |        1700 | Tayler      | Fox         |
|        114 |        1700 | Tayler      | Fox         |
|        100 |        1700 | Tayler      | Fox         |
|        108 |        1700 | Tayler      | Fox         |
|        205 |        1700 | Tayler      | Fox         |
|          0 |        1700 | Tayler      | Fox         |
|          0 |        1700 | Tayler      | Fox         |
|          0 |        1700 | Tayler      | Fox         |
|          0 |        1700 | Tayler      | Fox         |
|          0 |        1700 | Tayler      | Fox         |
|          0 |        1700 | Tayler      | Fox         |
|          0 |        1700 | Tayler      | Fox         |
|          0 |        1700 | Tayler      | Fox         |
|          0 |        1700 | Tayler      | Fox         |
|          0 |        1700 | Tayler      | Fox         |
|          0 |        1700 | Tayler      | Fox         |
|          0 |        1700 | Tayler      | Fox         |
|          0 |        1700 | Tayler      | Fox         |
|          0 |        1700 | Tayler      | Fox         |
|          0 |        1700 | Tayler      | Fox         |
|          0 |        1700 | Tayler      | Fox         |
|        103 |        1400 | William     | Smith       |
|        121 |        1500 | William     | Smith       |
|        200 |        1700 | William     | Smith       |
|        114 |        1700 | William     | Smith       |
|        100 |        1700 | William     | Smith       |
|        108 |        1700 | William     | Smith       |
|        205 |        1700 | William     | Smith       |
|          0 |        1700 | William     | Smith       |
|          0 |        1700 | William     | Smith       |
|          0 |        1700 | William     | Smith       |
|          0 |        1700 | William     | Smith       |
|          0 |        1700 | William     | Smith       |
|          0 |        1700 | William     | Smith       |
|          0 |        1700 | William     | Smith       |
|          0 |        1700 | William     | Smith       |
|          0 |        1700 | William     | Smith       |
|          0 |        1700 | William     | Smith       |
|          0 |        1700 | William     | Smith       |
|          0 |        1700 | William     | Smith       |
|          0 |        1700 | William     | Smith       |
|          0 |        1700 | William     | Smith       |
|          0 |        1700 | William     | Smith       |
|          0 |        1700 | William     | Smith       |
|        103 |        1400 | Elizabeth   | Bates       |
|        121 |        1500 | Elizabeth   | Bates       |
|        200 |        1700 | Elizabeth   | Bates       |
|        114 |        1700 | Elizabeth   | Bates       |
|        100 |        1700 | Elizabeth   | Bates       |
|        108 |        1700 | Elizabeth   | Bates       |
|        205 |        1700 | Elizabeth   | Bates       |
|          0 |        1700 | Elizabeth   | Bates       |
|          0 |        1700 | Elizabeth   | Bates       |
|          0 |        1700 | Elizabeth   | Bates       |
|          0 |        1700 | Elizabeth   | Bates       |
|          0 |        1700 | Elizabeth   | Bates       |
|          0 |        1700 | Elizabeth   | Bates       |
|          0 |        1700 | Elizabeth   | Bates       |
|          0 |        1700 | Elizabeth   | Bates       |
|          0 |        1700 | Elizabeth   | Bates       |
|          0 |        1700 | Elizabeth   | Bates       |
|          0 |        1700 | Elizabeth   | Bates       |
|          0 |        1700 | Elizabeth   | Bates       |
|          0 |        1700 | Elizabeth   | Bates       |
|          0 |        1700 | Elizabeth   | Bates       |
|          0 |        1700 | Elizabeth   | Bates       |
|          0 |        1700 | Elizabeth   | Bates       |
|        103 |        1400 | Sundita     | Kumar       |
|        121 |        1500 | Sundita     | Kumar       |
|        200 |        1700 | Sundita     | Kumar       |
|        114 |        1700 | Sundita     | Kumar       |
|        100 |        1700 | Sundita     | Kumar       |
|        108 |        1700 | Sundita     | Kumar       |
|        205 |        1700 | Sundita     | Kumar       |
|          0 |        1700 | Sundita     | Kumar       |
|          0 |        1700 | Sundita     | Kumar       |
|          0 |        1700 | Sundita     | Kumar       |
|          0 |        1700 | Sundita     | Kumar       |
|          0 |        1700 | Sundita     | Kumar       |
|          0 |        1700 | Sundita     | Kumar       |
|          0 |        1700 | Sundita     | Kumar       |
|          0 |        1700 | Sundita     | Kumar       |
|          0 |        1700 | Sundita     | Kumar       |
|          0 |        1700 | Sundita     | Kumar       |
|          0 |        1700 | Sundita     | Kumar       |
|          0 |        1700 | Sundita     | Kumar       |
|          0 |        1700 | Sundita     | Kumar       |
|          0 |        1700 | Sundita     | Kumar       |
|          0 |        1700 | Sundita     | Kumar       |
|          0 |        1700 | Sundita     | Kumar       |
|        103 |        1400 | Ellen       | Abel        |
|        121 |        1500 | Ellen       | Abel        |
|        200 |        1700 | Ellen       | Abel        |
|        114 |        1700 | Ellen       | Abel        |
|        100 |        1700 | Ellen       | Abel        |
|        108 |        1700 | Ellen       | Abel        |
|        205 |        1700 | Ellen       | Abel        |
|          0 |        1700 | Ellen       | Abel        |
|          0 |        1700 | Ellen       | Abel        |
|          0 |        1700 | Ellen       | Abel        |
|          0 |        1700 | Ellen       | Abel        |
|          0 |        1700 | Ellen       | Abel        |
|          0 |        1700 | Ellen       | Abel        |
|          0 |        1700 | Ellen       | Abel        |
|          0 |        1700 | Ellen       | Abel        |
|          0 |        1700 | Ellen       | Abel        |
|          0 |        1700 | Ellen       | Abel        |
|          0 |        1700 | Ellen       | Abel        |
|          0 |        1700 | Ellen       | Abel        |
|          0 |        1700 | Ellen       | Abel        |
|          0 |        1700 | Ellen       | Abel        |
|          0 |        1700 | Ellen       | Abel        |
|          0 |        1700 | Ellen       | Abel        |
|        103 |        1400 | Alyssa      | Hutton      |
|        121 |        1500 | Alyssa      | Hutton      |
|        200 |        1700 | Alyssa      | Hutton      |
|        114 |        1700 | Alyssa      | Hutton      |
|        100 |        1700 | Alyssa      | Hutton      |
|        108 |        1700 | Alyssa      | Hutton      |
|        205 |        1700 | Alyssa      | Hutton      |
|          0 |        1700 | Alyssa      | Hutton      |
|          0 |        1700 | Alyssa      | Hutton      |
|          0 |        1700 | Alyssa      | Hutton      |
|          0 |        1700 | Alyssa      | Hutton      |
|          0 |        1700 | Alyssa      | Hutton      |
|          0 |        1700 | Alyssa      | Hutton      |
|          0 |        1700 | Alyssa      | Hutton      |
|          0 |        1700 | Alyssa      | Hutton      |
|          0 |        1700 | Alyssa      | Hutton      |
|          0 |        1700 | Alyssa      | Hutton      |
|          0 |        1700 | Alyssa      | Hutton      |
|          0 |        1700 | Alyssa      | Hutton      |
|          0 |        1700 | Alyssa      | Hutton      |
|          0 |        1700 | Alyssa      | Hutton      |
|          0 |        1700 | Alyssa      | Hutton      |
|          0 |        1700 | Alyssa      | Hutton      |
|        103 |        1400 | Jonathon    | Taylor      |
|        121 |        1500 | Jonathon    | Taylor      |
|        200 |        1700 | Jonathon    | Taylor      |
|        114 |        1700 | Jonathon    | Taylor      |
|        100 |        1700 | Jonathon    | Taylor      |
|        108 |        1700 | Jonathon    | Taylor      |
|        205 |        1700 | Jonathon    | Taylor      |
|          0 |        1700 | Jonathon    | Taylor      |
|          0 |        1700 | Jonathon    | Taylor      |
|          0 |        1700 | Jonathon    | Taylor      |
|          0 |        1700 | Jonathon    | Taylor      |
|          0 |        1700 | Jonathon    | Taylor      |
|          0 |        1700 | Jonathon    | Taylor      |
|          0 |        1700 | Jonathon    | Taylor      |
|          0 |        1700 | Jonathon    | Taylor      |
|          0 |        1700 | Jonathon    | Taylor      |
|          0 |        1700 | Jonathon    | Taylor      |
|          0 |        1700 | Jonathon    | Taylor      |
|          0 |        1700 | Jonathon    | Taylor      |
|          0 |        1700 | Jonathon    | Taylor      |
|          0 |        1700 | Jonathon    | Taylor      |
|          0 |        1700 | Jonathon    | Taylor      |
|          0 |        1700 | Jonathon    | Taylor      |
|        103 |        1400 | Jack        | Livingston  |
|        121 |        1500 | Jack        | Livingston  |
|        200 |        1700 | Jack        | Livingston  |
|        114 |        1700 | Jack        | Livingston  |
|        100 |        1700 | Jack        | Livingston  |
|        108 |        1700 | Jack        | Livingston  |
|        205 |        1700 | Jack        | Livingston  |
|          0 |        1700 | Jack        | Livingston  |
|          0 |        1700 | Jack        | Livingston  |
|          0 |        1700 | Jack        | Livingston  |
|          0 |        1700 | Jack        | Livingston  |
|          0 |        1700 | Jack        | Livingston  |
|          0 |        1700 | Jack        | Livingston  |
|          0 |        1700 | Jack        | Livingston  |
|          0 |        1700 | Jack        | Livingston  |
|          0 |        1700 | Jack        | Livingston  |
|          0 |        1700 | Jack        | Livingston  |
|          0 |        1700 | Jack        | Livingston  |
|          0 |        1700 | Jack        | Livingston  |
|          0 |        1700 | Jack        | Livingston  |
|          0 |        1700 | Jack        | Livingston  |
|          0 |        1700 | Jack        | Livingston  |
|          0 |        1700 | Jack        | Livingston  |
|        103 |        1400 | Kimberely   | Grant       |
|        121 |        1500 | Kimberely   | Grant       |
|        200 |        1700 | Kimberely   | Grant       |
|        114 |        1700 | Kimberely   | Grant       |
|        100 |        1700 | Kimberely   | Grant       |
|        108 |        1700 | Kimberely   | Grant       |
|        205 |        1700 | Kimberely   | Grant       |
|          0 |        1700 | Kimberely   | Grant       |
|          0 |        1700 | Kimberely   | Grant       |
|          0 |        1700 | Kimberely   | Grant       |
|          0 |        1700 | Kimberely   | Grant       |
|          0 |        1700 | Kimberely   | Grant       |
|          0 |        1700 | Kimberely   | Grant       |
|          0 |        1700 | Kimberely   | Grant       |
|          0 |        1700 | Kimberely   | Grant       |
|          0 |        1700 | Kimberely   | Grant       |
|          0 |        1700 | Kimberely   | Grant       |
|          0 |        1700 | Kimberely   | Grant       |
|          0 |        1700 | Kimberely   | Grant       |
|          0 |        1700 | Kimberely   | Grant       |
|          0 |        1700 | Kimberely   | Grant       |
|          0 |        1700 | Kimberely   | Grant       |
|          0 |        1700 | Kimberely   | Grant       |
|        103 |        1400 | Charles     | Johnson     |
|        121 |        1500 | Charles     | Johnson     |
|        200 |        1700 | Charles     | Johnson     |
|        114 |        1700 | Charles     | Johnson     |
|        100 |        1700 | Charles     | Johnson     |
|        108 |        1700 | Charles     | Johnson     |
|        205 |        1700 | Charles     | Johnson     |
|          0 |        1700 | Charles     | Johnson     |
|          0 |        1700 | Charles     | Johnson     |
|          0 |        1700 | Charles     | Johnson     |
|          0 |        1700 | Charles     | Johnson     |
|          0 |        1700 | Charles     | Johnson     |
|          0 |        1700 | Charles     | Johnson     |
|          0 |        1700 | Charles     | Johnson     |
|          0 |        1700 | Charles     | Johnson     |
|          0 |        1700 | Charles     | Johnson     |
|          0 |        1700 | Charles     | Johnson     |
|          0 |        1700 | Charles     | Johnson     |
|          0 |        1700 | Charles     | Johnson     |
|          0 |        1700 | Charles     | Johnson     |
|          0 |        1700 | Charles     | Johnson     |
|          0 |        1700 | Charles     | Johnson     |
|          0 |        1700 | Charles     | Johnson     |
|        103 |        1400 | Winston     | Taylor      |
|        121 |        1500 | Winston     | Taylor      |
|        200 |        1700 | Winston     | Taylor      |
|        114 |        1700 | Winston     | Taylor      |
|        100 |        1700 | Winston     | Taylor      |
|        108 |        1700 | Winston     | Taylor      |
|        205 |        1700 | Winston     | Taylor      |
|          0 |        1700 | Winston     | Taylor      |
|          0 |        1700 | Winston     | Taylor      |
|          0 |        1700 | Winston     | Taylor      |
|          0 |        1700 | Winston     | Taylor      |
|          0 |        1700 | Winston     | Taylor      |
|          0 |        1700 | Winston     | Taylor      |
|          0 |        1700 | Winston     | Taylor      |
|          0 |        1700 | Winston     | Taylor      |
|          0 |        1700 | Winston     | Taylor      |
|          0 |        1700 | Winston     | Taylor      |
|          0 |        1700 | Winston     | Taylor      |
|          0 |        1700 | Winston     | Taylor      |
|          0 |        1700 | Winston     | Taylor      |
|          0 |        1700 | Winston     | Taylor      |
|          0 |        1700 | Winston     | Taylor      |
|          0 |        1700 | Winston     | Taylor      |
|        103 |        1400 | Jean        | Fleaur      |
|        121 |        1500 | Jean        | Fleaur      |
|        200 |        1700 | Jean        | Fleaur      |
|        114 |        1700 | Jean        | Fleaur      |
|        100 |        1700 | Jean        | Fleaur      |
|        108 |        1700 | Jean        | Fleaur      |
|        205 |        1700 | Jean        | Fleaur      |
|          0 |        1700 | Jean        | Fleaur      |
|          0 |        1700 | Jean        | Fleaur      |
|          0 |        1700 | Jean        | Fleaur      |
|          0 |        1700 | Jean        | Fleaur      |
|          0 |        1700 | Jean        | Fleaur      |
|          0 |        1700 | Jean        | Fleaur      |
|          0 |        1700 | Jean        | Fleaur      |
|          0 |        1700 | Jean        | Fleaur      |
|          0 |        1700 | Jean        | Fleaur      |
|          0 |        1700 | Jean        | Fleaur      |
|          0 |        1700 | Jean        | Fleaur      |
|          0 |        1700 | Jean        | Fleaur      |
|          0 |        1700 | Jean        | Fleaur      |
|          0 |        1700 | Jean        | Fleaur      |
|          0 |        1700 | Jean        | Fleaur      |
|          0 |        1700 | Jean        | Fleaur      |
|        103 |        1400 | Martha      | Sullivan    |
|        121 |        1500 | Martha      | Sullivan    |
|        200 |        1700 | Martha      | Sullivan    |
|        114 |        1700 | Martha      | Sullivan    |
|        100 |        1700 | Martha      | Sullivan    |
|        108 |        1700 | Martha      | Sullivan    |
|        205 |        1700 | Martha      | Sullivan    |
|          0 |        1700 | Martha      | Sullivan    |
|          0 |        1700 | Martha      | Sullivan    |
|          0 |        1700 | Martha      | Sullivan    |
|          0 |        1700 | Martha      | Sullivan    |
|          0 |        1700 | Martha      | Sullivan    |
|          0 |        1700 | Martha      | Sullivan    |
|          0 |        1700 | Martha      | Sullivan    |
|          0 |        1700 | Martha      | Sullivan    |
|          0 |        1700 | Martha      | Sullivan    |
|          0 |        1700 | Martha      | Sullivan    |
|          0 |        1700 | Martha      | Sullivan    |
|          0 |        1700 | Martha      | Sullivan    |
|          0 |        1700 | Martha      | Sullivan    |
|          0 |        1700 | Martha      | Sullivan    |
|          0 |        1700 | Martha      | Sullivan    |
|          0 |        1700 | Martha      | Sullivan    |
|        103 |        1400 | Girard      | Geoni       |
|        121 |        1500 | Girard      | Geoni       |
|        200 |        1700 | Girard      | Geoni       |
|        114 |        1700 | Girard      | Geoni       |
|        100 |        1700 | Girard      | Geoni       |
|        108 |        1700 | Girard      | Geoni       |
|        205 |        1700 | Girard      | Geoni       |
|          0 |        1700 | Girard      | Geoni       |
|          0 |        1700 | Girard      | Geoni       |
|          0 |        1700 | Girard      | Geoni       |
|          0 |        1700 | Girard      | Geoni       |
|          0 |        1700 | Girard      | Geoni       |
|          0 |        1700 | Girard      | Geoni       |
|          0 |        1700 | Girard      | Geoni       |
|          0 |        1700 | Girard      | Geoni       |
|          0 |        1700 | Girard      | Geoni       |
|          0 |        1700 | Girard      | Geoni       |
|          0 |        1700 | Girard      | Geoni       |
|          0 |        1700 | Girard      | Geoni       |
|          0 |        1700 | Girard      | Geoni       |
|          0 |        1700 | Girard      | Geoni       |
|          0 |        1700 | Girard      | Geoni       |
|          0 |        1700 | Girard      | Geoni       |
|        103 |        1400 | Nandita     | Sarchand    |
|        121 |        1500 | Nandita     | Sarchand    |
|        200 |        1700 | Nandita     | Sarchand    |
|        114 |        1700 | Nandita     | Sarchand    |
|        100 |        1700 | Nandita     | Sarchand    |
|        108 |        1700 | Nandita     | Sarchand    |
|        205 |        1700 | Nandita     | Sarchand    |
|          0 |        1700 | Nandita     | Sarchand    |
|          0 |        1700 | Nandita     | Sarchand    |
|          0 |        1700 | Nandita     | Sarchand    |
|          0 |        1700 | Nandita     | Sarchand    |
|          0 |        1700 | Nandita     | Sarchand    |
|          0 |        1700 | Nandita     | Sarchand    |
|          0 |        1700 | Nandita     | Sarchand    |
|          0 |        1700 | Nandita     | Sarchand    |
|          0 |        1700 | Nandita     | Sarchand    |
|          0 |        1700 | Nandita     | Sarchand    |
|          0 |        1700 | Nandita     | Sarchand    |
|          0 |        1700 | Nandita     | Sarchand    |
|          0 |        1700 | Nandita     | Sarchand    |
|          0 |        1700 | Nandita     | Sarchand    |
|          0 |        1700 | Nandita     | Sarchand    |
|          0 |        1700 | Nandita     | Sarchand    |
|        103 |        1400 | Alexis      | Bull        |
|        121 |        1500 | Alexis      | Bull        |
|        200 |        1700 | Alexis      | Bull        |
|        114 |        1700 | Alexis      | Bull        |
|        100 |        1700 | Alexis      | Bull        |
|        108 |        1700 | Alexis      | Bull        |
|        205 |        1700 | Alexis      | Bull        |
|          0 |        1700 | Alexis      | Bull        |
|          0 |        1700 | Alexis      | Bull        |
|          0 |        1700 | Alexis      | Bull        |
|          0 |        1700 | Alexis      | Bull        |
|          0 |        1700 | Alexis      | Bull        |
|          0 |        1700 | Alexis      | Bull        |
|          0 |        1700 | Alexis      | Bull        |
|          0 |        1700 | Alexis      | Bull        |
|          0 |        1700 | Alexis      | Bull        |
|          0 |        1700 | Alexis      | Bull        |
|          0 |        1700 | Alexis      | Bull        |
|          0 |        1700 | Alexis      | Bull        |
|          0 |        1700 | Alexis      | Bull        |
|          0 |        1700 | Alexis      | Bull        |
|          0 |        1700 | Alexis      | Bull        |
|          0 |        1700 | Alexis      | Bull        |
|        103 |        1400 | Julia       | Dellinger   |
|        121 |        1500 | Julia       | Dellinger   |
|        200 |        1700 | Julia       | Dellinger   |
|        114 |        1700 | Julia       | Dellinger   |
|        100 |        1700 | Julia       | Dellinger   |
|        108 |        1700 | Julia       | Dellinger   |
|        205 |        1700 | Julia       | Dellinger   |
|          0 |        1700 | Julia       | Dellinger   |
|          0 |        1700 | Julia       | Dellinger   |
|          0 |        1700 | Julia       | Dellinger   |
|          0 |        1700 | Julia       | Dellinger   |
|          0 |        1700 | Julia       | Dellinger   |
|          0 |        1700 | Julia       | Dellinger   |
|          0 |        1700 | Julia       | Dellinger   |
|          0 |        1700 | Julia       | Dellinger   |
|          0 |        1700 | Julia       | Dellinger   |
|          0 |        1700 | Julia       | Dellinger   |
|          0 |        1700 | Julia       | Dellinger   |
|          0 |        1700 | Julia       | Dellinger   |
|          0 |        1700 | Julia       | Dellinger   |
|          0 |        1700 | Julia       | Dellinger   |
|          0 |        1700 | Julia       | Dellinger   |
|          0 |        1700 | Julia       | Dellinger   |
|        103 |        1400 | Anthony     | Cabrio      |
|        121 |        1500 | Anthony     | Cabrio      |
|        200 |        1700 | Anthony     | Cabrio      |
|        114 |        1700 | Anthony     | Cabrio      |
|        100 |        1700 | Anthony     | Cabrio      |
|        108 |        1700 | Anthony     | Cabrio      |
|        205 |        1700 | Anthony     | Cabrio      |
|          0 |        1700 | Anthony     | Cabrio      |
|          0 |        1700 | Anthony     | Cabrio      |
|          0 |        1700 | Anthony     | Cabrio      |
|          0 |        1700 | Anthony     | Cabrio      |
|          0 |        1700 | Anthony     | Cabrio      |
|          0 |        1700 | Anthony     | Cabrio      |
|          0 |        1700 | Anthony     | Cabrio      |
|          0 |        1700 | Anthony     | Cabrio      |
|          0 |        1700 | Anthony     | Cabrio      |
|          0 |        1700 | Anthony     | Cabrio      |
|          0 |        1700 | Anthony     | Cabrio      |
|          0 |        1700 | Anthony     | Cabrio      |
|          0 |        1700 | Anthony     | Cabrio      |
|          0 |        1700 | Anthony     | Cabrio      |
|          0 |        1700 | Anthony     | Cabrio      |
|          0 |        1700 | Anthony     | Cabrio      |
|        103 |        1400 | Kelly       | Chung       |
|        121 |        1500 | Kelly       | Chung       |
|        200 |        1700 | Kelly       | Chung       |
|        114 |        1700 | Kelly       | Chung       |
|        100 |        1700 | Kelly       | Chung       |
|        108 |        1700 | Kelly       | Chung       |
|        205 |        1700 | Kelly       | Chung       |
|          0 |        1700 | Kelly       | Chung       |
|          0 |        1700 | Kelly       | Chung       |
|          0 |        1700 | Kelly       | Chung       |
|          0 |        1700 | Kelly       | Chung       |
|          0 |        1700 | Kelly       | Chung       |
|          0 |        1700 | Kelly       | Chung       |
|          0 |        1700 | Kelly       | Chung       |
|          0 |        1700 | Kelly       | Chung       |
|          0 |        1700 | Kelly       | Chung       |
|          0 |        1700 | Kelly       | Chung       |
|          0 |        1700 | Kelly       | Chung       |
|          0 |        1700 | Kelly       | Chung       |
|          0 |        1700 | Kelly       | Chung       |
|          0 |        1700 | Kelly       | Chung       |
|          0 |        1700 | Kelly       | Chung       |
|          0 |        1700 | Kelly       | Chung       |
|        103 |        1400 | Jennifer    | Dilly       |
|        121 |        1500 | Jennifer    | Dilly       |
|        200 |        1700 | Jennifer    | Dilly       |
|        114 |        1700 | Jennifer    | Dilly       |
|        100 |        1700 | Jennifer    | Dilly       |
|        108 |        1700 | Jennifer    | Dilly       |
|        205 |        1700 | Jennifer    | Dilly       |
|          0 |        1700 | Jennifer    | Dilly       |
|          0 |        1700 | Jennifer    | Dilly       |
|          0 |        1700 | Jennifer    | Dilly       |
|          0 |        1700 | Jennifer    | Dilly       |
|          0 |        1700 | Jennifer    | Dilly       |
|          0 |        1700 | Jennifer    | Dilly       |
|          0 |        1700 | Jennifer    | Dilly       |
|          0 |        1700 | Jennifer    | Dilly       |
|          0 |        1700 | Jennifer    | Dilly       |
|          0 |        1700 | Jennifer    | Dilly       |
|          0 |        1700 | Jennifer    | Dilly       |
|          0 |        1700 | Jennifer    | Dilly       |
|          0 |        1700 | Jennifer    | Dilly       |
|          0 |        1700 | Jennifer    | Dilly       |
|          0 |        1700 | Jennifer    | Dilly       |
|          0 |        1700 | Jennifer    | Dilly       |
|        103 |        1400 | Timothy     | Gates       |
|        121 |        1500 | Timothy     | Gates       |
|        200 |        1700 | Timothy     | Gates       |
|        114 |        1700 | Timothy     | Gates       |
|        100 |        1700 | Timothy     | Gates       |
|        108 |        1700 | Timothy     | Gates       |
|        205 |        1700 | Timothy     | Gates       |
|          0 |        1700 | Timothy     | Gates       |
|          0 |        1700 | Timothy     | Gates       |
|          0 |        1700 | Timothy     | Gates       |
|          0 |        1700 | Timothy     | Gates       |
|          0 |        1700 | Timothy     | Gates       |
|          0 |        1700 | Timothy     | Gates       |
|          0 |        1700 | Timothy     | Gates       |
|          0 |        1700 | Timothy     | Gates       |
|          0 |        1700 | Timothy     | Gates       |
|          0 |        1700 | Timothy     | Gates       |
|          0 |        1700 | Timothy     | Gates       |
|          0 |        1700 | Timothy     | Gates       |
|          0 |        1700 | Timothy     | Gates       |
|          0 |        1700 | Timothy     | Gates       |
|          0 |        1700 | Timothy     | Gates       |
|          0 |        1700 | Timothy     | Gates       |
|        103 |        1400 | Randall     | Perkins     |
|        121 |        1500 | Randall     | Perkins     |
|        200 |        1700 | Randall     | Perkins     |
|        114 |        1700 | Randall     | Perkins     |
|        100 |        1700 | Randall     | Perkins     |
|        108 |        1700 | Randall     | Perkins     |
|        205 |        1700 | Randall     | Perkins     |
|          0 |        1700 | Randall     | Perkins     |
|          0 |        1700 | Randall     | Perkins     |
|          0 |        1700 | Randall     | Perkins     |
|          0 |        1700 | Randall     | Perkins     |
|          0 |        1700 | Randall     | Perkins     |
|          0 |        1700 | Randall     | Perkins     |
|          0 |        1700 | Randall     | Perkins     |
|          0 |        1700 | Randall     | Perkins     |
|          0 |        1700 | Randall     | Perkins     |
|          0 |        1700 | Randall     | Perkins     |
|          0 |        1700 | Randall     | Perkins     |
|          0 |        1700 | Randall     | Perkins     |
|          0 |        1700 | Randall     | Perkins     |
|          0 |        1700 | Randall     | Perkins     |
|          0 |        1700 | Randall     | Perkins     |
|          0 |        1700 | Randall     | Perkins     |
|        103 |        1400 | Sarah       | Bell        |
|        121 |        1500 | Sarah       | Bell        |
|        200 |        1700 | Sarah       | Bell        |
|        114 |        1700 | Sarah       | Bell        |
|        100 |        1700 | Sarah       | Bell        |
|        108 |        1700 | Sarah       | Bell        |
|        205 |        1700 | Sarah       | Bell        |
|          0 |        1700 | Sarah       | Bell        |
|          0 |        1700 | Sarah       | Bell        |
|          0 |        1700 | Sarah       | Bell        |
|          0 |        1700 | Sarah       | Bell        |
|          0 |        1700 | Sarah       | Bell        |
|          0 |        1700 | Sarah       | Bell        |
|          0 |        1700 | Sarah       | Bell        |
|          0 |        1700 | Sarah       | Bell        |
|          0 |        1700 | Sarah       | Bell        |
|          0 |        1700 | Sarah       | Bell        |
|          0 |        1700 | Sarah       | Bell        |
|          0 |        1700 | Sarah       | Bell        |
|          0 |        1700 | Sarah       | Bell        |
|          0 |        1700 | Sarah       | Bell        |
|          0 |        1700 | Sarah       | Bell        |
|          0 |        1700 | Sarah       | Bell        |
|        103 |        1400 | Britney     | Everett     |
|        121 |        1500 | Britney     | Everett     |
|        200 |        1700 | Britney     | Everett     |
|        114 |        1700 | Britney     | Everett     |
|        100 |        1700 | Britney     | Everett     |
|        108 |        1700 | Britney     | Everett     |
|        205 |        1700 | Britney     | Everett     |
|          0 |        1700 | Britney     | Everett     |
|          0 |        1700 | Britney     | Everett     |
|          0 |        1700 | Britney     | Everett     |
|          0 |        1700 | Britney     | Everett     |
|          0 |        1700 | Britney     | Everett     |
|          0 |        1700 | Britney     | Everett     |
|          0 |        1700 | Britney     | Everett     |
|          0 |        1700 | Britney     | Everett     |
|          0 |        1700 | Britney     | Everett     |
|          0 |        1700 | Britney     | Everett     |
|          0 |        1700 | Britney     | Everett     |
|          0 |        1700 | Britney     | Everett     |
|          0 |        1700 | Britney     | Everett     |
|          0 |        1700 | Britney     | Everett     |
|          0 |        1700 | Britney     | Everett     |
|          0 |        1700 | Britney     | Everett     |
|        103 |        1400 | Samuel      | McCain      |
|        121 |        1500 | Samuel      | McCain      |
|        200 |        1700 | Samuel      | McCain      |
|        114 |        1700 | Samuel      | McCain      |
|        100 |        1700 | Samuel      | McCain      |
|        108 |        1700 | Samuel      | McCain      |
|        205 |        1700 | Samuel      | McCain      |
|          0 |        1700 | Samuel      | McCain      |
|          0 |        1700 | Samuel      | McCain      |
|          0 |        1700 | Samuel      | McCain      |
|          0 |        1700 | Samuel      | McCain      |
|          0 |        1700 | Samuel      | McCain      |
|          0 |        1700 | Samuel      | McCain      |
|          0 |        1700 | Samuel      | McCain      |
|          0 |        1700 | Samuel      | McCain      |
|          0 |        1700 | Samuel      | McCain      |
|          0 |        1700 | Samuel      | McCain      |
|          0 |        1700 | Samuel      | McCain      |
|          0 |        1700 | Samuel      | McCain      |
|          0 |        1700 | Samuel      | McCain      |
|          0 |        1700 | Samuel      | McCain      |
|          0 |        1700 | Samuel      | McCain      |
|          0 |        1700 | Samuel      | McCain      |
|        103 |        1400 | Vance       | Jones       |
|        121 |        1500 | Vance       | Jones       |
|        200 |        1700 | Vance       | Jones       |
|        114 |        1700 | Vance       | Jones       |
|        100 |        1700 | Vance       | Jones       |
|        108 |        1700 | Vance       | Jones       |
|        205 |        1700 | Vance       | Jones       |
|          0 |        1700 | Vance       | Jones       |
|          0 |        1700 | Vance       | Jones       |
|          0 |        1700 | Vance       | Jones       |
|          0 |        1700 | Vance       | Jones       |
|          0 |        1700 | Vance       | Jones       |
|          0 |        1700 | Vance       | Jones       |
|          0 |        1700 | Vance       | Jones       |
|          0 |        1700 | Vance       | Jones       |
|          0 |        1700 | Vance       | Jones       |
|          0 |        1700 | Vance       | Jones       |
|          0 |        1700 | Vance       | Jones       |
|          0 |        1700 | Vance       | Jones       |
|          0 |        1700 | Vance       | Jones       |
|          0 |        1700 | Vance       | Jones       |
|          0 |        1700 | Vance       | Jones       |
|          0 |        1700 | Vance       | Jones       |
|        103 |        1400 | Alana       | Walsh       |
|        121 |        1500 | Alana       | Walsh       |
|        200 |        1700 | Alana       | Walsh       |
|        114 |        1700 | Alana       | Walsh       |
|        100 |        1700 | Alana       | Walsh       |
|        108 |        1700 | Alana       | Walsh       |
|        205 |        1700 | Alana       | Walsh       |
|          0 |        1700 | Alana       | Walsh       |
|          0 |        1700 | Alana       | Walsh       |
|          0 |        1700 | Alana       | Walsh       |
|          0 |        1700 | Alana       | Walsh       |
|          0 |        1700 | Alana       | Walsh       |
|          0 |        1700 | Alana       | Walsh       |
|          0 |        1700 | Alana       | Walsh       |
|          0 |        1700 | Alana       | Walsh       |
|          0 |        1700 | Alana       | Walsh       |
|          0 |        1700 | Alana       | Walsh       |
|          0 |        1700 | Alana       | Walsh       |
|          0 |        1700 | Alana       | Walsh       |
|          0 |        1700 | Alana       | Walsh       |
|          0 |        1700 | Alana       | Walsh       |
|          0 |        1700 | Alana       | Walsh       |
|          0 |        1700 | Alana       | Walsh       |
|        103 |        1400 | Kevin       | Feeney      |
|        121 |        1500 | Kevin       | Feeney      |
|        200 |        1700 | Kevin       | Feeney      |
|        114 |        1700 | Kevin       | Feeney      |
|        100 |        1700 | Kevin       | Feeney      |
|        108 |        1700 | Kevin       | Feeney      |
|        205 |        1700 | Kevin       | Feeney      |
|          0 |        1700 | Kevin       | Feeney      |
|          0 |        1700 | Kevin       | Feeney      |
|          0 |        1700 | Kevin       | Feeney      |
|          0 |        1700 | Kevin       | Feeney      |
|          0 |        1700 | Kevin       | Feeney      |
|          0 |        1700 | Kevin       | Feeney      |
|          0 |        1700 | Kevin       | Feeney      |
|          0 |        1700 | Kevin       | Feeney      |
|          0 |        1700 | Kevin       | Feeney      |
|          0 |        1700 | Kevin       | Feeney      |
|          0 |        1700 | Kevin       | Feeney      |
|          0 |        1700 | Kevin       | Feeney      |
|          0 |        1700 | Kevin       | Feeney      |
|          0 |        1700 | Kevin       | Feeney      |
|          0 |        1700 | Kevin       | Feeney      |
|          0 |        1700 | Kevin       | Feeney      |
|        103 |        1400 | Donald      | OConnell    |
|        121 |        1500 | Donald      | OConnell    |
|        200 |        1700 | Donald      | OConnell    |
|        114 |        1700 | Donald      | OConnell    |
|        100 |        1700 | Donald      | OConnell    |
|        108 |        1700 | Donald      | OConnell    |
|        205 |        1700 | Donald      | OConnell    |
|          0 |        1700 | Donald      | OConnell    |
|          0 |        1700 | Donald      | OConnell    |
|          0 |        1700 | Donald      | OConnell    |
|          0 |        1700 | Donald      | OConnell    |
|          0 |        1700 | Donald      | OConnell    |
|          0 |        1700 | Donald      | OConnell    |
|          0 |        1700 | Donald      | OConnell    |
|          0 |        1700 | Donald      | OConnell    |
|          0 |        1700 | Donald      | OConnell    |
|          0 |        1700 | Donald      | OConnell    |
|          0 |        1700 | Donald      | OConnell    |
|          0 |        1700 | Donald      | OConnell    |
|          0 |        1700 | Donald      | OConnell    |
|          0 |        1700 | Donald      | OConnell    |
|          0 |        1700 | Donald      | OConnell    |
|          0 |        1700 | Donald      | OConnell    |
|        103 |        1400 | Douglas     | Grant       |
|        121 |        1500 | Douglas     | Grant       |
|        200 |        1700 | Douglas     | Grant       |
|        114 |        1700 | Douglas     | Grant       |
|        100 |        1700 | Douglas     | Grant       |
|        108 |        1700 | Douglas     | Grant       |
|        205 |        1700 | Douglas     | Grant       |
|          0 |        1700 | Douglas     | Grant       |
|          0 |        1700 | Douglas     | Grant       |
|          0 |        1700 | Douglas     | Grant       |
|          0 |        1700 | Douglas     | Grant       |
|          0 |        1700 | Douglas     | Grant       |
|          0 |        1700 | Douglas     | Grant       |
|          0 |        1700 | Douglas     | Grant       |
|          0 |        1700 | Douglas     | Grant       |
|          0 |        1700 | Douglas     | Grant       |
|          0 |        1700 | Douglas     | Grant       |
|          0 |        1700 | Douglas     | Grant       |
|          0 |        1700 | Douglas     | Grant       |
|          0 |        1700 | Douglas     | Grant       |
|          0 |        1700 | Douglas     | Grant       |
|          0 |        1700 | Douglas     | Grant       |
|          0 |        1700 | Douglas     | Grant       |
|        103 |        1400 | Jennifer    | Whalen      |
|        121 |        1500 | Jennifer    | Whalen      |
|        200 |        1700 | Jennifer    | Whalen      |
|        114 |        1700 | Jennifer    | Whalen      |
|        100 |        1700 | Jennifer    | Whalen      |
|        108 |        1700 | Jennifer    | Whalen      |
|        205 |        1700 | Jennifer    | Whalen      |
|          0 |        1700 | Jennifer    | Whalen      |
|          0 |        1700 | Jennifer    | Whalen      |
|          0 |        1700 | Jennifer    | Whalen      |
|          0 |        1700 | Jennifer    | Whalen      |
|          0 |        1700 | Jennifer    | Whalen      |
|          0 |        1700 | Jennifer    | Whalen      |
|          0 |        1700 | Jennifer    | Whalen      |
|          0 |        1700 | Jennifer    | Whalen      |
|          0 |        1700 | Jennifer    | Whalen      |
|          0 |        1700 | Jennifer    | Whalen      |
|          0 |        1700 | Jennifer    | Whalen      |
|          0 |        1700 | Jennifer    | Whalen      |
|          0 |        1700 | Jennifer    | Whalen      |
|          0 |        1700 | Jennifer    | Whalen      |
|          0 |        1700 | Jennifer    | Whalen      |
|          0 |        1700 | Jennifer    | Whalen      |
|        103 |        1400 | Michael     | Hartstein   |
|        121 |        1500 | Michael     | Hartstein   |
|        200 |        1700 | Michael     | Hartstein   |
|        114 |        1700 | Michael     | Hartstein   |
|        100 |        1700 | Michael     | Hartstein   |
|        108 |        1700 | Michael     | Hartstein   |
|        205 |        1700 | Michael     | Hartstein   |
|          0 |        1700 | Michael     | Hartstein   |
|          0 |        1700 | Michael     | Hartstein   |
|          0 |        1700 | Michael     | Hartstein   |
|          0 |        1700 | Michael     | Hartstein   |
|          0 |        1700 | Michael     | Hartstein   |
|          0 |        1700 | Michael     | Hartstein   |
|          0 |        1700 | Michael     | Hartstein   |
|          0 |        1700 | Michael     | Hartstein   |
|          0 |        1700 | Michael     | Hartstein   |
|          0 |        1700 | Michael     | Hartstein   |
|          0 |        1700 | Michael     | Hartstein   |
|          0 |        1700 | Michael     | Hartstein   |
|          0 |        1700 | Michael     | Hartstein   |
|          0 |        1700 | Michael     | Hartstein   |
|          0 |        1700 | Michael     | Hartstein   |
|          0 |        1700 | Michael     | Hartstein   |
|        103 |        1400 | Pat         | Fay         |
|        121 |        1500 | Pat         | Fay         |
|        200 |        1700 | Pat         | Fay         |
|        114 |        1700 | Pat         | Fay         |
|        100 |        1700 | Pat         | Fay         |
|        108 |        1700 | Pat         | Fay         |
|        205 |        1700 | Pat         | Fay         |
|          0 |        1700 | Pat         | Fay         |
|          0 |        1700 | Pat         | Fay         |
|          0 |        1700 | Pat         | Fay         |
|          0 |        1700 | Pat         | Fay         |
|          0 |        1700 | Pat         | Fay         |
|          0 |        1700 | Pat         | Fay         |
|          0 |        1700 | Pat         | Fay         |
|          0 |        1700 | Pat         | Fay         |
|          0 |        1700 | Pat         | Fay         |
|          0 |        1700 | Pat         | Fay         |
|          0 |        1700 | Pat         | Fay         |
|          0 |        1700 | Pat         | Fay         |
|          0 |        1700 | Pat         | Fay         |
|          0 |        1700 | Pat         | Fay         |
|          0 |        1700 | Pat         | Fay         |
|          0 |        1700 | Pat         | Fay         |
|        103 |        1400 | Susan       | Mavris      |
|        121 |        1500 | Susan       | Mavris      |
|        200 |        1700 | Susan       | Mavris      |
|        114 |        1700 | Susan       | Mavris      |
|        100 |        1700 | Susan       | Mavris      |
|        108 |        1700 | Susan       | Mavris      |
|        205 |        1700 | Susan       | Mavris      |
|          0 |        1700 | Susan       | Mavris      |
|          0 |        1700 | Susan       | Mavris      |
|          0 |        1700 | Susan       | Mavris      |
|          0 |        1700 | Susan       | Mavris      |
|          0 |        1700 | Susan       | Mavris      |
|          0 |        1700 | Susan       | Mavris      |
|          0 |        1700 | Susan       | Mavris      |
|          0 |        1700 | Susan       | Mavris      |
|          0 |        1700 | Susan       | Mavris      |
|          0 |        1700 | Susan       | Mavris      |
|          0 |        1700 | Susan       | Mavris      |
|          0 |        1700 | Susan       | Mavris      |
|          0 |        1700 | Susan       | Mavris      |
|          0 |        1700 | Susan       | Mavris      |
|          0 |        1700 | Susan       | Mavris      |
|          0 |        1700 | Susan       | Mavris      |
|        103 |        1400 | Hermann     | Baer        |
|        121 |        1500 | Hermann     | Baer        |
|        200 |        1700 | Hermann     | Baer        |
|        114 |        1700 | Hermann     | Baer        |
|        100 |        1700 | Hermann     | Baer        |
|        108 |        1700 | Hermann     | Baer        |
|        205 |        1700 | Hermann     | Baer        |
|          0 |        1700 | Hermann     | Baer        |
|          0 |        1700 | Hermann     | Baer        |
|          0 |        1700 | Hermann     | Baer        |
|          0 |        1700 | Hermann     | Baer        |
|          0 |        1700 | Hermann     | Baer        |
|          0 |        1700 | Hermann     | Baer        |
|          0 |        1700 | Hermann     | Baer        |
|          0 |        1700 | Hermann     | Baer        |
|          0 |        1700 | Hermann     | Baer        |
|          0 |        1700 | Hermann     | Baer        |
|          0 |        1700 | Hermann     | Baer        |
|          0 |        1700 | Hermann     | Baer        |
|          0 |        1700 | Hermann     | Baer        |
|          0 |        1700 | Hermann     | Baer        |
|          0 |        1700 | Hermann     | Baer        |
|          0 |        1700 | Hermann     | Baer        |
|        103 |        1400 | Shelley     | Higgins     |
|        121 |        1500 | Shelley     | Higgins     |
|        200 |        1700 | Shelley     | Higgins     |
|        114 |        1700 | Shelley     | Higgins     |
|        100 |        1700 | Shelley     | Higgins     |
|        108 |        1700 | Shelley     | Higgins     |
|        205 |        1700 | Shelley     | Higgins     |
|          0 |        1700 | Shelley     | Higgins     |
|          0 |        1700 | Shelley     | Higgins     |
|          0 |        1700 | Shelley     | Higgins     |
|          0 |        1700 | Shelley     | Higgins     |
|          0 |        1700 | Shelley     | Higgins     |
|          0 |        1700 | Shelley     | Higgins     |
|          0 |        1700 | Shelley     | Higgins     |
|          0 |        1700 | Shelley     | Higgins     |
|          0 |        1700 | Shelley     | Higgins     |
|          0 |        1700 | Shelley     | Higgins     |
|          0 |        1700 | Shelley     | Higgins     |
|          0 |        1700 | Shelley     | Higgins     |
|          0 |        1700 | Shelley     | Higgins     |
|          0 |        1700 | Shelley     | Higgins     |
|          0 |        1700 | Shelley     | Higgins     |
|          0 |        1700 | Shelley     | Higgins     |
|        103 |        1400 | William     | Gietz       |
|        121 |        1500 | William     | Gietz       |
|        200 |        1700 | William     | Gietz       |
|        114 |        1700 | William     | Gietz       |
|        100 |        1700 | William     | Gietz       |
|        108 |        1700 | William     | Gietz       |
|        205 |        1700 | William     | Gietz       |
|          0 |        1700 | William     | Gietz       |
|          0 |        1700 | William     | Gietz       |
|          0 |        1700 | William     | Gietz       |
|          0 |        1700 | William     | Gietz       |
|          0 |        1700 | William     | Gietz       |
|          0 |        1700 | William     | Gietz       |
|          0 |        1700 | William     | Gietz       |
|          0 |        1700 | William     | Gietz       |
|          0 |        1700 | William     | Gietz       |
|          0 |        1700 | William     | Gietz       |
|          0 |        1700 | William     | Gietz       |
|          0 |        1700 | William     | Gietz       |
|          0 |        1700 | William     | Gietz       |
|          0 |        1700 | William     | Gietz       |
|          0 |        1700 | William     | Gietz       |
|          0 |        1700 | William     | Gietz       |
+------------+-------------+-------------+-------------+
2461 rows in set (0.03 sec)

MariaDB [csd2204w18]> select departments.manager_id,locationlast_name from departments,employees where location_id IN (select location_id from locations where country_id = 'US'); 
ERROR 1054 (42S22): Unknown column 'locationlast_name' in 'field list'
MariaDB [csd2204w18]> desc employees;
+----------------+--------------+------+-----+---------+-------+
| Field          | Type         | Null | Key | Default | Extra |
+----------------+--------------+------+-----+---------+-------+
| EMPLOYEE_ID    | decimal(6,0) | NO   | PRI | 0       |       |
| FIRST_NAME     | varchar(20)  | YES  |     | NULL    |       |
| LAST_NAME      | varchar(25)  | NO   | MUL | NULL    |       |
| EMAIL          | varchar(25)  | NO   | UNI | NULL    |       |
| PHONE_NUMBER   | varchar(20)  | YES  |     | NULL    |       |
| HIRE_DATE      | date         | NO   |     | NULL    |       |
| JOB_ID         | varchar(10)  | NO   | MUL | NULL    |       |
| SALARY         | decimal(8,2) | YES  |     | NULL    |       |
| COMMISSION_PCT | decimal(2,2) | YES  |     | NULL    |       |
| MANAGER_ID     | decimal(6,0) | YES  | MUL | NULL    |       |
| DEPARTMENT_ID  | decimal(4,0) | YES  | MUL | NULL    |       |
+----------------+--------------+------+-----+---------+-------+
11 rows in set (0.01 sec)

MariaDB [csd2204w18]> select first_name,last_name from employees;
+-------------+-------------+
| first_name  | last_name   |
+-------------+-------------+
| Ellen       | Abel        |
| Sundar      | Ande        |
| Mozhe       | Atkinson    |
| David       | Austin      |
| Hermann     | Baer        |
| Shelli      | Baida       |
| Amit        | Banda       |
| Elizabeth   | Bates       |
| Sarah       | Bell        |
| David       | Bernstein   |
| Laura       | Bissot      |
| Harrison    | Bloom       |
| Alexis      | Bull        |
| Anthony     | Cabrio      |
| Gerald      | Cambrault   |
| Nanette     | Cambrault   |
| John        | Chen        |
| Kelly       | Chung       |
| Karen       | Colmenares  |
| Curtis      | Davies      |
| Lex         | De Haan     |
| Julia       | Dellinger   |
| Jennifer    | Dilly       |
| Louise      | Doran       |
| Bruce       | Ernst       |
| Alberto     | Errazuriz   |
| Britney     | Everett     |
| Daniel      | Faviet      |
| Pat         | Fay         |
| Kevin       | Feeney      |
| Jean        | Fleaur      |
| Tayler      | Fox         |
| Adam        | Fripp       |
| Timothy     | Gates       |
| Ki          | Gee         |
| Girard      | Geoni       |
| William     | Gietz       |
| Douglas     | Grant       |
| Kimberely   | Grant       |
| Nancy       | Greenberg   |
| Danielle    | Greene      |
| Peter       | Hall        |
| Michael     | Hartstein   |
| Shelley     | Higgins     |
| Guy         | Himuro      |
| Alexander   | Hunold      |
| Alyssa      | Hutton      |
| Charles     | Johnson     |
| Vance       | Jones       |
| Payam       | Kaufling    |
| Alexander   | Khoo        |
| Janette     | King        |
| Steven      | King        |
| Neena       | Kochhar     |
| Sundita     | Kumar       |
| Renske      | Ladwig      |
| James       | Landry      |
| David       | Lee         |
| Jack        | Livingston  |
| Diana       | Lorentz     |
| Jason       | Mallin      |
| Steven      | Markle      |
| James       | Marlow      |
| Mattea      | Marvins     |
| Randall     | Matos       |
| Susan       | Mavris      |
| Samuel      | McCain      |
| Allan       | McEwen      |
| Irene       | Mikkilineni |
| Kevin       | Mourgos     |
| Julia       | Nayer       |
| Donald      | OConnell    |
| Christopher | Olsen       |
| TJ          | Olson       |
| Lisa        | Ozer        |
| Karen       | Partners    |
| Valli       | Pataballa   |
| Joshua      | Patel       |
| Randall     | Perkins     |
| Hazel       | Philtanker  |
| Luis        | Popp        |
| Trenna      | Rajs        |
| Den         | Raphaely    |
| Michael     | Rogers      |
| John        | Russell     |
| Nandita     | Sarchand    |
| Ismael      | Sciarra     |
| John        | Seo         |
| Sarath      | Sewall      |
| Lindsey     | Smith       |
| William     | Smith       |
| Stephen     | Stiles      |
| Martha      | Sullivan    |
| Patrick     | Sully       |
| Jonathon    | Taylor      |
| Winston     | Taylor      |
| Sigal       | Tobias      |
| Peter       | Tucker      |
| Oliver      | Tuvault     |
| Jose Manuel | Urman       |
| Peter       | Vargas      |
| Clara       | Vishney     |
| Shanta      | Vollman     |
| Alana       | Walsh       |
| Matthew     | Weiss       |
| Jennifer    | Whalen      |
| Eleni       | Zlotkey     |
+-------------+-------------+
107 rows in set (0.00 sec)

MariaDB [csd2204w18]> select first_name,last_name from employees where manager_id <> 0;
+-------------+-------------+
| first_name  | last_name   |
+-------------+-------------+
| Neena       | Kochhar     |
| Lex         | De Haan     |
| Alexander   | Hunold      |
| Bruce       | Ernst       |
| David       | Austin      |
| Valli       | Pataballa   |
| Diana       | Lorentz     |
| Nancy       | Greenberg   |
| Daniel      | Faviet      |
| John        | Chen        |
| Ismael      | Sciarra     |
| Jose Manuel | Urman       |
| Luis        | Popp        |
| Den         | Raphaely    |
| Alexander   | Khoo        |
| Shelli      | Baida       |
| Sigal       | Tobias      |
| Guy         | Himuro      |
| Karen       | Colmenares  |
| Matthew     | Weiss       |
| Adam        | Fripp       |
| Payam       | Kaufling    |
| Shanta      | Vollman     |
| Kevin       | Mourgos     |
| Julia       | Nayer       |
| Irene       | Mikkilineni |
| James       | Landry      |
| Steven      | Markle      |
| Laura       | Bissot      |
| Mozhe       | Atkinson    |
| James       | Marlow      |
| TJ          | Olson       |
| Jason       | Mallin      |
| Michael     | Rogers      |
| Ki          | Gee         |
| Hazel       | Philtanker  |
| Renske      | Ladwig      |
| Stephen     | Stiles      |
| John        | Seo         |
| Joshua      | Patel       |
| Trenna      | Rajs        |
| Curtis      | Davies      |
| Randall     | Matos       |
| Peter       | Vargas      |
| John        | Russell     |
| Karen       | Partners    |
| Alberto     | Errazuriz   |
| Gerald      | Cambrault   |
| Eleni       | Zlotkey     |
| Peter       | Tucker      |
| David       | Bernstein   |
| Peter       | Hall        |
| Christopher | Olsen       |
| Nanette     | Cambrault   |
| Oliver      | Tuvault     |
| Janette     | King        |
| Patrick     | Sully       |
| Allan       | McEwen      |
| Lindsey     | Smith       |
| Louise      | Doran       |
| Sarath      | Sewall      |
| Clara       | Vishney     |
| Danielle    | Greene      |
| Mattea      | Marvins     |
| David       | Lee         |
| Sundar      | Ande        |
| Amit        | Banda       |
| Lisa        | Ozer        |
| Harrison    | Bloom       |
| Tayler      | Fox         |
| William     | Smith       |
| Elizabeth   | Bates       |
| Sundita     | Kumar       |
| Ellen       | Abel        |
| Alyssa      | Hutton      |
| Jonathon    | Taylor      |
| Jack        | Livingston  |
| Kimberely   | Grant       |
| Charles     | Johnson     |
| Winston     | Taylor      |
| Jean        | Fleaur      |
| Martha      | Sullivan    |
| Girard      | Geoni       |
| Nandita     | Sarchand    |
| Alexis      | Bull        |
| Julia       | Dellinger   |
| Anthony     | Cabrio      |
| Kelly       | Chung       |
| Jennifer    | Dilly       |
| Timothy     | Gates       |
| Randall     | Perkins     |
| Sarah       | Bell        |
| Britney     | Everett     |
| Samuel      | McCain      |
| Vance       | Jones       |
| Alana       | Walsh       |
| Kevin       | Feeney      |
| Donald      | OConnell    |
| Douglas     | Grant       |
| Jennifer    | Whalen      |
| Michael     | Hartstein   |
| Pat         | Fay         |
| Susan       | Mavris      |
| Hermann     | Baer        |
| Shelley     | Higgins     |
| William     | Gietz       |
+-------------+-------------+
106 rows in set (0.00 sec)

MariaDB [csd2204w18]> select first_name,last_name from employees where manager_id <> 0 AND department_id IN (select department_id from departments where location_id IN (select location_id from locations where country_id='US'));
+-------------+-------------+
| first_name  | last_name   |
+-------------+-------------+
| Alexander   | Hunold      |
| Bruce       | Ernst       |
| David       | Austin      |
| Valli       | Pataballa   |
| Diana       | Lorentz     |
| Matthew     | Weiss       |
| Adam        | Fripp       |
| Payam       | Kaufling    |
| Shanta      | Vollman     |
| Kevin       | Mourgos     |
| Julia       | Nayer       |
| Irene       | Mikkilineni |
| James       | Landry      |
| Steven      | Markle      |
| Laura       | Bissot      |
| Mozhe       | Atkinson    |
| James       | Marlow      |
| TJ          | Olson       |
| Jason       | Mallin      |
| Michael     | Rogers      |
| Ki          | Gee         |
| Hazel       | Philtanker  |
| Renske      | Ladwig      |
| Stephen     | Stiles      |
| John        | Seo         |
| Joshua      | Patel       |
| Trenna      | Rajs        |
| Curtis      | Davies      |
| Randall     | Matos       |
| Peter       | Vargas      |
| Winston     | Taylor      |
| Jean        | Fleaur      |
| Martha      | Sullivan    |
| Girard      | Geoni       |
| Nandita     | Sarchand    |
| Alexis      | Bull        |
| Julia       | Dellinger   |
| Anthony     | Cabrio      |
| Kelly       | Chung       |
| Jennifer    | Dilly       |
| Timothy     | Gates       |
| Randall     | Perkins     |
| Sarah       | Bell        |
| Britney     | Everett     |
| Samuel      | McCain      |
| Vance       | Jones       |
| Alana       | Walsh       |
| Kevin       | Feeney      |
| Donald      | OConnell    |
| Douglas     | Grant       |
| Jennifer    | Whalen      |
| Den         | Raphaely    |
| Alexander   | Khoo        |
| Shelli      | Baida       |
| Sigal       | Tobias      |
| Guy         | Himuro      |
| Karen       | Colmenares  |
| Neena       | Kochhar     |
| Lex         | De Haan     |
| Nancy       | Greenberg   |
| Daniel      | Faviet      |
| John        | Chen        |
| Ismael      | Sciarra     |
| Jose Manuel | Urman       |
| Luis        | Popp        |
| Shelley     | Higgins     |
| William     | Gietz       |
+-------------+-------------+
67 rows in set (0.00 sec)

MariaDB [csd2204w18]> show tables;
+----------------------+
| Tables_in_csd2204w18 |
+----------------------+
| animals              |
| countries            |
| departments          |
| employees            |
| job_history          |
| jobs                 |
| locations            |
| manu                 |
| pet                  |
| products             |
| regions              |
+----------------------+
11 rows in set (0.00 sec)

MariaDB [csd2204w18]> select first_name,last_name from employees;
+-------------+-------------+
| first_name  | last_name   |
+-------------+-------------+
| Ellen       | Abel        |
| Sundar      | Ande        |
| Mozhe       | Atkinson    |
| David       | Austin      |
| Hermann     | Baer        |
| Shelli      | Baida       |
| Amit        | Banda       |
| Elizabeth   | Bates       |
| Sarah       | Bell        |
| David       | Bernstein   |
| Laura       | Bissot      |
| Harrison    | Bloom       |
| Alexis      | Bull        |
| Anthony     | Cabrio      |
| Gerald      | Cambrault   |
| Nanette     | Cambrault   |
| John        | Chen        |
| Kelly       | Chung       |
| Karen       | Colmenares  |
| Curtis      | Davies      |
| Lex         | De Haan     |
| Julia       | Dellinger   |
| Jennifer    | Dilly       |
| Louise      | Doran       |
| Bruce       | Ernst       |
| Alberto     | Errazuriz   |
| Britney     | Everett     |
| Daniel      | Faviet      |
| Pat         | Fay         |
| Kevin       | Feeney      |
| Jean        | Fleaur      |
| Tayler      | Fox         |
| Adam        | Fripp       |
| Timothy     | Gates       |
| Ki          | Gee         |
| Girard      | Geoni       |
| William     | Gietz       |
| Douglas     | Grant       |
| Kimberely   | Grant       |
| Nancy       | Greenberg   |
| Danielle    | Greene      |
| Peter       | Hall        |
| Michael     | Hartstein   |
| Shelley     | Higgins     |
| Guy         | Himuro      |
| Alexander   | Hunold      |
| Alyssa      | Hutton      |
| Charles     | Johnson     |
| Vance       | Jones       |
| Payam       | Kaufling    |
| Alexander   | Khoo        |
| Janette     | King        |
| Steven      | King        |
| Neena       | Kochhar     |
| Sundita     | Kumar       |
| Renske      | Ladwig      |
| James       | Landry      |
| David       | Lee         |
| Jack        | Livingston  |
| Diana       | Lorentz     |
| Jason       | Mallin      |
| Steven      | Markle      |
| James       | Marlow      |
| Mattea      | Marvins     |
| Randall     | Matos       |
| Susan       | Mavris      |
| Samuel      | McCain      |
| Allan       | McEwen      |
| Irene       | Mikkilineni |
| Kevin       | Mourgos     |
| Julia       | Nayer       |
| Donald      | OConnell    |
| Christopher | Olsen       |
| TJ          | Olson       |
| Lisa        | Ozer        |
| Karen       | Partners    |
| Valli       | Pataballa   |
| Joshua      | Patel       |
| Randall     | Perkins     |
| Hazel       | Philtanker  |
| Luis        | Popp        |
| Trenna      | Rajs        |
| Den         | Raphaely    |
| Michael     | Rogers      |
| John        | Russell     |
| Nandita     | Sarchand    |
| Ismael      | Sciarra     |
| John        | Seo         |
| Sarath      | Sewall      |
| Lindsey     | Smith       |
| William     | Smith       |
| Stephen     | Stiles      |
| Martha      | Sullivan    |
| Patrick     | Sully       |
| Jonathon    | Taylor      |
| Winston     | Taylor      |
| Sigal       | Tobias      |
| Peter       | Tucker      |
| Oliver      | Tuvault     |
| Jose Manuel | Urman       |
| Peter       | Vargas      |
| Clara       | Vishney     |
| Shanta      | Vollman     |
| Alana       | Walsh       |
| Matthew     | Weiss       |
| Jennifer    | Whalen      |
| Eleni       | Zlotkey     |
+-------------+-------------+
107 rows in set (0.00 sec)

MariaDB [csd2204w18]> select * from departments;
+---------------+----------------------+------------+-------------+
| DEPARTMENT_ID | DEPARTMENT_NAME      | MANAGER_ID | LOCATION_ID |
+---------------+----------------------+------------+-------------+
|            10 | Administration       |        200 |        1700 |
|            20 | Marketing            |        201 |        1800 |
|            30 | Purchasing           |        114 |        1700 |
|            40 | Human Resources      |        203 |        2400 |
|            50 | Shipping             |        121 |        1500 |
|            60 | IT                   |        103 |        1400 |
|            70 | Public Relations     |        204 |        2700 |
|            80 | Sales                |        145 |        2500 |
|            90 | Executive            |        100 |        1700 |
|           100 | Finance              |        108 |        1700 |
|           110 | Accounting           |        205 |        1700 |
|           120 | Treasury             |          0 |        1700 |
|           130 | Corporate Tax        |          0 |        1700 |
|           140 | Control And Credit   |          0 |        1700 |
|           150 | Shareholder Services |          0 |        1700 |
|           160 | Benefits             |          0 |        1700 |
|           170 | Manufacturing        |          0 |        1700 |
|           180 | Construction         |          0 |        1700 |
|           190 | Contracting          |          0 |        1700 |
|           200 | Operations           |          0 |        1700 |
|           210 | IT Support           |          0 |        1700 |
|           220 | NOC                  |          0 |        1700 |
|           230 | IT Helpdesk          |          0 |        1700 |
|           240 | Government Sales     |          0 |        1700 |
|           250 | Retail Sales         |          0 |        1700 |
|           260 | Recruiting           |          0 |        1700 |
|           270 | Payroll              |          0 |        1700 |
+---------------+----------------------+------------+-------------+
27 rows in set (0.00 sec)

MariaDB [csd2204w18]> show tables;
+----------------------+
| Tables_in_csd2204w18 |
+----------------------+
| animals              |
| countries            |
| departments          |
| employees            |
| job_history          |
| jobs                 |
| locations            |
| manu                 |
| pet                  |
| products             |
| regions              |
+----------------------+
11 rows in set (0.00 sec)

MariaDB [csd2204w18]> desc employees;
+----------------+--------------+------+-----+---------+-------+
| Field          | Type         | Null | Key | Default | Extra |
+----------------+--------------+------+-----+---------+-------+
| EMPLOYEE_ID    | decimal(6,0) | NO   | PRI | 0       |       |
| FIRST_NAME     | varchar(20)  | YES  |     | NULL    |       |
| LAST_NAME      | varchar(25)  | NO   | MUL | NULL    |       |
| EMAIL          | varchar(25)  | NO   | UNI | NULL    |       |
| PHONE_NUMBER   | varchar(20)  | YES  |     | NULL    |       |
| HIRE_DATE      | date         | NO   |     | NULL    |       |
| JOB_ID         | varchar(10)  | NO   | MUL | NULL    |       |
| SALARY         | decimal(8,2) | YES  |     | NULL    |       |
| COMMISSION_PCT | decimal(2,2) | YES  |     | NULL    |       |
| MANAGER_ID     | decimal(6,0) | YES  | MUL | NULL    |       |
| DEPARTMENT_ID  | decimal(4,0) | YES  | MUL | NULL    |       |
+----------------+--------------+------+-----+---------+-------+
11 rows in set (0.01 sec)

MariaDB [csd2204w18]> desc departmetns;
ERROR 1146 (42S02): Table 'csd2204w18.departmetns' doesn't exist
MariaDB [csd2204w18]> desc departments;
+-----------------+--------------+------+-----+---------+-------+
| Field           | Type         | Null | Key | Default | Extra |
+-----------------+--------------+------+-----+---------+-------+
| DEPARTMENT_ID   | decimal(4,0) | NO   | PRI | 0       |       |
| DEPARTMENT_NAME | varchar(30)  | NO   |     | NULL    |       |
| MANAGER_ID      | decimal(6,0) | YES  | MUL | NULL    |       |
| LOCATION_ID     | decimal(4,0) | YES  | MUL | NULL    |       |
+-----------------+--------------+------+-----+---------+-------+
4 rows in set (0.01 sec)

MariaDB [csd2204w18]> select first_name,last_name from employees where manager_id <> 0;
+-------------+-------------+
| first_name  | last_name   |
+-------------+-------------+
| Neena       | Kochhar     |
| Lex         | De Haan     |
| Alexander   | Hunold      |
| Bruce       | Ernst       |
| David       | Austin      |
| Valli       | Pataballa   |
| Diana       | Lorentz     |
| Nancy       | Greenberg   |
| Daniel      | Faviet      |
| John        | Chen        |
| Ismael      | Sciarra     |
| Jose Manuel | Urman       |
| Luis        | Popp        |
| Den         | Raphaely    |
| Alexander   | Khoo        |
| Shelli      | Baida       |
| Sigal       | Tobias      |
| Guy         | Himuro      |
| Karen       | Colmenares  |
| Matthew     | Weiss       |
| Adam        | Fripp       |
| Payam       | Kaufling    |
| Shanta      | Vollman     |
| Kevin       | Mourgos     |
| Julia       | Nayer       |
| Irene       | Mikkilineni |
| James       | Landry      |
| Steven      | Markle      |
| Laura       | Bissot      |
| Mozhe       | Atkinson    |
| James       | Marlow      |
| TJ          | Olson       |
| Jason       | Mallin      |
| Michael     | Rogers      |
| Ki          | Gee         |
| Hazel       | Philtanker  |
| Renske      | Ladwig      |
| Stephen     | Stiles      |
| John        | Seo         |
| Joshua      | Patel       |
| Trenna      | Rajs        |
| Curtis      | Davies      |
| Randall     | Matos       |
| Peter       | Vargas      |
| John        | Russell     |
| Karen       | Partners    |
| Alberto     | Errazuriz   |
| Gerald      | Cambrault   |
| Eleni       | Zlotkey     |
| Peter       | Tucker      |
| David       | Bernstein   |
| Peter       | Hall        |
| Christopher | Olsen       |
| Nanette     | Cambrault   |
| Oliver      | Tuvault     |
| Janette     | King        |
| Patrick     | Sully       |
| Allan       | McEwen      |
| Lindsey     | Smith       |
| Louise      | Doran       |
| Sarath      | Sewall      |
| Clara       | Vishney     |
| Danielle    | Greene      |
| Mattea      | Marvins     |
| David       | Lee         |
| Sundar      | Ande        |
| Amit        | Banda       |
| Lisa        | Ozer        |
| Harrison    | Bloom       |
| Tayler      | Fox         |
| William     | Smith       |
| Elizabeth   | Bates       |
| Sundita     | Kumar       |
| Ellen       | Abel        |
| Alyssa      | Hutton      |
| Jonathon    | Taylor      |
| Jack        | Livingston  |
| Kimberely   | Grant       |
| Charles     | Johnson     |
| Winston     | Taylor      |
| Jean        | Fleaur      |
| Martha      | Sullivan    |
| Girard      | Geoni       |
| Nandita     | Sarchand    |
| Alexis      | Bull        |
| Julia       | Dellinger   |
| Anthony     | Cabrio      |
| Kelly       | Chung       |
| Jennifer    | Dilly       |
| Timothy     | Gates       |
| Randall     | Perkins     |
| Sarah       | Bell        |
| Britney     | Everett     |
| Samuel      | McCain      |
| Vance       | Jones       |
| Alana       | Walsh       |
| Kevin       | Feeney      |
| Donald      | OConnell    |
| Douglas     | Grant       |
| Jennifer    | Whalen      |
| Michael     | Hartstein   |
| Pat         | Fay         |
| Susan       | Mavris      |
| Hermann     | Baer        |
| Shelley     | Higgins     |
| William     | Gietz       |
+-------------+-------------+
106 rows in set (0.00 sec)

MariaDB [csd2204w18]> select * from departments;
+---------------+----------------------+------------+-------------+
| DEPARTMENT_ID | DEPARTMENT_NAME      | MANAGER_ID | LOCATION_ID |
+---------------+----------------------+------------+-------------+
|            10 | Administration       |        200 |        1700 |
|            20 | Marketing            |        201 |        1800 |
|            30 | Purchasing           |        114 |        1700 |
|            40 | Human Resources      |        203 |        2400 |
|            50 | Shipping             |        121 |        1500 |
|            60 | IT                   |        103 |        1400 |
|            70 | Public Relations     |        204 |        2700 |
|            80 | Sales                |        145 |        2500 |
|            90 | Executive            |        100 |        1700 |
|           100 | Finance              |        108 |        1700 |
|           110 | Accounting           |        205 |        1700 |
|           120 | Treasury             |          0 |        1700 |
|           130 | Corporate Tax        |          0 |        1700 |
|           140 | Control And Credit   |          0 |        1700 |
|           150 | Shareholder Services |          0 |        1700 |
|           160 | Benefits             |          0 |        1700 |
|           170 | Manufacturing        |          0 |        1700 |
|           180 | Construction         |          0 |        1700 |
|           190 | Contracting          |          0 |        1700 |
|           200 | Operations           |          0 |        1700 |
|           210 | IT Support           |          0 |        1700 |
|           220 | NOC                  |          0 |        1700 |
|           230 | IT Helpdesk          |          0 |        1700 |
|           240 | Government Sales     |          0 |        1700 |
|           250 | Retail Sales         |          0 |        1700 |
|           260 | Recruiting           |          0 |        1700 |
|           270 | Payroll              |          0 |        1700 |
+---------------+----------------------+------------+-------------+
27 rows in set (0.00 sec)

MariaDB [csd2204w18]> desc employees;
+----------------+--------------+------+-----+---------+-------+
| Field          | Type         | Null | Key | Default | Extra |
+----------------+--------------+------+-----+---------+-------+
| EMPLOYEE_ID    | decimal(6,0) | NO   | PRI | 0       |       |
| FIRST_NAME     | varchar(20)  | YES  |     | NULL    |       |
| LAST_NAME      | varchar(25)  | NO   | MUL | NULL    |       |
| EMAIL          | varchar(25)  | NO   | UNI | NULL    |       |
| PHONE_NUMBER   | varchar(20)  | YES  |     | NULL    |       |
| HIRE_DATE      | date         | NO   |     | NULL    |       |
| JOB_ID         | varchar(10)  | NO   | MUL | NULL    |       |
| SALARY         | decimal(8,2) | YES  |     | NULL    |       |
| COMMISSION_PCT | decimal(2,2) | YES  |     | NULL    |       |
| MANAGER_ID     | decimal(6,0) | YES  | MUL | NULL    |       |
| DEPARTMENT_ID  | decimal(4,0) | YES  | MUL | NULL    |       |
+----------------+--------------+------+-----+---------+-------+
11 rows in set (0.00 sec)

MariaDB [csd2204w18]> select * from employees;
+-------------+-------------+-------------+----------+--------------------+------------+------------+----------+----------------+------------+---------------+
| EMPLOYEE_ID | FIRST_NAME  | LAST_NAME   | EMAIL    | PHONE_NUMBER       | HIRE_DATE  | JOB_ID     | SALARY   | COMMISSION_PCT | MANAGER_ID | DEPARTMENT_ID |
+-------------+-------------+-------------+----------+--------------------+------------+------------+----------+----------------+------------+---------------+
|         100 | Steven      | King        | SKING    | 515.123.4567       | 1987-06-17 | AD_PRES    | 24000.00 |           0.00 |          0 |            90 |
|         101 | Neena       | Kochhar     | NKOCHHAR | 515.123.4568       | 1987-06-18 | AD_VP      | 17000.00 |           0.00 |        100 |            90 |
|         102 | Lex         | De Haan     | LDEHAAN  | 515.123.4569       | 1987-06-19 | AD_VP      | 17000.00 |           0.00 |        100 |            90 |
|         103 | Alexander   | Hunold      | AHUNOLD  | 590.423.4567       | 1987-06-20 | IT_PROG    |  9000.00 |           0.00 |        102 |            60 |
|         104 | Bruce       | Ernst       | BERNST   | 590.423.4568       | 1987-06-21 | IT_PROG    |  6000.00 |           0.00 |        103 |            60 |
|         105 | David       | Austin      | DAUSTIN  | 590.423.4569       | 1987-06-22 | IT_PROG    |  4800.00 |           0.00 |        103 |            60 |
|         106 | Valli       | Pataballa   | VPATABAL | 590.423.4560       | 1987-06-23 | IT_PROG    |  4800.00 |           0.00 |        103 |            60 |
|         107 | Diana       | Lorentz     | DLORENTZ | 590.423.5567       | 1987-06-24 | IT_PROG    |  4200.00 |           0.00 |        103 |            60 |
|         108 | Nancy       | Greenberg   | NGREENBE | 515.124.4569       | 1987-06-25 | FI_MGR     | 12000.00 |           0.00 |        101 |           100 |
|         109 | Daniel      | Faviet      | DFAVIET  | 515.124.4169       | 1987-06-26 | FI_ACCOUNT |  9000.00 |           0.00 |        108 |           100 |
|         110 | John        | Chen        | JCHEN    | 515.124.4269       | 1987-06-27 | FI_ACCOUNT |  8200.00 |           0.00 |        108 |           100 |
|         111 | Ismael      | Sciarra     | ISCIARRA | 515.124.4369       | 1987-06-28 | FI_ACCOUNT |  7700.00 |           0.00 |        108 |           100 |
|         112 | Jose Manuel | Urman       | JMURMAN  | 515.124.4469       | 1987-06-29 | FI_ACCOUNT |  7800.00 |           0.00 |        108 |           100 |
|         113 | Luis        | Popp        | LPOPP    | 515.124.4567       | 1987-06-30 | FI_ACCOUNT |  6900.00 |           0.00 |        108 |           100 |
|         114 | Den         | Raphaely    | DRAPHEAL | 515.127.4561       | 1987-07-01 | PU_MAN     | 11000.00 |           0.00 |        100 |            30 |
|         115 | Alexander   | Khoo        | AKHOO    | 515.127.4562       | 1987-07-02 | PU_CLERK   |  3100.00 |           0.00 |        114 |            30 |
|         116 | Shelli      | Baida       | SBAIDA   | 515.127.4563       | 1987-07-03 | PU_CLERK   |  2900.00 |           0.00 |        114 |            30 |
|         117 | Sigal       | Tobias      | STOBIAS  | 515.127.4564       | 1987-07-04 | PU_CLERK   |  2800.00 |           0.00 |        114 |            30 |
|         118 | Guy         | Himuro      | GHIMURO  | 515.127.4565       | 1987-07-05 | PU_CLERK   |  2600.00 |           0.00 |        114 |            30 |
|         119 | Karen       | Colmenares  | KCOLMENA | 515.127.4566       | 1987-07-06 | PU_CLERK   |  2500.00 |           0.00 |        114 |            30 |
|         120 | Matthew     | Weiss       | MWEISS   | 650.123.1234       | 1987-07-07 | ST_MAN     |  8000.00 |           0.00 |        100 |            50 |
|         121 | Adam        | Fripp       | AFRIPP   | 650.123.2234       | 1987-07-08 | ST_MAN     |  8200.00 |           0.00 |        100 |            50 |
|         122 | Payam       | Kaufling    | PKAUFLIN | 650.123.3234       | 1987-07-09 | ST_MAN     |  7900.00 |           0.00 |        100 |            50 |
|         123 | Shanta      | Vollman     | SVOLLMAN | 650.123.4234       | 1987-07-10 | ST_MAN     |  6500.00 |           0.00 |        100 |            50 |
|         124 | Kevin       | Mourgos     | KMOURGOS | 650.123.5234       | 1987-07-11 | ST_MAN     |  5800.00 |           0.00 |        100 |            50 |
|         125 | Julia       | Nayer       | JNAYER   | 650.124.1214       | 1987-07-12 | ST_CLERK   |  3200.00 |           0.00 |        120 |            50 |
|         126 | Irene       | Mikkilineni | IMIKKILI | 650.124.1224       | 1987-07-13 | ST_CLERK   |  2700.00 |           0.00 |        120 |            50 |
|         127 | James       | Landry      | JLANDRY  | 650.124.1334       | 1987-07-14 | ST_CLERK   |  2400.00 |           0.00 |        120 |            50 |
|         128 | Steven      | Markle      | SMARKLE  | 650.124.1434       | 1987-07-15 | ST_CLERK   |  2200.00 |           0.00 |        120 |            50 |
|         129 | Laura       | Bissot      | LBISSOT  | 650.124.5234       | 1987-07-16 | ST_CLERK   |  3300.00 |           0.00 |        121 |            50 |
|         130 | Mozhe       | Atkinson    | MATKINSO | 650.124.6234       | 1987-07-17 | ST_CLERK   |  2800.00 |           0.00 |        121 |            50 |
|         131 | James       | Marlow      | JAMRLOW  | 650.124.7234       | 1987-07-18 | ST_CLERK   |  2500.00 |           0.00 |        121 |            50 |
|         132 | TJ          | Olson       | TJOLSON  | 650.124.8234       | 1987-07-19 | ST_CLERK   |  2100.00 |           0.00 |        121 |            50 |
|         133 | Jason       | Mallin      | JMALLIN  | 650.127.1934       | 1987-07-20 | ST_CLERK   |  3300.00 |           0.00 |        122 |            50 |
|         134 | Michael     | Rogers      | MROGERS  | 650.127.1834       | 1987-07-21 | ST_CLERK   |  2900.00 |           0.00 |        122 |            50 |
|         135 | Ki          | Gee         | KGEE     | 650.127.1734       | 1987-07-22 | ST_CLERK   |  2400.00 |           0.00 |        122 |            50 |
|         136 | Hazel       | Philtanker  | HPHILTAN | 650.127.1634       | 1987-07-23 | ST_CLERK   |  2200.00 |           0.00 |        122 |            50 |
|         137 | Renske      | Ladwig      | RLADWIG  | 650.121.1234       | 1987-07-24 | ST_CLERK   |  3600.00 |           0.00 |        123 |            50 |
|         138 | Stephen     | Stiles      | SSTILES  | 650.121.2034       | 1987-07-25 | ST_CLERK   |  3200.00 |           0.00 |        123 |            50 |
|         139 | John        | Seo         | JSEO     | 650.121.2019       | 1987-07-26 | ST_CLERK   |  2700.00 |           0.00 |        123 |            50 |
|         140 | Joshua      | Patel       | JPATEL   | 650.121.1834       | 1987-07-27 | ST_CLERK   |  2500.00 |           0.00 |        123 |            50 |
|         141 | Trenna      | Rajs        | TRAJS    | 650.121.8009       | 1987-07-28 | ST_CLERK   |  3500.00 |           0.00 |        124 |            50 |
|         142 | Curtis      | Davies      | CDAVIES  | 650.121.2994       | 1987-07-29 | ST_CLERK   |  3100.00 |           0.00 |        124 |            50 |
|         143 | Randall     | Matos       | RMATOS   | 650.121.2874       | 1987-07-30 | ST_CLERK   |  2600.00 |           0.00 |        124 |            50 |
|         144 | Peter       | Vargas      | PVARGAS  | 650.121.2004       | 1987-07-31 | ST_CLERK   |  2500.00 |           0.00 |        124 |            50 |
|         145 | John        | Russell     | JRUSSEL  | 011.44.1344.429268 | 1987-08-01 | SA_MAN     | 14000.00 |           0.40 |        100 |            80 |
|         146 | Karen       | Partners    | KPARTNER | 011.44.1344.467268 | 1987-08-02 | SA_MAN     | 13500.00 |           0.30 |        100 |            80 |
|         147 | Alberto     | Errazuriz   | AERRAZUR | 011.44.1344.429278 | 1987-08-03 | SA_MAN     | 12000.00 |           0.30 |        100 |            80 |
|         148 | Gerald      | Cambrault   | GCAMBRAU | 011.44.1344.619268 | 1987-08-04 | SA_MAN     | 11000.00 |           0.30 |        100 |            80 |
|         149 | Eleni       | Zlotkey     | EZLOTKEY | 011.44.1344.429018 | 1987-08-05 | SA_MAN     | 10500.00 |           0.20 |        100 |            80 |
|         150 | Peter       | Tucker      | PTUCKER  | 011.44.1344.129268 | 1987-08-06 | SA_REP     | 10000.00 |           0.30 |        145 |            80 |
|         151 | David       | Bernstein   | DBERNSTE | 011.44.1344.345268 | 1987-08-07 | SA_REP     |  9500.00 |           0.25 |        145 |            80 |
|         152 | Peter       | Hall        | PHALL    | 011.44.1344.478968 | 1987-08-08 | SA_REP     |  9000.00 |           0.25 |        145 |            80 |
|         153 | Christopher | Olsen       | COLSEN   | 011.44.1344.498718 | 1987-08-09 | SA_REP     |  8000.00 |           0.20 |        145 |            80 |
|         154 | Nanette     | Cambrault   | NCAMBRAU | 011.44.1344.987668 | 1987-08-10 | SA_REP     |  7500.00 |           0.20 |        145 |            80 |
|         155 | Oliver      | Tuvault     | OTUVAULT | 011.44.1344.486508 | 1987-08-11 | SA_REP     |  7000.00 |           0.15 |        145 |            80 |
|         156 | Janette     | King        | JKING    | 011.44.1345.429268 | 1987-08-12 | SA_REP     | 10000.00 |           0.35 |        146 |            80 |
|         157 | Patrick     | Sully       | PSULLY   | 011.44.1345.929268 | 1987-08-13 | SA_REP     |  9500.00 |           0.35 |        146 |            80 |
|         158 | Allan       | McEwen      | AMCEWEN  | 011.44.1345.829268 | 1987-08-14 | SA_REP     |  9000.00 |           0.35 |        146 |            80 |
|         159 | Lindsey     | Smith       | LSMITH   | 011.44.1345.729268 | 1987-08-15 | SA_REP     |  8000.00 |           0.30 |        146 |            80 |
|         160 | Louise      | Doran       | LDORAN   | 011.44.1345.629268 | 1987-08-16 | SA_REP     |  7500.00 |           0.30 |        146 |            80 |
|         161 | Sarath      | Sewall      | SSEWALL  | 011.44.1345.529268 | 1987-08-17 | SA_REP     |  7000.00 |           0.25 |        146 |            80 |
|         162 | Clara       | Vishney     | CVISHNEY | 011.44.1346.129268 | 1987-08-18 | SA_REP     | 10500.00 |           0.25 |        147 |            80 |
|         163 | Danielle    | Greene      | DGREENE  | 011.44.1346.229268 | 1987-08-19 | SA_REP     |  9500.00 |           0.15 |        147 |            80 |
|         164 | Mattea      | Marvins     | MMARVINS | 011.44.1346.329268 | 1987-08-20 | SA_REP     |  7200.00 |           0.10 |        147 |            80 |
|         165 | David       | Lee         | DLEE     | 011.44.1346.529268 | 1987-08-21 | SA_REP     |  6800.00 |           0.10 |        147 |            80 |
|         166 | Sundar      | Ande        | SANDE    | 011.44.1346.629268 | 1987-08-22 | SA_REP     |  6400.00 |           0.10 |        147 |            80 |
|         167 | Amit        | Banda       | ABANDA   | 011.44.1346.729268 | 1987-08-23 | SA_REP     |  6200.00 |           0.10 |        147 |            80 |
|         168 | Lisa        | Ozer        | LOZER    | 011.44.1343.929268 | 1987-08-24 | SA_REP     | 11500.00 |           0.25 |        148 |            80 |
|         169 | Harrison    | Bloom       | HBLOOM   | 011.44.1343.829268 | 1987-08-25 | SA_REP     | 10000.00 |           0.20 |        148 |            80 |
|         170 | Tayler      | Fox         | TFOX     | 011.44.1343.729268 | 1987-08-26 | SA_REP     |  9600.00 |           0.20 |        148 |            80 |
|         171 | William     | Smith       | WSMITH   | 011.44.1343.629268 | 1987-08-27 | SA_REP     |  7400.00 |           0.15 |        148 |            80 |
|         172 | Elizabeth   | Bates       | EBATES   | 011.44.1343.529268 | 1987-08-28 | SA_REP     |  7300.00 |           0.15 |        148 |            80 |
|         173 | Sundita     | Kumar       | SKUMAR   | 011.44.1343.329268 | 1987-08-29 | SA_REP     |  6100.00 |           0.10 |        148 |            80 |
|         174 | Ellen       | Abel        | EABEL    | 011.44.1644.429267 | 1987-08-30 | SA_REP     | 11000.00 |           0.30 |        149 |            80 |
|         175 | Alyssa      | Hutton      | AHUTTON  | 011.44.1644.429266 | 1987-08-31 | SA_REP     |  8800.00 |           0.25 |        149 |            80 |
|         176 | Jonathon    | Taylor      | JTAYLOR  | 011.44.1644.429265 | 1987-09-01 | SA_REP     |  8600.00 |           0.20 |        149 |            80 |
|         177 | Jack        | Livingston  | JLIVINGS | 011.44.1644.429264 | 1987-09-02 | SA_REP     |  8400.00 |           0.20 |        149 |            80 |
|         178 | Kimberely   | Grant       | KGRANT   | 011.44.1644.429263 | 1987-09-03 | SA_REP     |  7000.00 |           0.15 |        149 |             0 |
|         179 | Charles     | Johnson     | CJOHNSON | 011.44.1644.429262 | 1987-09-04 | SA_REP     |  6200.00 |           0.10 |        149 |            80 |
|         180 | Winston     | Taylor      | WTAYLOR  | 650.507.9876       | 1987-09-05 | SH_CLERK   |  3200.00 |           0.00 |        120 |            50 |
|         181 | Jean        | Fleaur      | JFLEAUR  | 650.507.9877       | 1987-09-06 | SH_CLERK   |  3100.00 |           0.00 |        120 |            50 |
|         182 | Martha      | Sullivan    | MSULLIVA | 650.507.9878       | 1987-09-07 | SH_CLERK   |  2500.00 |           0.00 |        120 |            50 |
|         183 | Girard      | Geoni       | GGEONI   | 650.507.9879       | 1987-09-08 | SH_CLERK   |  2800.00 |           0.00 |        120 |            50 |
|         184 | Nandita     | Sarchand    | NSARCHAN | 650.509.1876       | 1987-09-09 | SH_CLERK   |  4200.00 |           0.00 |        121 |            50 |
|         185 | Alexis      | Bull        | ABULL    | 650.509.2876       | 1987-09-10 | SH_CLERK   |  4100.00 |           0.00 |        121 |            50 |
|         186 | Julia       | Dellinger   | JDELLING | 650.509.3876       | 1987-09-11 | SH_CLERK   |  3400.00 |           0.00 |        121 |            50 |
|         187 | Anthony     | Cabrio      | ACABRIO  | 650.509.4876       | 1987-09-12 | SH_CLERK   |  3000.00 |           0.00 |        121 |            50 |
|         188 | Kelly       | Chung       | KCHUNG   | 650.505.1876       | 1987-09-13 | SH_CLERK   |  3800.00 |           0.00 |        122 |            50 |
|         189 | Jennifer    | Dilly       | JDILLY   | 650.505.2876       | 1987-09-14 | SH_CLERK   |  3600.00 |           0.00 |        122 |            50 |
|         190 | Timothy     | Gates       | TGATES   | 650.505.3876       | 1987-09-15 | SH_CLERK   |  2900.00 |           0.00 |        122 |            50 |
|         191 | Randall     | Perkins     | RPERKINS | 650.505.4876       | 1987-09-16 | SH_CLERK   |  2500.00 |           0.00 |        122 |            50 |
|         192 | Sarah       | Bell        | SBELL    | 650.501.1876       | 1987-09-17 | SH_CLERK   |  4000.00 |           0.00 |        123 |            50 |
|         193 | Britney     | Everett     | BEVERETT | 650.501.2876       | 1987-09-18 | SH_CLERK   |  3900.00 |           0.00 |        123 |            50 |
|         194 | Samuel      | McCain      | SMCCAIN  | 650.501.3876       | 1987-09-19 | SH_CLERK   |  3200.00 |           0.00 |        123 |            50 |
|         195 | Vance       | Jones       | VJONES   | 650.501.4876       | 1987-09-20 | SH_CLERK   |  2800.00 |           0.00 |        123 |            50 |
|         196 | Alana       | Walsh       | AWALSH   | 650.507.9811       | 1987-09-21 | SH_CLERK   |  3100.00 |           0.00 |        124 |            50 |
|         197 | Kevin       | Feeney      | KFEENEY  | 650.507.9822       | 1987-09-22 | SH_CLERK   |  3000.00 |           0.00 |        124 |            50 |
|         198 | Donald      | OConnell    | DOCONNEL | 650.507.9833       | 1987-09-23 | SH_CLERK   |  2600.00 |           0.00 |        124 |            50 |
|         199 | Douglas     | Grant       | DGRANT   | 650.507.9844       | 1987-09-24 | SH_CLERK   |  2600.00 |           0.00 |        124 |            50 |
|         200 | Jennifer    | Whalen      | JWHALEN  | 515.123.4444       | 1987-09-25 | AD_ASST    |  4400.00 |           0.00 |        101 |            10 |
|         201 | Michael     | Hartstein   | MHARTSTE | 515.123.5555       | 1987-09-26 | MK_MAN     | 13000.00 |           0.00 |        100 |            20 |
|         202 | Pat         | Fay         | PFAY     | 603.123.6666       | 1987-09-27 | MK_REP     |  6000.00 |           0.00 |        201 |            20 |
|         203 | Susan       | Mavris      | SMAVRIS  | 515.123.7777       | 1987-09-28 | HR_REP     |  6500.00 |           0.00 |        101 |            40 |
|         204 | Hermann     | Baer        | HBAER    | 515.123.8888       | 1987-09-29 | PR_REP     | 10000.00 |           0.00 |        101 |            70 |
|         205 | Shelley     | Higgins     | SHIGGINS | 515.123.8080       | 1987-09-30 | AC_MGR     | 12000.00 |           0.00 |        101 |           110 |
|         206 | William     | Gietz       | WGIETZ   | 515.123.8181       | 1987-10-01 | AC_ACCOUNT |  8300.00 |           0.00 |        205 |           110 |
+-------------+-------------+-------------+----------+--------------------+------------+------------+----------+----------------+------------+---------------+
107 rows in set (0.00 sec)

MariaDB [csd2204w18]> select manager_id from employees;
+------------+
| manager_id |
+------------+
|          0 |
|        100 |
|        100 |
|        100 |
|        100 |
|        100 |
|        100 |
|        100 |
|        100 |
|        100 |
|        100 |
|        100 |
|        100 |
|        100 |
|        100 |
|        101 |
|        101 |
|        101 |
|        101 |
|        101 |
|        102 |
|        103 |
|        103 |
|        103 |
|        103 |
|        108 |
|        108 |
|        108 |
|        108 |
|        108 |
|        114 |
|        114 |
|        114 |
|        114 |
|        114 |
|        120 |
|        120 |
|        120 |
|        120 |
|        120 |
|        120 |
|        120 |
|        120 |
|        121 |
|        121 |
|        121 |
|        121 |
|        121 |
|        121 |
|        121 |
|        121 |
|        122 |
|        122 |
|        122 |
|        122 |
|        122 |
|        122 |
|        122 |
|        122 |
|        123 |
|        123 |
|        123 |
|        123 |
|        123 |
|        123 |
|        123 |
|        123 |
|        124 |
|        124 |
|        124 |
|        124 |
|        124 |
|        124 |
|        124 |
|        124 |
|        145 |
|        145 |
|        145 |
|        145 |
|        145 |
|        145 |
|        146 |
|        146 |
|        146 |
|        146 |
|        146 |
|        146 |
|        147 |
|        147 |
|        147 |
|        147 |
|        147 |
|        147 |
|        148 |
|        148 |
|        148 |
|        148 |
|        148 |
|        148 |
|        149 |
|        149 |
|        149 |
|        149 |
|        149 |
|        149 |
|        201 |
|        205 |
+------------+
107 rows in set (0.00 sec)

MariaDB [csd2204w18]> select manager_id,employees_id from employees;
ERROR 1054 (42S22): Unknown column 'employees_id' in 'field list'
MariaDB [csd2204w18]> select manager_id,employee_id from employees where manager_id = employee_id;
Empty set (0.00 sec)

MariaDB [csd2204w18]> select manager_id,employee_id from employees where manager_id >= employee_id;
Empty set (0.00 sec)

MariaDB [csd2204w18]> select manager_id,employee_id from employees where manager_id <= employee_id;
+------------+-------------+
| manager_id | employee_id |
+------------+-------------+
|          0 |         100 |
|        100 |         101 |
|        100 |         102 |
|        102 |         103 |
|        103 |         104 |
|        103 |         105 |
|        103 |         106 |
|        103 |         107 |
|        101 |         108 |
|        108 |         109 |
|        108 |         110 |
|        108 |         111 |
|        108 |         112 |
|        108 |         113 |
|        100 |         114 |
|        114 |         115 |
|        114 |         116 |
|        114 |         117 |
|        114 |         118 |
|        114 |         119 |
|        100 |         120 |
|        100 |         121 |
|        100 |         122 |
|        100 |         123 |
|        100 |         124 |
|        120 |         125 |
|        120 |         126 |
|        120 |         127 |
|        120 |         128 |
|        121 |         129 |
|        121 |         130 |
|        121 |         131 |
|        121 |         132 |
|        122 |         133 |
|        122 |         134 |
|        122 |         135 |
|        122 |         136 |
|        123 |         137 |
|        123 |         138 |
|        123 |         139 |
|        123 |         140 |
|        124 |         141 |
|        124 |         142 |
|        124 |         143 |
|        124 |         144 |
|        100 |         145 |
|        100 |         146 |
|        100 |         147 |
|        100 |         148 |
|        100 |         149 |
|        145 |         150 |
|        145 |         151 |
|        145 |         152 |
|        145 |         153 |
|        145 |         154 |
|        145 |         155 |
|        146 |         156 |
|        146 |         157 |
|        146 |         158 |
|        146 |         159 |
|        146 |         160 |
|        146 |         161 |
|        147 |         162 |
|        147 |         163 |
|        147 |         164 |
|        147 |         165 |
|        147 |         166 |
|        147 |         167 |
|        148 |         168 |
|        148 |         169 |
|        148 |         170 |
|        148 |         171 |
|        148 |         172 |
|        148 |         173 |
|        149 |         174 |
|        149 |         175 |
|        149 |         176 |
|        149 |         177 |
|        149 |         178 |
|        149 |         179 |
|        120 |         180 |
|        120 |         181 |
|        120 |         182 |
|        120 |         183 |
|        121 |         184 |
|        121 |         185 |
|        121 |         186 |
|        121 |         187 |
|        122 |         188 |
|        122 |         189 |
|        122 |         190 |
|        122 |         191 |
|        123 |         192 |
|        123 |         193 |
|        123 |         194 |
|        123 |         195 |
|        124 |         196 |
|        124 |         197 |
|        124 |         198 |
|        124 |         199 |
|        101 |         200 |
|        100 |         201 |
|        201 |         202 |
|        101 |         203 |
|        101 |         204 |
|        101 |         205 |
|        205 |         206 |
+------------+-------------+
107 rows in set (0.00 sec)

MariaDB [csd2204w18]> select  distinct(manager_id) from employees;
+------------+
| manager_id |
+------------+
|          0 |
|        100 |
|        101 |
|        102 |
|        103 |
|        108 |
|        114 |
|        120 |
|        121 |
|        122 |
|        123 |
|        124 |
|        145 |
|        146 |
|        147 |
|        148 |
|        149 |
|        201 |
|        205 |
+------------+
19 rows in set (0.00 sec)

MariaDB [csd2204w18]> select  employee_id from employees where manager_id IN (select distinct(manager_id) from employees);
+-------------+
| employee_id |
+-------------+
|         100 |
|         101 |
|         102 |
|         103 |
|         104 |
|         105 |
|         106 |
|         107 |
|         108 |
|         109 |
|         110 |
|         111 |
|         112 |
|         113 |
|         114 |
|         115 |
|         116 |
|         117 |
|         118 |
|         119 |
|         120 |
|         121 |
|         122 |
|         123 |
|         124 |
|         125 |
|         126 |
|         127 |
|         128 |
|         129 |
|         130 |
|         131 |
|         132 |
|         133 |
|         134 |
|         135 |
|         136 |
|         137 |
|         138 |
|         139 |
|         140 |
|         141 |
|         142 |
|         143 |
|         144 |
|         145 |
|         146 |
|         147 |
|         148 |
|         149 |
|         150 |
|         151 |
|         152 |
|         153 |
|         154 |
|         155 |
|         156 |
|         157 |
|         158 |
|         159 |
|         160 |
|         161 |
|         162 |
|         163 |
|         164 |
|         165 |
|         166 |
|         167 |
|         168 |
|         169 |
|         170 |
|         171 |
|         172 |
|         173 |
|         174 |
|         175 |
|         176 |
|         177 |
|         178 |
|         179 |
|         180 |
|         181 |
|         182 |
|         183 |
|         184 |
|         185 |
|         186 |
|         187 |
|         188 |
|         189 |
|         190 |
|         191 |
|         192 |
|         193 |
|         194 |
|         195 |
|         196 |
|         197 |
|         198 |
|         199 |
|         200 |
|         201 |
|         202 |
|         203 |
|         204 |
|         205 |
|         206 |
+-------------+
107 rows in set (0.00 sec)

MariaDB [csd2204w18]> select  employee_id,manager_id from employees where manager_id IN (select distinct(manager_id) from employees);
+-------------+------------+
| employee_id | manager_id |
+-------------+------------+
|         100 |          0 |
|         101 |        100 |
|         102 |        100 |
|         103 |        102 |
|         104 |        103 |
|         105 |        103 |
|         106 |        103 |
|         107 |        103 |
|         108 |        101 |
|         109 |        108 |
|         110 |        108 |
|         111 |        108 |
|         112 |        108 |
|         113 |        108 |
|         114 |        100 |
|         115 |        114 |
|         116 |        114 |
|         117 |        114 |
|         118 |        114 |
|         119 |        114 |
|         120 |        100 |
|         121 |        100 |
|         122 |        100 |
|         123 |        100 |
|         124 |        100 |
|         125 |        120 |
|         126 |        120 |
|         127 |        120 |
|         128 |        120 |
|         129 |        121 |
|         130 |        121 |
|         131 |        121 |
|         132 |        121 |
|         133 |        122 |
|         134 |        122 |
|         135 |        122 |
|         136 |        122 |
|         137 |        123 |
|         138 |        123 |
|         139 |        123 |
|         140 |        123 |
|         141 |        124 |
|         142 |        124 |
|         143 |        124 |
|         144 |        124 |
|         145 |        100 |
|         146 |        100 |
|         147 |        100 |
|         148 |        100 |
|         149 |        100 |
|         150 |        145 |
|         151 |        145 |
|         152 |        145 |
|         153 |        145 |
|         154 |        145 |
|         155 |        145 |
|         156 |        146 |
|         157 |        146 |
|         158 |        146 |
|         159 |        146 |
|         160 |        146 |
|         161 |        146 |
|         162 |        147 |
|         163 |        147 |
|         164 |        147 |
|         165 |        147 |
|         166 |        147 |
|         167 |        147 |
|         168 |        148 |
|         169 |        148 |
|         170 |        148 |
|         171 |        148 |
|         172 |        148 |
|         173 |        148 |
|         174 |        149 |
|         175 |        149 |
|         176 |        149 |
|         177 |        149 |
|         178 |        149 |
|         179 |        149 |
|         180 |        120 |
|         181 |        120 |
|         182 |        120 |
|         183 |        120 |
|         184 |        121 |
|         185 |        121 |
|         186 |        121 |
|         187 |        121 |
|         188 |        122 |
|         189 |        122 |
|         190 |        122 |
|         191 |        122 |
|         192 |        123 |
|         193 |        123 |
|         194 |        123 |
|         195 |        123 |
|         196 |        124 |
|         197 |        124 |
|         198 |        124 |
|         199 |        124 |
|         200 |        101 |
|         201 |        100 |
|         202 |        201 |
|         203 |        101 |
|         204 |        101 |
|         205 |        101 |
|         206 |        205 |
+-------------+------------+
107 rows in set (0.00 sec)

MariaDB [csd2204w18]> select  employee_id from employees where manager_id IN (select distinct(manager_id) from employees);
+-------------+
| employee_id |
+-------------+
|         100 |
|         101 |
|         102 |
|         103 |
|         104 |
|         105 |
|         106 |
|         107 |
|         108 |
|         109 |
|         110 |
|         111 |
|         112 |
|         113 |
|         114 |
|         115 |
|         116 |
|         117 |
|         118 |
|         119 |
|         120 |
|         121 |
|         122 |
|         123 |
|         124 |
|         125 |
|         126 |
|         127 |
|         128 |
|         129 |
|         130 |
|         131 |
|         132 |
|         133 |
|         134 |
|         135 |
|         136 |
|         137 |
|         138 |
|         139 |
|         140 |
|         141 |
|         142 |
|         143 |
|         144 |
|         145 |
|         146 |
|         147 |
|         148 |
|         149 |
|         150 |
|         151 |
|         152 |
|         153 |
|         154 |
|         155 |
|         156 |
|         157 |
|         158 |
|         159 |
|         160 |
|         161 |
|         162 |
|         163 |
|         164 |
|         165 |
|         166 |
|         167 |
|         168 |
|         169 |
|         170 |
|         171 |
|         172 |
|         173 |
|         174 |
|         175 |
|         176 |
|         177 |
|         178 |
|         179 |
|         180 |
|         181 |
|         182 |
|         183 |
|         184 |
|         185 |
|         186 |
|         187 |
|         188 |
|         189 |
|         190 |
|         191 |
|         192 |
|         193 |
|         194 |
|         195 |
|         196 |
|         197 |
|         198 |
|         199 |
|         200 |
|         201 |
|         202 |
|         203 |
|         204 |
|         205 |
|         206 |
+-------------+
107 rows in set (0.00 sec)

MariaDB [csd2204w18]> select  distinct(manager_id) from employees;
+------------+
| manager_id |
+------------+
|          0 |
|        100 |
|        101 |
|        102 |
|        103 |
|        108 |
|        114 |
|        120 |
|        121 |
|        122 |
|        123 |
|        124 |
|        145 |
|        146 |
|        147 |
|        148 |
|        149 |
|        201 |
|        205 |
+------------+
19 rows in set (0.00 sec)

MariaDB [csd2204w18]> select  distinct(manager_id) from employees where employee_id IN(manager_id);
Empty set (0.10 sec)

MariaDB [csd2204w18]> select  first_name,last_name from employees where employee_id IN (select employee_id from employees where employee_id IN(select distinct(manager_id)));
Empty set (0.00 sec)

MariaDB [csd2204w18]> select  first_name,last_name from employees where employee_id IN (select employee_id from employees where employee_id IN(select distinct(manager_id) from employees));
+------------+-----------+
| first_name | last_name |
+------------+-----------+
| Steven     | King      |
| Neena      | Kochhar   |
| Lex        | De Haan   |
| Alexander  | Hunold    |
| Nancy      | Greenberg |
| Den        | Raphaely  |
| Matthew    | Weiss     |
| Adam       | Fripp     |
| Payam      | Kaufling  |
| Shanta     | Vollman   |
| Kevin      | Mourgos   |
| John       | Russell   |
| Karen      | Partners  |
| Alberto    | Errazuriz |
| Gerald     | Cambrault |
| Eleni      | Zlotkey   |
| Michael    | Hartstein |
| Shelley    | Higgins   |
+------------+-----------+
18 rows in set (0.00 sec)

MariaDB [csd2204w18]> select avg(salary) from employees;
+-------------+
| avg(salary) |
+-------------+
| 6461.682243 |
+-------------+
1 row in set (0.05 sec)

MariaDB [csd2204w18]> select first_name,last_name from employees where salary > (select avg(salary) from employees);
+-------------+------------+
| first_name  | last_name  |
+-------------+------------+
| Steven      | King       |
| Neena       | Kochhar    |
| Lex         | De Haan    |
| Alexander   | Hunold     |
| Nancy       | Greenberg  |
| Daniel      | Faviet     |
| John        | Chen       |
| Ismael      | Sciarra    |
| Jose Manuel | Urman      |
| Luis        | Popp       |
| Den         | Raphaely   |
| Matthew     | Weiss      |
| Adam        | Fripp      |
| Payam       | Kaufling   |
| Shanta      | Vollman    |
| John        | Russell    |
| Karen       | Partners   |
| Alberto     | Errazuriz  |
| Gerald      | Cambrault  |
| Eleni       | Zlotkey    |
| Peter       | Tucker     |
| David       | Bernstein  |
| Peter       | Hall       |
| Christopher | Olsen      |
| Nanette     | Cambrault  |
| Oliver      | Tuvault    |
| Janette     | King       |
| Patrick     | Sully      |
| Allan       | McEwen     |
| Lindsey     | Smith      |
| Louise      | Doran      |
| Sarath      | Sewall     |
| Clara       | Vishney    |
| Danielle    | Greene     |
| Mattea      | Marvins    |
| David       | Lee        |
| Lisa        | Ozer       |
| Harrison    | Bloom      |
| Tayler      | Fox        |
| William     | Smith      |
| Elizabeth   | Bates      |
| Ellen       | Abel       |
| Alyssa      | Hutton     |
| Jonathon    | Taylor     |
| Jack        | Livingston |
| Kimberely   | Grant      |
| Michael     | Hartstein  |
| Susan       | Mavris     |
| Hermann     | Baer       |
| Shelley     | Higgins    |
| William     | Gietz      |
+-------------+------------+
51 rows in set (0.00 sec)

MariaDB [csd2204w18]> select first_name,last_name,salary from employees where salary > (select avg(salary) from employees);
+-------------+------------+----------+
| first_name  | last_name  | salary   |
+-------------+------------+----------+
| Steven      | King       | 24000.00 |
| Neena       | Kochhar    | 17000.00 |
| Lex         | De Haan    | 17000.00 |
| Alexander   | Hunold     |  9000.00 |
| Nancy       | Greenberg  | 12000.00 |
| Daniel      | Faviet     |  9000.00 |
| John        | Chen       |  8200.00 |
| Ismael      | Sciarra    |  7700.00 |
| Jose Manuel | Urman      |  7800.00 |
| Luis        | Popp       |  6900.00 |
| Den         | Raphaely   | 11000.00 |
| Matthew     | Weiss      |  8000.00 |
| Adam        | Fripp      |  8200.00 |
| Payam       | Kaufling   |  7900.00 |
| Shanta      | Vollman    |  6500.00 |
| John        | Russell    | 14000.00 |
| Karen       | Partners   | 13500.00 |
| Alberto     | Errazuriz  | 12000.00 |
| Gerald      | Cambrault  | 11000.00 |
| Eleni       | Zlotkey    | 10500.00 |
| Peter       | Tucker     | 10000.00 |
| David       | Bernstein  |  9500.00 |
| Peter       | Hall       |  9000.00 |
| Christopher | Olsen      |  8000.00 |
| Nanette     | Cambrault  |  7500.00 |
| Oliver      | Tuvault    |  7000.00 |
| Janette     | King       | 10000.00 |
| Patrick     | Sully      |  9500.00 |
| Allan       | McEwen     |  9000.00 |
| Lindsey     | Smith      |  8000.00 |
| Louise      | Doran      |  7500.00 |
| Sarath      | Sewall     |  7000.00 |
| Clara       | Vishney    | 10500.00 |
| Danielle    | Greene     |  9500.00 |
| Mattea      | Marvins    |  7200.00 |
| David       | Lee        |  6800.00 |
| Lisa        | Ozer       | 11500.00 |
| Harrison    | Bloom      | 10000.00 |
| Tayler      | Fox        |  9600.00 |
| William     | Smith      |  7400.00 |
| Elizabeth   | Bates      |  7300.00 |
| Ellen       | Abel       | 11000.00 |
| Alyssa      | Hutton     |  8800.00 |
| Jonathon    | Taylor     |  8600.00 |
| Jack        | Livingston |  8400.00 |
| Kimberely   | Grant      |  7000.00 |
| Michael     | Hartstein  | 13000.00 |
| Susan       | Mavris     |  6500.00 |
| Hermann     | Baer       | 10000.00 |
| Shelley     | Higgins    | 12000.00 |
| William     | Gietz      |  8300.00 |
+-------------+------------+----------+
51 rows in set (0.00 sec)

MariaDB [csd2204w18]> select first_name,last_name,salary from employees where salary > (select min(salary) from employees);
+-------------+-------------+----------+
| first_name  | last_name   | salary   |
+-------------+-------------+----------+
| Steven      | King        | 24000.00 |
| Neena       | Kochhar     | 17000.00 |
| Lex         | De Haan     | 17000.00 |
| Alexander   | Hunold      |  9000.00 |
| Bruce       | Ernst       |  6000.00 |
| David       | Austin      |  4800.00 |
| Valli       | Pataballa   |  4800.00 |
| Diana       | Lorentz     |  4200.00 |
| Nancy       | Greenberg   | 12000.00 |
| Daniel      | Faviet      |  9000.00 |
| John        | Chen        |  8200.00 |
| Ismael      | Sciarra     |  7700.00 |
| Jose Manuel | Urman       |  7800.00 |
| Luis        | Popp        |  6900.00 |
| Den         | Raphaely    | 11000.00 |
| Alexander   | Khoo        |  3100.00 |
| Shelli      | Baida       |  2900.00 |
| Sigal       | Tobias      |  2800.00 |
| Guy         | Himuro      |  2600.00 |
| Karen       | Colmenares  |  2500.00 |
| Matthew     | Weiss       |  8000.00 |
| Adam        | Fripp       |  8200.00 |
| Payam       | Kaufling    |  7900.00 |
| Shanta      | Vollman     |  6500.00 |
| Kevin       | Mourgos     |  5800.00 |
| Julia       | Nayer       |  3200.00 |
| Irene       | Mikkilineni |  2700.00 |
| James       | Landry      |  2400.00 |
| Steven      | Markle      |  2200.00 |
| Laura       | Bissot      |  3300.00 |
| Mozhe       | Atkinson    |  2800.00 |
| James       | Marlow      |  2500.00 |
| Jason       | Mallin      |  3300.00 |
| Michael     | Rogers      |  2900.00 |
| Ki          | Gee         |  2400.00 |
| Hazel       | Philtanker  |  2200.00 |
| Renske      | Ladwig      |  3600.00 |
| Stephen     | Stiles      |  3200.00 |
| John        | Seo         |  2700.00 |
| Joshua      | Patel       |  2500.00 |
| Trenna      | Rajs        |  3500.00 |
| Curtis      | Davies      |  3100.00 |
| Randall     | Matos       |  2600.00 |
| Peter       | Vargas      |  2500.00 |
| John        | Russell     | 14000.00 |
| Karen       | Partners    | 13500.00 |
| Alberto     | Errazuriz   | 12000.00 |
| Gerald      | Cambrault   | 11000.00 |
| Eleni       | Zlotkey     | 10500.00 |
| Peter       | Tucker      | 10000.00 |
| David       | Bernstein   |  9500.00 |
| Peter       | Hall        |  9000.00 |
| Christopher | Olsen       |  8000.00 |
| Nanette     | Cambrault   |  7500.00 |
| Oliver      | Tuvault     |  7000.00 |
| Janette     | King        | 10000.00 |
| Patrick     | Sully       |  9500.00 |
| Allan       | McEwen      |  9000.00 |
| Lindsey     | Smith       |  8000.00 |
| Louise      | Doran       |  7500.00 |
| Sarath      | Sewall      |  7000.00 |
| Clara       | Vishney     | 10500.00 |
| Danielle    | Greene      |  9500.00 |
| Mattea      | Marvins     |  7200.00 |
| David       | Lee         |  6800.00 |
| Sundar      | Ande        |  6400.00 |
| Amit        | Banda       |  6200.00 |
| Lisa        | Ozer        | 11500.00 |
| Harrison    | Bloom       | 10000.00 |
| Tayler      | Fox         |  9600.00 |
| William     | Smith       |  7400.00 |
| Elizabeth   | Bates       |  7300.00 |
| Sundita     | Kumar       |  6100.00 |
| Ellen       | Abel        | 11000.00 |
| Alyssa      | Hutton      |  8800.00 |
| Jonathon    | Taylor      |  8600.00 |
| Jack        | Livingston  |  8400.00 |
| Kimberely   | Grant       |  7000.00 |
| Charles     | Johnson     |  6200.00 |
| Winston     | Taylor      |  3200.00 |
| Jean        | Fleaur      |  3100.00 |
| Martha      | Sullivan    |  2500.00 |
| Girard      | Geoni       |  2800.00 |
| Nandita     | Sarchand    |  4200.00 |
| Alexis      | Bull        |  4100.00 |
| Julia       | Dellinger   |  3400.00 |
| Anthony     | Cabrio      |  3000.00 |
| Kelly       | Chung       |  3800.00 |
| Jennifer    | Dilly       |  3600.00 |
| Timothy     | Gates       |  2900.00 |
| Randall     | Perkins     |  2500.00 |
| Sarah       | Bell        |  4000.00 |
| Britney     | Everett     |  3900.00 |
| Samuel      | McCain      |  3200.00 |
| Vance       | Jones       |  2800.00 |
| Alana       | Walsh       |  3100.00 |
| Kevin       | Feeney      |  3000.00 |
| Donald      | OConnell    |  2600.00 |
| Douglas     | Grant       |  2600.00 |
| Jennifer    | Whalen      |  4400.00 |
| Michael     | Hartstein   | 13000.00 |
| Pat         | Fay         |  6000.00 |
| Susan       | Mavris      |  6500.00 |
| Hermann     | Baer        | 10000.00 |
| Shelley     | Higgins     | 12000.00 |
| William     | Gietz       |  8300.00 |
+-------------+-------------+----------+
106 rows in set (0.00 sec)

MariaDB [csd2204w18]> select first_name,last_name,salary from employees where salary = (select min(salary) from employees);
+------------+-----------+---------+
| first_name | last_name | salary  |
+------------+-----------+---------+
| TJ         | Olson     | 2100.00 |
+------------+-----------+---------+
1 row in set (0.00 sec)

MariaDB [csd2204w18]> select * from job;
ERROR 1146 (42S02): Table 'csd2204w18.job' doesn't exist
MariaDB [csd2204w18]> select * from jobs;
+------------+---------------------------------+------------+------------+
| JOB_ID     | JOB_TITLE                       | MIN_SALARY | MAX_SALARY |
+------------+---------------------------------+------------+------------+
| AD_PRES    | President                       |      20000 |      40000 |
| AD_VP      | Administration Vice President   |      15000 |      30000 |
| AD_ASST    | Administration Assistant        |       3000 |       6000 |
| FI_MGR     | Finance Manager                 |       8200 |      16000 |
| FI_ACCOUNT | Accountant                      |       4200 |       9000 |
| AC_MGR     | Accounting Manager              |       8200 |      16000 |
| AC_ACCOUNT | Public Accountant               |       4200 |       9000 |
| SA_MAN     | Sales Manager                   |      10000 |      20000 |
| SA_REP     | Sales Representative            |       6000 |      12000 |
| PU_MAN     | Purchasing Manager              |       8000 |      15000 |
| PU_CLERK   | Purchasing Clerk                |       2500 |       5500 |
| ST_MAN     | Stock Manager                   |       5500 |       8500 |
| ST_CLERK   | Stock Clerk                     |       2000 |       5000 |
| SH_CLERK   | Shipping Clerk                  |       2500 |       5500 |
| IT_PROG    | Programmer                      |       4000 |      10000 |
| MK_MAN     | Marketing Manager               |       9000 |      15000 |
| MK_REP     | Marketing Representative        |       4000 |       9000 |
| HR_REP     | Human Resources Representative  |       4000 |       9000 |
| PR_REP     | Public Relations Representative |       4500 |      10500 |
+------------+---------------------------------+------------+------------+
19 rows in set (0.00 sec)

MariaDB [csd2204w18]> select * from employees;
+-------------+-------------+-------------+----------+--------------------+------------+------------+----------+----------------+------------+---------------+
| EMPLOYEE_ID | FIRST_NAME  | LAST_NAME   | EMAIL    | PHONE_NUMBER       | HIRE_DATE  | JOB_ID     | SALARY   | COMMISSION_PCT | MANAGER_ID | DEPARTMENT_ID |
+-------------+-------------+-------------+----------+--------------------+------------+------------+----------+----------------+------------+---------------+
|         100 | Steven      | King        | SKING    | 515.123.4567       | 1987-06-17 | AD_PRES    | 24000.00 |           0.00 |          0 |            90 |
|         101 | Neena       | Kochhar     | NKOCHHAR | 515.123.4568       | 1987-06-18 | AD_VP      | 17000.00 |           0.00 |        100 |            90 |
|         102 | Lex         | De Haan     | LDEHAAN  | 515.123.4569       | 1987-06-19 | AD_VP      | 17000.00 |           0.00 |        100 |            90 |
|         103 | Alexander   | Hunold      | AHUNOLD  | 590.423.4567       | 1987-06-20 | IT_PROG    |  9000.00 |           0.00 |        102 |            60 |
|         104 | Bruce       | Ernst       | BERNST   | 590.423.4568       | 1987-06-21 | IT_PROG    |  6000.00 |           0.00 |        103 |            60 |
|         105 | David       | Austin      | DAUSTIN  | 590.423.4569       | 1987-06-22 | IT_PROG    |  4800.00 |           0.00 |        103 |            60 |
|         106 | Valli       | Pataballa   | VPATABAL | 590.423.4560       | 1987-06-23 | IT_PROG    |  4800.00 |           0.00 |        103 |            60 |
|         107 | Diana       | Lorentz     | DLORENTZ | 590.423.5567       | 1987-06-24 | IT_PROG    |  4200.00 |           0.00 |        103 |            60 |
|         108 | Nancy       | Greenberg   | NGREENBE | 515.124.4569       | 1987-06-25 | FI_MGR     | 12000.00 |           0.00 |        101 |           100 |
|         109 | Daniel      | Faviet      | DFAVIET  | 515.124.4169       | 1987-06-26 | FI_ACCOUNT |  9000.00 |           0.00 |        108 |           100 |
|         110 | John        | Chen        | JCHEN    | 515.124.4269       | 1987-06-27 | FI_ACCOUNT |  8200.00 |           0.00 |        108 |           100 |
|         111 | Ismael      | Sciarra     | ISCIARRA | 515.124.4369       | 1987-06-28 | FI_ACCOUNT |  7700.00 |           0.00 |        108 |           100 |
|         112 | Jose Manuel | Urman       | JMURMAN  | 515.124.4469       | 1987-06-29 | FI_ACCOUNT |  7800.00 |           0.00 |        108 |           100 |
|         113 | Luis        | Popp        | LPOPP    | 515.124.4567       | 1987-06-30 | FI_ACCOUNT |  6900.00 |           0.00 |        108 |           100 |
|         114 | Den         | Raphaely    | DRAPHEAL | 515.127.4561       | 1987-07-01 | PU_MAN     | 11000.00 |           0.00 |        100 |            30 |
|         115 | Alexander   | Khoo        | AKHOO    | 515.127.4562       | 1987-07-02 | PU_CLERK   |  3100.00 |           0.00 |        114 |            30 |
|         116 | Shelli      | Baida       | SBAIDA   | 515.127.4563       | 1987-07-03 | PU_CLERK   |  2900.00 |           0.00 |        114 |            30 |
|         117 | Sigal       | Tobias      | STOBIAS  | 515.127.4564       | 1987-07-04 | PU_CLERK   |  2800.00 |           0.00 |        114 |            30 |
|         118 | Guy         | Himuro      | GHIMURO  | 515.127.4565       | 1987-07-05 | PU_CLERK   |  2600.00 |           0.00 |        114 |            30 |
|         119 | Karen       | Colmenares  | KCOLMENA | 515.127.4566       | 1987-07-06 | PU_CLERK   |  2500.00 |           0.00 |        114 |            30 |
|         120 | Matthew     | Weiss       | MWEISS   | 650.123.1234       | 1987-07-07 | ST_MAN     |  8000.00 |           0.00 |        100 |            50 |
|         121 | Adam        | Fripp       | AFRIPP   | 650.123.2234       | 1987-07-08 | ST_MAN     |  8200.00 |           0.00 |        100 |            50 |
|         122 | Payam       | Kaufling    | PKAUFLIN | 650.123.3234       | 1987-07-09 | ST_MAN     |  7900.00 |           0.00 |        100 |            50 |
|         123 | Shanta      | Vollman     | SVOLLMAN | 650.123.4234       | 1987-07-10 | ST_MAN     |  6500.00 |           0.00 |        100 |            50 |
|         124 | Kevin       | Mourgos     | KMOURGOS | 650.123.5234       | 1987-07-11 | ST_MAN     |  5800.00 |           0.00 |        100 |            50 |
|         125 | Julia       | Nayer       | JNAYER   | 650.124.1214       | 1987-07-12 | ST_CLERK   |  3200.00 |           0.00 |        120 |            50 |
|         126 | Irene       | Mikkilineni | IMIKKILI | 650.124.1224       | 1987-07-13 | ST_CLERK   |  2700.00 |           0.00 |        120 |            50 |
|         127 | James       | Landry      | JLANDRY  | 650.124.1334       | 1987-07-14 | ST_CLERK   |  2400.00 |           0.00 |        120 |            50 |
|         128 | Steven      | Markle      | SMARKLE  | 650.124.1434       | 1987-07-15 | ST_CLERK   |  2200.00 |           0.00 |        120 |            50 |
|         129 | Laura       | Bissot      | LBISSOT  | 650.124.5234       | 1987-07-16 | ST_CLERK   |  3300.00 |           0.00 |        121 |            50 |
|         130 | Mozhe       | Atkinson    | MATKINSO | 650.124.6234       | 1987-07-17 | ST_CLERK   |  2800.00 |           0.00 |        121 |            50 |
|         131 | James       | Marlow      | JAMRLOW  | 650.124.7234       | 1987-07-18 | ST_CLERK   |  2500.00 |           0.00 |        121 |            50 |
|         132 | TJ          | Olson       | TJOLSON  | 650.124.8234       | 1987-07-19 | ST_CLERK   |  2100.00 |           0.00 |        121 |            50 |
|         133 | Jason       | Mallin      | JMALLIN  | 650.127.1934       | 1987-07-20 | ST_CLERK   |  3300.00 |           0.00 |        122 |            50 |
|         134 | Michael     | Rogers      | MROGERS  | 650.127.1834       | 1987-07-21 | ST_CLERK   |  2900.00 |           0.00 |        122 |            50 |
|         135 | Ki          | Gee         | KGEE     | 650.127.1734       | 1987-07-22 | ST_CLERK   |  2400.00 |           0.00 |        122 |            50 |
|         136 | Hazel       | Philtanker  | HPHILTAN | 650.127.1634       | 1987-07-23 | ST_CLERK   |  2200.00 |           0.00 |        122 |            50 |
|         137 | Renske      | Ladwig      | RLADWIG  | 650.121.1234       | 1987-07-24 | ST_CLERK   |  3600.00 |           0.00 |        123 |            50 |
|         138 | Stephen     | Stiles      | SSTILES  | 650.121.2034       | 1987-07-25 | ST_CLERK   |  3200.00 |           0.00 |        123 |            50 |
|         139 | John        | Seo         | JSEO     | 650.121.2019       | 1987-07-26 | ST_CLERK   |  2700.00 |           0.00 |        123 |            50 |
|         140 | Joshua      | Patel       | JPATEL   | 650.121.1834       | 1987-07-27 | ST_CLERK   |  2500.00 |           0.00 |        123 |            50 |
|         141 | Trenna      | Rajs        | TRAJS    | 650.121.8009       | 1987-07-28 | ST_CLERK   |  3500.00 |           0.00 |        124 |            50 |
|         142 | Curtis      | Davies      | CDAVIES  | 650.121.2994       | 1987-07-29 | ST_CLERK   |  3100.00 |           0.00 |        124 |            50 |
|         143 | Randall     | Matos       | RMATOS   | 650.121.2874       | 1987-07-30 | ST_CLERK   |  2600.00 |           0.00 |        124 |            50 |
|         144 | Peter       | Vargas      | PVARGAS  | 650.121.2004       | 1987-07-31 | ST_CLERK   |  2500.00 |           0.00 |        124 |            50 |
|         145 | John        | Russell     | JRUSSEL  | 011.44.1344.429268 | 1987-08-01 | SA_MAN     | 14000.00 |           0.40 |        100 |            80 |
|         146 | Karen       | Partners    | KPARTNER | 011.44.1344.467268 | 1987-08-02 | SA_MAN     | 13500.00 |           0.30 |        100 |            80 |
|         147 | Alberto     | Errazuriz   | AERRAZUR | 011.44.1344.429278 | 1987-08-03 | SA_MAN     | 12000.00 |           0.30 |        100 |            80 |
|         148 | Gerald      | Cambrault   | GCAMBRAU | 011.44.1344.619268 | 1987-08-04 | SA_MAN     | 11000.00 |           0.30 |        100 |            80 |
|         149 | Eleni       | Zlotkey     | EZLOTKEY | 011.44.1344.429018 | 1987-08-05 | SA_MAN     | 10500.00 |           0.20 |        100 |            80 |
|         150 | Peter       | Tucker      | PTUCKER  | 011.44.1344.129268 | 1987-08-06 | SA_REP     | 10000.00 |           0.30 |        145 |            80 |
|         151 | David       | Bernstein   | DBERNSTE | 011.44.1344.345268 | 1987-08-07 | SA_REP     |  9500.00 |           0.25 |        145 |            80 |
|         152 | Peter       | Hall        | PHALL    | 011.44.1344.478968 | 1987-08-08 | SA_REP     |  9000.00 |           0.25 |        145 |            80 |
|         153 | Christopher | Olsen       | COLSEN   | 011.44.1344.498718 | 1987-08-09 | SA_REP     |  8000.00 |           0.20 |        145 |            80 |
|         154 | Nanette     | Cambrault   | NCAMBRAU | 011.44.1344.987668 | 1987-08-10 | SA_REP     |  7500.00 |           0.20 |        145 |            80 |
|         155 | Oliver      | Tuvault     | OTUVAULT | 011.44.1344.486508 | 1987-08-11 | SA_REP     |  7000.00 |           0.15 |        145 |            80 |
|         156 | Janette     | King        | JKING    | 011.44.1345.429268 | 1987-08-12 | SA_REP     | 10000.00 |           0.35 |        146 |            80 |
|         157 | Patrick     | Sully       | PSULLY   | 011.44.1345.929268 | 1987-08-13 | SA_REP     |  9500.00 |           0.35 |        146 |            80 |
|         158 | Allan       | McEwen      | AMCEWEN  | 011.44.1345.829268 | 1987-08-14 | SA_REP     |  9000.00 |           0.35 |        146 |            80 |
|         159 | Lindsey     | Smith       | LSMITH   | 011.44.1345.729268 | 1987-08-15 | SA_REP     |  8000.00 |           0.30 |        146 |            80 |
|         160 | Louise      | Doran       | LDORAN   | 011.44.1345.629268 | 1987-08-16 | SA_REP     |  7500.00 |           0.30 |        146 |            80 |
|         161 | Sarath      | Sewall      | SSEWALL  | 011.44.1345.529268 | 1987-08-17 | SA_REP     |  7000.00 |           0.25 |        146 |            80 |
|         162 | Clara       | Vishney     | CVISHNEY | 011.44.1346.129268 | 1987-08-18 | SA_REP     | 10500.00 |           0.25 |        147 |            80 |
|         163 | Danielle    | Greene      | DGREENE  | 011.44.1346.229268 | 1987-08-19 | SA_REP     |  9500.00 |           0.15 |        147 |            80 |
|         164 | Mattea      | Marvins     | MMARVINS | 011.44.1346.329268 | 1987-08-20 | SA_REP     |  7200.00 |           0.10 |        147 |            80 |
|         165 | David       | Lee         | DLEE     | 011.44.1346.529268 | 1987-08-21 | SA_REP     |  6800.00 |           0.10 |        147 |            80 |
|         166 | Sundar      | Ande        | SANDE    | 011.44.1346.629268 | 1987-08-22 | SA_REP     |  6400.00 |           0.10 |        147 |            80 |
|         167 | Amit        | Banda       | ABANDA   | 011.44.1346.729268 | 1987-08-23 | SA_REP     |  6200.00 |           0.10 |        147 |            80 |
|         168 | Lisa        | Ozer        | LOZER    | 011.44.1343.929268 | 1987-08-24 | SA_REP     | 11500.00 |           0.25 |        148 |            80 |
|         169 | Harrison    | Bloom       | HBLOOM   | 011.44.1343.829268 | 1987-08-25 | SA_REP     | 10000.00 |           0.20 |        148 |            80 |
|         170 | Tayler      | Fox         | TFOX     | 011.44.1343.729268 | 1987-08-26 | SA_REP     |  9600.00 |           0.20 |        148 |            80 |
|         171 | William     | Smith       | WSMITH   | 011.44.1343.629268 | 1987-08-27 | SA_REP     |  7400.00 |           0.15 |        148 |            80 |
|         172 | Elizabeth   | Bates       | EBATES   | 011.44.1343.529268 | 1987-08-28 | SA_REP     |  7300.00 |           0.15 |        148 |            80 |
|         173 | Sundita     | Kumar       | SKUMAR   | 011.44.1343.329268 | 1987-08-29 | SA_REP     |  6100.00 |           0.10 |        148 |            80 |
|         174 | Ellen       | Abel        | EABEL    | 011.44.1644.429267 | 1987-08-30 | SA_REP     | 11000.00 |           0.30 |        149 |            80 |
|         175 | Alyssa      | Hutton      | AHUTTON  | 011.44.1644.429266 | 1987-08-31 | SA_REP     |  8800.00 |           0.25 |        149 |            80 |
|         176 | Jonathon    | Taylor      | JTAYLOR  | 011.44.1644.429265 | 1987-09-01 | SA_REP     |  8600.00 |           0.20 |        149 |            80 |
|         177 | Jack        | Livingston  | JLIVINGS | 011.44.1644.429264 | 1987-09-02 | SA_REP     |  8400.00 |           0.20 |        149 |            80 |
|         178 | Kimberely   | Grant       | KGRANT   | 011.44.1644.429263 | 1987-09-03 | SA_REP     |  7000.00 |           0.15 |        149 |             0 |
|         179 | Charles     | Johnson     | CJOHNSON | 011.44.1644.429262 | 1987-09-04 | SA_REP     |  6200.00 |           0.10 |        149 |            80 |
|         180 | Winston     | Taylor      | WTAYLOR  | 650.507.9876       | 1987-09-05 | SH_CLERK   |  3200.00 |           0.00 |        120 |            50 |
|         181 | Jean        | Fleaur      | JFLEAUR  | 650.507.9877       | 1987-09-06 | SH_CLERK   |  3100.00 |           0.00 |        120 |            50 |
|         182 | Martha      | Sullivan    | MSULLIVA | 650.507.9878       | 1987-09-07 | SH_CLERK   |  2500.00 |           0.00 |        120 |            50 |
|         183 | Girard      | Geoni       | GGEONI   | 650.507.9879       | 1987-09-08 | SH_CLERK   |  2800.00 |           0.00 |        120 |            50 |
|         184 | Nandita     | Sarchand    | NSARCHAN | 650.509.1876       | 1987-09-09 | SH_CLERK   |  4200.00 |           0.00 |        121 |            50 |
|         185 | Alexis      | Bull        | ABULL    | 650.509.2876       | 1987-09-10 | SH_CLERK   |  4100.00 |           0.00 |        121 |            50 |
|         186 | Julia       | Dellinger   | JDELLING | 650.509.3876       | 1987-09-11 | SH_CLERK   |  3400.00 |           0.00 |        121 |            50 |
|         187 | Anthony     | Cabrio      | ACABRIO  | 650.509.4876       | 1987-09-12 | SH_CLERK   |  3000.00 |           0.00 |        121 |            50 |
|         188 | Kelly       | Chung       | KCHUNG   | 650.505.1876       | 1987-09-13 | SH_CLERK   |  3800.00 |           0.00 |        122 |            50 |
|         189 | Jennifer    | Dilly       | JDILLY   | 650.505.2876       | 1987-09-14 | SH_CLERK   |  3600.00 |           0.00 |        122 |            50 |
|         190 | Timothy     | Gates       | TGATES   | 650.505.3876       | 1987-09-15 | SH_CLERK   |  2900.00 |           0.00 |        122 |            50 |
|         191 | Randall     | Perkins     | RPERKINS | 650.505.4876       | 1987-09-16 | SH_CLERK   |  2500.00 |           0.00 |        122 |            50 |
|         192 | Sarah       | Bell        | SBELL    | 650.501.1876       | 1987-09-17 | SH_CLERK   |  4000.00 |           0.00 |        123 |            50 |
|         193 | Britney     | Everett     | BEVERETT | 650.501.2876       | 1987-09-18 | SH_CLERK   |  3900.00 |           0.00 |        123 |            50 |
|         194 | Samuel      | McCain      | SMCCAIN  | 650.501.3876       | 1987-09-19 | SH_CLERK   |  3200.00 |           0.00 |        123 |            50 |
|         195 | Vance       | Jones       | VJONES   | 650.501.4876       | 1987-09-20 | SH_CLERK   |  2800.00 |           0.00 |        123 |            50 |
|         196 | Alana       | Walsh       | AWALSH   | 650.507.9811       | 1987-09-21 | SH_CLERK   |  3100.00 |           0.00 |        124 |            50 |
|         197 | Kevin       | Feeney      | KFEENEY  | 650.507.9822       | 1987-09-22 | SH_CLERK   |  3000.00 |           0.00 |        124 |            50 |
|         198 | Donald      | OConnell    | DOCONNEL | 650.507.9833       | 1987-09-23 | SH_CLERK   |  2600.00 |           0.00 |        124 |            50 |
|         199 | Douglas     | Grant       | DGRANT   | 650.507.9844       | 1987-09-24 | SH_CLERK   |  2600.00 |           0.00 |        124 |            50 |
|         200 | Jennifer    | Whalen      | JWHALEN  | 515.123.4444       | 1987-09-25 | AD_ASST    |  4400.00 |           0.00 |        101 |            10 |
|         201 | Michael     | Hartstein   | MHARTSTE | 515.123.5555       | 1987-09-26 | MK_MAN     | 13000.00 |           0.00 |        100 |            20 |
|         202 | Pat         | Fay         | PFAY     | 603.123.6666       | 1987-09-27 | MK_REP     |  6000.00 |           0.00 |        201 |            20 |
|         203 | Susan       | Mavris      | SMAVRIS  | 515.123.7777       | 1987-09-28 | HR_REP     |  6500.00 |           0.00 |        101 |            40 |
|         204 | Hermann     | Baer        | HBAER    | 515.123.8888       | 1987-09-29 | PR_REP     | 10000.00 |           0.00 |        101 |            70 |
|         205 | Shelley     | Higgins     | SHIGGINS | 515.123.8080       | 1987-09-30 | AC_MGR     | 12000.00 |           0.00 |        101 |           110 |
|         206 | William     | Gietz       | WGIETZ   | 515.123.8181       | 1987-10-01 | AC_ACCOUNT |  8300.00 |           0.00 |        205 |           110 |
+-------------+-------------+-------------+----------+--------------------+------------+------------+----------+----------------+------------+---------------+
107 rows in set (0.00 sec)

MariaDB [csd2204w18]> desc employees;
+----------------+--------------+------+-----+---------+-------+
| Field          | Type         | Null | Key | Default | Extra |
+----------------+--------------+------+-----+---------+-------+
| EMPLOYEE_ID    | decimal(6,0) | NO   | PRI | 0       |       |
| FIRST_NAME     | varchar(20)  | YES  |     | NULL    |       |
| LAST_NAME      | varchar(25)  | NO   | MUL | NULL    |       |
| EMAIL          | varchar(25)  | NO   | UNI | NULL    |       |
| PHONE_NUMBER   | varchar(20)  | YES  |     | NULL    |       |
| HIRE_DATE      | date         | NO   |     | NULL    |       |
| JOB_ID         | varchar(10)  | NO   | MUL | NULL    |       |
| SALARY         | decimal(8,2) | YES  |     | NULL    |       |
| COMMISSION_PCT | decimal(2,2) | YES  |     | NULL    |       |
| MANAGER_ID     | decimal(6,0) | YES  | MUL | NULL    |       |
| DEPARTMENT_ID  | decimal(4,0) | YES  | MUL | NULL    |       |
+----------------+--------------+------+-----+---------+-------+
11 rows in set (0.01 sec)

MariaDB [csd2204w18]> desc jobs;
+------------+--------------+------+-----+---------+-------+
| Field      | Type         | Null | Key | Default | Extra |
+------------+--------------+------+-----+---------+-------+
| JOB_ID     | varchar(10)  | NO   | PRI |         |       |
| JOB_TITLE  | varchar(35)  | NO   |     | NULL    |       |
| MIN_SALARY | decimal(6,0) | YES  |     | NULL    |       |
| MAX_SALARY | decimal(6,0) | YES  |     | NULL    |       |
+------------+--------------+------+-----+---------+-------+
4 rows in set (0.01 sec)

MariaDB [csd2204w18]> select job_id form employees;
ERROR 1064 (42000): You have an error in your SQL syntax; check the manual that corresponds to your MariaDB server version for the right syntax to use near 'employees' at line 1
MariaDB [csd2204w18]> select job_id from employees;
+------------+
| job_id     |
+------------+
| AC_ACCOUNT |
| AC_MGR     |
| AD_ASST    |
| AD_PRES    |
| AD_VP      |
| AD_VP      |
| FI_ACCOUNT |
| FI_ACCOUNT |
| FI_ACCOUNT |
| FI_ACCOUNT |
| FI_ACCOUNT |
| FI_MGR     |
| HR_REP     |
| IT_PROG    |
| IT_PROG    |
| IT_PROG    |
| IT_PROG    |
| IT_PROG    |
| MK_MAN     |
| MK_REP     |
| PR_REP     |
| PU_CLERK   |
| PU_CLERK   |
| PU_CLERK   |
| PU_CLERK   |
| PU_CLERK   |
| PU_MAN     |
| SA_MAN     |
| SA_MAN     |
| SA_MAN     |
| SA_MAN     |
| SA_MAN     |
| SA_REP     |
| SA_REP     |
| SA_REP     |
| SA_REP     |
| SA_REP     |
| SA_REP     |
| SA_REP     |
| SA_REP     |
| SA_REP     |
| SA_REP     |
| SA_REP     |
| SA_REP     |
| SA_REP     |
| SA_REP     |
| SA_REP     |
| SA_REP     |
| SA_REP     |
| SA_REP     |
| SA_REP     |
| SA_REP     |
| SA_REP     |
| SA_REP     |
| SA_REP     |
| SA_REP     |
| SA_REP     |
| SA_REP     |
| SA_REP     |
| SA_REP     |
| SA_REP     |
| SA_REP     |
| SH_CLERK   |
| SH_CLERK   |
| SH_CLERK   |
| SH_CLERK   |
| SH_CLERK   |
| SH_CLERK   |
| SH_CLERK   |
| SH_CLERK   |
| SH_CLERK   |
| SH_CLERK   |
| SH_CLERK   |
| SH_CLERK   |
| SH_CLERK   |
| SH_CLERK   |
| SH_CLERK   |
| SH_CLERK   |
| SH_CLERK   |
| SH_CLERK   |
| SH_CLERK   |
| SH_CLERK   |
| ST_CLERK   |
| ST_CLERK   |
| ST_CLERK   |
| ST_CLERK   |
| ST_CLERK   |
| ST_CLERK   |
| ST_CLERK   |
| ST_CLERK   |
| ST_CLERK   |
| ST_CLERK   |
| ST_CLERK   |
| ST_CLERK   |
| ST_CLERK   |
| ST_CLERK   |
| ST_CLERK   |
| ST_CLERK   |
| ST_CLERK   |
| ST_CLERK   |
| ST_CLERK   |
| ST_CLERK   |
| ST_MAN     |
| ST_MAN     |
| ST_MAN     |
| ST_MAN     |
| ST_MAN     |
+------------+
107 rows in set (0.00 sec)

MariaDB [csd2204w18]> select min(salary),job_id from jobs;
ERROR 1054 (42S22): Unknown column 'salary' in 'field list'
MariaDB [csd2204w18]> select first_name,last_name,salary from employees where salary = (select min(salary) from employees);
+------------+-----------+---------+
| first_name | last_name | salary  |
+------------+-----------+---------+
| TJ         | Olson     | 2100.00 |
+------------+-----------+---------+
1 row in set (0.00 sec)

MariaDB [csd2204w18]> select first_name,last_name,salary,job_id from employees where salary = (select min(salary) from employee);
ERROR 1146 (42S02): Table 'csd2204w18.employee' doesn't exist
MariaDB [csd2204w18]> select first_name,last_name,salary,job_id from employees where salary = (select min(salary) from employees);
+------------+-----------+---------+----------+
| first_name | last_name | salary  | job_id   |
+------------+-----------+---------+----------+
| TJ         | Olson     | 2100.00 | ST_CLERK |
+------------+-----------+---------+----------+
1 row in set (0.00 sec)

MariaDB [csd2204w18]> select min_salary from jobs;
+------------+
| min_salary |
+------------+
|      20000 |
|      15000 |
|       3000 |
|       8200 |
|       4200 |
|       8200 |
|       4200 |
|      10000 |
|       6000 |
|       8000 |
|       2500 |
|       5500 |
|       2000 |
|       2500 |
|       4000 |
|       9000 |
|       4000 |
|       4000 |
|       4500 |
+------------+
19 rows in set (0.00 sec)

MariaDB [csd2204w18]> select min_salary from jobs where job_id LIKE'ST_CLERK';
+------------+
| min_salary |
+------------+
|       2000 |
+------------+
1 row in set (0.00 sec)

MariaDB [csd2204w18]> select min_salary from jobs where min_salary = 2100';
    '> 
    '> '
    -> ;
ERROR 1064 (42000): You have an error in your SQL syntax; check the manual that corresponds to your MariaDB server version for the right syntax to use near '';

'' at line 1
MariaDB [csd2204w18]> select min_salary from jobs where min_salary = 2100;
Empty set (0.00 sec)

MariaDB [csd2204w18]> select first_name,last_name,salary,job_id from employees where salary = (select min_salary from jobs);
ERROR 1242 (21000): Subquery returns more than 1 row
MariaDB [csd2204w18]> select first_name,last_name,salary,job_id from employees where salary = (select min_salary from jobs where salary=min_salary);
ERROR 1242 (21000): Subquery returns more than 1 row
MariaDB [csd2204w18]> select first_name,last_name,salary,job_id from employees where salary = (select min_salary from jobs);
ERROR 1242 (21000): Subquery returns more than 1 row
MariaDB [csd2204w18]> select first_name,last_name,salary,job_id from employees where salary = (select min_salary from jobs;
ERROR 1064 (42000): You have an error in your SQL syntax; check the manual that corresponds to your MariaDB server version for the right syntax to use near '' at line 1
MariaDB [csd2204w18]> select min_salary from jobs;
+------------+
| min_salary |
+------------+
|      20000 |
|      15000 |
|       3000 |
|       8200 |
|       4200 |
|       8200 |
|       4200 |
|      10000 |
|       6000 |
|       8000 |
|       2500 |
|       5500 |
|       2000 |
|       2500 |
|       4000 |
|       9000 |
|       4000 |
|       4000 |
|       4500 |
+------------+
19 rows in set (0.00 sec)

MariaDB [csd2204w18]> select min(Min_salary)
    -> ;
ERROR 1054 (42S22): Unknown column 'Min_salary' in 'field list'
MariaDB [csd2204w18]> select min(min_salary) from jobs;
+-----------------+
| min(min_salary) |
+-----------------+
|            2000 |
+-----------------+
1 row in set (0.00 sec)

MariaDB [csd2204w18]> select min(min_salary),job_id from jobs;
+-----------------+---------+
| min(min_salary) | job_id  |
+-----------------+---------+
|            2000 | AD_PRES |
+-----------------+---------+
1 row in set (0.00 sec)

MariaDB [csd2204w18]> select min(min_salary),job_id from jobs group by jobs;
ERROR 1054 (42S22): Unknown column 'jobs' in 'group statement'
MariaDB [csd2204w18]> select min(min_salary),job_id from jobs;
+-----------------+---------+
| min(min_salary) | job_id  |
+-----------------+---------+
|            2000 | AD_PRES |
+-----------------+---------+
1 row in set (0.00 sec)

MariaDB [csd2204w18]> desc employees;
+----------------+--------------+------+-----+---------+-------+
| Field          | Type         | Null | Key | Default | Extra |
+----------------+--------------+------+-----+---------+-------+
| EMPLOYEE_ID    | decimal(6,0) | NO   | PRI | 0       |       |
| FIRST_NAME     | varchar(20)  | YES  |     | NULL    |       |
| LAST_NAME      | varchar(25)  | NO   | MUL | NULL    |       |
| EMAIL          | varchar(25)  | NO   | UNI | NULL    |       |
| PHONE_NUMBER   | varchar(20)  | YES  |     | NULL    |       |
| HIRE_DATE      | date         | NO   |     | NULL    |       |
| JOB_ID         | varchar(10)  | NO   | MUL | NULL    |       |
| SALARY         | decimal(8,2) | YES  |     | NULL    |       |
| COMMISSION_PCT | decimal(2,2) | YES  |     | NULL    |       |
| MANAGER_ID     | decimal(6,0) | YES  | MUL | NULL    |       |
| DEPARTMENT_ID  | decimal(4,0) | YES  | MUL | NULL    |       |
+----------------+--------------+------+-----+---------+-------+
11 rows in set (0.08 sec)

MariaDB [csd2204w18]> select first_name,last_name from employees where salary = 2000;
Empty set (0.00 sec)

MariaDB [csd2204w18]> select first_name,last_name from employees where salary = (select min(min_salary) from jobs);
Empty set (0.00 sec)

MariaDB [csd2204w18]> select * from jobs;
+------------+---------------------------------+------------+------------+
| JOB_ID     | JOB_TITLE                       | MIN_SALARY | MAX_SALARY |
+------------+---------------------------------+------------+------------+
| AD_PRES    | President                       |      20000 |      40000 |
| AD_VP      | Administration Vice President   |      15000 |      30000 |
| AD_ASST    | Administration Assistant        |       3000 |       6000 |
| FI_MGR     | Finance Manager                 |       8200 |      16000 |
| FI_ACCOUNT | Accountant                      |       4200 |       9000 |
| AC_MGR     | Accounting Manager              |       8200 |      16000 |
| AC_ACCOUNT | Public Accountant               |       4200 |       9000 |
| SA_MAN     | Sales Manager                   |      10000 |      20000 |
| SA_REP     | Sales Representative            |       6000 |      12000 |
| PU_MAN     | Purchasing Manager              |       8000 |      15000 |
| PU_CLERK   | Purchasing Clerk                |       2500 |       5500 |
| ST_MAN     | Stock Manager                   |       5500 |       8500 |
| ST_CLERK   | Stock Clerk                     |       2000 |       5000 |
| SH_CLERK   | Shipping Clerk                  |       2500 |       5500 |
| IT_PROG    | Programmer                      |       4000 |      10000 |
| MK_MAN     | Marketing Manager               |       9000 |      15000 |
| MK_REP     | Marketing Representative        |       4000 |       9000 |
| HR_REP     | Human Resources Representative  |       4000 |       9000 |
| PR_REP     | Public Relations Representative |       4500 |      10500 |
+------------+---------------------------------+------------+------------+
19 rows in set (0.00 sec)

MariaDB [csd2204w18]> select salary from employees where salary = 2500;
+---------+
| salary  |
+---------+
| 2500.00 |
| 2500.00 |
| 2500.00 |
| 2500.00 |
| 2500.00 |
| 2500.00 |
+---------+
6 rows in set (0.00 sec)

MariaDB [csd2204w18]> select * from departments
    -> ;
+---------------+----------------------+------------+-------------+
| DEPARTMENT_ID | DEPARTMENT_NAME      | MANAGER_ID | LOCATION_ID |
+---------------+----------------------+------------+-------------+
|            10 | Administration       |        200 |        1700 |
|            20 | Marketing            |        201 |        1800 |
|            30 | Purchasing           |        114 |        1700 |
|            40 | Human Resources      |        203 |        2400 |
|            50 | Shipping             |        121 |        1500 |
|            60 | IT                   |        103 |        1400 |
|            70 | Public Relations     |        204 |        2700 |
|            80 | Sales                |        145 |        2500 |
|            90 | Executive            |        100 |        1700 |
|           100 | Finance              |        108 |        1700 |
|           110 | Accounting           |        205 |        1700 |
|           120 | Treasury             |          0 |        1700 |
|           130 | Corporate Tax        |          0 |        1700 |
|           140 | Control And Credit   |          0 |        1700 |
|           150 | Shareholder Services |          0 |        1700 |
|           160 | Benefits             |          0 |        1700 |
|           170 | Manufacturing        |          0 |        1700 |
|           180 | Construction         |          0 |        1700 |
|           190 | Contracting          |          0 |        1700 |
|           200 | Operations           |          0 |        1700 |
|           210 | IT Support           |          0 |        1700 |
|           220 | NOC                  |          0 |        1700 |
|           230 | IT Helpdesk          |          0 |        1700 |
|           240 | Government Sales     |          0 |        1700 |
|           250 | Retail Sales         |          0 |        1700 |
|           260 | Recruiting           |          0 |        1700 |
|           270 | Payroll              |          0 |        1700 |
+---------------+----------------------+------------+-------------+
27 rows in set (0.00 sec)

MariaDB [csd2204w18]> select department_id from department where department_name LIKE 'IT';
ERROR 1146 (42S02): Table 'csd2204w18.department' doesn't exist
MariaDB [csd2204w18]> select department_id from departments where department_name LIKE 'IT';
+---------------+
| department_id |
+---------------+
|            60 |
+---------------+
1 row in set (0.00 sec)

MariaDB [csd2204w18]> select department_id from departments where department_name IN 'IT';
ERROR 1064 (42000): You have an error in your SQL syntax; check the manual that corresponds to your MariaDB server version for the right syntax to use near ''IT'' at line 1
MariaDB [csd2204w18]> select department_id from departments where department_name IN (IT);
ERROR 1054 (42S22): Unknown column 'IT' in 'where clause'
MariaDB [csd2204w18]> select department_id from departments where department_name IN 'IT%';
ERROR 1064 (42000): You have an error in your SQL syntax; check the manual that corresponds to your MariaDB server version for the right syntax to use near ''IT%'' at line 1
MariaDB [csd2204w18]> select department_id from departments where department_name LIKE 'IT%';
+---------------+
| department_id |
+---------------+
|            60 |
|           210 |
|           230 |
+---------------+
3 rows in set (0.00 sec)

MariaDB [csd2204w18]> select department_id,department_name from departments where department_name LIKE 'IT%';
+---------------+-----------------+
| department_id | department_name |
+---------------+-----------------+
|            60 | IT              |
|           210 | IT Support      |
|           230 | IT Helpdesk     |
+---------------+-----------------+
3 rows in set (0.00 sec)

MariaDB [csd2204w18]> select avg(salary) from employees;
+-------------+
| avg(salary) |
+-------------+
| 6461.682243 |
+-------------+
1 row in set (0.00 sec)

MariaDB [csd2204w18]> select first_name,last_name,salary from employees where salary = (select min_salary from jobs where employees.id=jobs.id);
ERROR 1054 (42S22): Unknown column 'employees.id' in 'where clause'
MariaDB [csd2204w18]> select first_name,last_name,salary from employees where salary = (select min_salary from jobs where employees.employee_id=jobs.job_id);
Empty set, 2033 warnings (0.00 sec)

MariaDB [csd2204w18]> select first_name,last_name,salary from employees where salary = (select min_salary from jobs where employees.job_id=jobs.job_id);
+------------+------------+---------+
| first_name | last_name  | salary  |
+------------+------------+---------+
| Karen      | Colmenares | 2500.00 |
| Martha     | Sullivan   | 2500.00 |
| Randall    | Perkins    | 2500.00 |
+------------+------------+---------+
3 rows in set (0.00 sec)

MariaDB [csd2204w18]> select * from employees where salary > (select avg(salary) from employees) AND department_id IN(select department_id from departments where department_name LIKE 'IT%'); 
+-------------+------------+-----------+---------+--------------+------------+---------+---------+----------------+------------+---------------+
| EMPLOYEE_ID | FIRST_NAME | LAST_NAME | EMAIL   | PHONE_NUMBER | HIRE_DATE  | JOB_ID  | SALARY  | COMMISSION_PCT | MANAGER_ID | DEPARTMENT_ID |
+-------------+------------+-----------+---------+--------------+------------+---------+---------+----------------+------------+---------------+
|         103 | Alexander  | Hunold    | AHUNOLD | 590.423.4567 | 1987-06-20 | IT_PROG | 9000.00 |           0.00 |        102 |            60 |
+-------------+------------+-----------+---------+--------------+------------+---------+---------+----------------+------------+---------------+
1 row in set (0.00 sec)

MariaDB [csd2204w18]> select first_name,last_name,salary from employees where employee_name != 'Mr.Bell'; 
ERROR 1054 (42S22): Unknown column 'employee_name' in 'where clause'
MariaDB [csd2204w18]> select first_name,last_name,salary from employees where last_name != 'Mr.Bell'; 
+-------------+-------------+----------+
| first_name  | last_name   | salary   |
+-------------+-------------+----------+
| Steven      | King        | 24000.00 |
| Neena       | Kochhar     | 17000.00 |
| Lex         | De Haan     | 17000.00 |
| Alexander   | Hunold      |  9000.00 |
| Bruce       | Ernst       |  6000.00 |
| David       | Austin      |  4800.00 |
| Valli       | Pataballa   |  4800.00 |
| Diana       | Lorentz     |  4200.00 |
| Nancy       | Greenberg   | 12000.00 |
| Daniel      | Faviet      |  9000.00 |
| John        | Chen        |  8200.00 |
| Ismael      | Sciarra     |  7700.00 |
| Jose Manuel | Urman       |  7800.00 |
| Luis        | Popp        |  6900.00 |
| Den         | Raphaely    | 11000.00 |
| Alexander   | Khoo        |  3100.00 |
| Shelli      | Baida       |  2900.00 |
| Sigal       | Tobias      |  2800.00 |
| Guy         | Himuro      |  2600.00 |
| Karen       | Colmenares  |  2500.00 |
| Matthew     | Weiss       |  8000.00 |
| Adam        | Fripp       |  8200.00 |
| Payam       | Kaufling    |  7900.00 |
| Shanta      | Vollman     |  6500.00 |
| Kevin       | Mourgos     |  5800.00 |
| Julia       | Nayer       |  3200.00 |
| Irene       | Mikkilineni |  2700.00 |
| James       | Landry      |  2400.00 |
| Steven      | Markle      |  2200.00 |
| Laura       | Bissot      |  3300.00 |
| Mozhe       | Atkinson    |  2800.00 |
| James       | Marlow      |  2500.00 |
| TJ          | Olson       |  2100.00 |
| Jason       | Mallin      |  3300.00 |
| Michael     | Rogers      |  2900.00 |
| Ki          | Gee         |  2400.00 |
| Hazel       | Philtanker  |  2200.00 |
| Renske      | Ladwig      |  3600.00 |
| Stephen     | Stiles      |  3200.00 |
| John        | Seo         |  2700.00 |
| Joshua      | Patel       |  2500.00 |
| Trenna      | Rajs        |  3500.00 |
| Curtis      | Davies      |  3100.00 |
| Randall     | Matos       |  2600.00 |
| Peter       | Vargas      |  2500.00 |
| John        | Russell     | 14000.00 |
| Karen       | Partners    | 13500.00 |
| Alberto     | Errazuriz   | 12000.00 |
| Gerald      | Cambrault   | 11000.00 |
| Eleni       | Zlotkey     | 10500.00 |
| Peter       | Tucker      | 10000.00 |
| David       | Bernstein   |  9500.00 |
| Peter       | Hall        |  9000.00 |
| Christopher | Olsen       |  8000.00 |
| Nanette     | Cambrault   |  7500.00 |
| Oliver      | Tuvault     |  7000.00 |
| Janette     | King        | 10000.00 |
| Patrick     | Sully       |  9500.00 |
| Allan       | McEwen      |  9000.00 |
| Lindsey     | Smith       |  8000.00 |
| Louise      | Doran       |  7500.00 |
| Sarath      | Sewall      |  7000.00 |
| Clara       | Vishney     | 10500.00 |
| Danielle    | Greene      |  9500.00 |
| Mattea      | Marvins     |  7200.00 |
| David       | Lee         |  6800.00 |
| Sundar      | Ande        |  6400.00 |
| Amit        | Banda       |  6200.00 |
| Lisa        | Ozer        | 11500.00 |
| Harrison    | Bloom       | 10000.00 |
| Tayler      | Fox         |  9600.00 |
| William     | Smith       |  7400.00 |
| Elizabeth   | Bates       |  7300.00 |
| Sundita     | Kumar       |  6100.00 |
| Ellen       | Abel        | 11000.00 |
| Alyssa      | Hutton      |  8800.00 |
| Jonathon    | Taylor      |  8600.00 |
| Jack        | Livingston  |  8400.00 |
| Kimberely   | Grant       |  7000.00 |
| Charles     | Johnson     |  6200.00 |
| Winston     | Taylor      |  3200.00 |
| Jean        | Fleaur      |  3100.00 |
| Martha      | Sullivan    |  2500.00 |
| Girard      | Geoni       |  2800.00 |
| Nandita     | Sarchand    |  4200.00 |
| Alexis      | Bull        |  4100.00 |
| Julia       | Dellinger   |  3400.00 |
| Anthony     | Cabrio      |  3000.00 |
| Kelly       | Chung       |  3800.00 |
| Jennifer    | Dilly       |  3600.00 |
| Timothy     | Gates       |  2900.00 |
| Randall     | Perkins     |  2500.00 |
| Sarah       | Bell        |  4000.00 |
| Britney     | Everett     |  3900.00 |
| Samuel      | McCain      |  3200.00 |
| Vance       | Jones       |  2800.00 |
| Alana       | Walsh       |  3100.00 |
| Kevin       | Feeney      |  3000.00 |
| Donald      | OConnell    |  2600.00 |
| Douglas     | Grant       |  2600.00 |
| Jennifer    | Whalen      |  4400.00 |
| Michael     | Hartstein   | 13000.00 |
| Pat         | Fay         |  6000.00 |
| Susan       | Mavris      |  6500.00 |
| Hermann     | Baer        | 10000.00 |
| Shelley     | Higgins     | 12000.00 |
| William     | Gietz       |  8300.00 |
+-------------+-------------+----------+
107 rows in set (0.00 sec)

MariaDB [csd2204w18]> select first_name,last_name,salary from employees where last_name != 'Bell'; 
+-------------+-------------+----------+
| first_name  | last_name   | salary   |
+-------------+-------------+----------+
| Steven      | King        | 24000.00 |
| Neena       | Kochhar     | 17000.00 |
| Lex         | De Haan     | 17000.00 |
| Alexander   | Hunold      |  9000.00 |
| Bruce       | Ernst       |  6000.00 |
| David       | Austin      |  4800.00 |
| Valli       | Pataballa   |  4800.00 |
| Diana       | Lorentz     |  4200.00 |
| Nancy       | Greenberg   | 12000.00 |
| Daniel      | Faviet      |  9000.00 |
| John        | Chen        |  8200.00 |
| Ismael      | Sciarra     |  7700.00 |
| Jose Manuel | Urman       |  7800.00 |
| Luis        | Popp        |  6900.00 |
| Den         | Raphaely    | 11000.00 |
| Alexander   | Khoo        |  3100.00 |
| Shelli      | Baida       |  2900.00 |
| Sigal       | Tobias      |  2800.00 |
| Guy         | Himuro      |  2600.00 |
| Karen       | Colmenares  |  2500.00 |
| Matthew     | Weiss       |  8000.00 |
| Adam        | Fripp       |  8200.00 |
| Payam       | Kaufling    |  7900.00 |
| Shanta      | Vollman     |  6500.00 |
| Kevin       | Mourgos     |  5800.00 |
| Julia       | Nayer       |  3200.00 |
| Irene       | Mikkilineni |  2700.00 |
| James       | Landry      |  2400.00 |
| Steven      | Markle      |  2200.00 |
| Laura       | Bissot      |  3300.00 |
| Mozhe       | Atkinson    |  2800.00 |
| James       | Marlow      |  2500.00 |
| TJ          | Olson       |  2100.00 |
| Jason       | Mallin      |  3300.00 |
| Michael     | Rogers      |  2900.00 |
| Ki          | Gee         |  2400.00 |
| Hazel       | Philtanker  |  2200.00 |
| Renske      | Ladwig      |  3600.00 |
| Stephen     | Stiles      |  3200.00 |
| John        | Seo         |  2700.00 |
| Joshua      | Patel       |  2500.00 |
| Trenna      | Rajs        |  3500.00 |
| Curtis      | Davies      |  3100.00 |
| Randall     | Matos       |  2600.00 |
| Peter       | Vargas      |  2500.00 |
| John        | Russell     | 14000.00 |
| Karen       | Partners    | 13500.00 |
| Alberto     | Errazuriz   | 12000.00 |
| Gerald      | Cambrault   | 11000.00 |
| Eleni       | Zlotkey     | 10500.00 |
| Peter       | Tucker      | 10000.00 |
| David       | Bernstein   |  9500.00 |
| Peter       | Hall        |  9000.00 |
| Christopher | Olsen       |  8000.00 |
| Nanette     | Cambrault   |  7500.00 |
| Oliver      | Tuvault     |  7000.00 |
| Janette     | King        | 10000.00 |
| Patrick     | Sully       |  9500.00 |
| Allan       | McEwen      |  9000.00 |
| Lindsey     | Smith       |  8000.00 |
| Louise      | Doran       |  7500.00 |
| Sarath      | Sewall      |  7000.00 |
| Clara       | Vishney     | 10500.00 |
| Danielle    | Greene      |  9500.00 |
| Mattea      | Marvins     |  7200.00 |
| David       | Lee         |  6800.00 |
| Sundar      | Ande        |  6400.00 |
| Amit        | Banda       |  6200.00 |
| Lisa        | Ozer        | 11500.00 |
| Harrison    | Bloom       | 10000.00 |
| Tayler      | Fox         |  9600.00 |
| William     | Smith       |  7400.00 |
| Elizabeth   | Bates       |  7300.00 |
| Sundita     | Kumar       |  6100.00 |
| Ellen       | Abel        | 11000.00 |
| Alyssa      | Hutton      |  8800.00 |
| Jonathon    | Taylor      |  8600.00 |
| Jack        | Livingston  |  8400.00 |
| Kimberely   | Grant       |  7000.00 |
| Charles     | Johnson     |  6200.00 |
| Winston     | Taylor      |  3200.00 |
| Jean        | Fleaur      |  3100.00 |
| Martha      | Sullivan    |  2500.00 |
| Girard      | Geoni       |  2800.00 |
| Nandita     | Sarchand    |  4200.00 |
| Alexis      | Bull        |  4100.00 |
| Julia       | Dellinger   |  3400.00 |
| Anthony     | Cabrio      |  3000.00 |
| Kelly       | Chung       |  3800.00 |
| Jennifer    | Dilly       |  3600.00 |
| Timothy     | Gates       |  2900.00 |
| Randall     | Perkins     |  2500.00 |
| Britney     | Everett     |  3900.00 |
| Samuel      | McCain      |  3200.00 |
| Vance       | Jones       |  2800.00 |
| Alana       | Walsh       |  3100.00 |
| Kevin       | Feeney      |  3000.00 |
| Donald      | OConnell    |  2600.00 |
| Douglas     | Grant       |  2600.00 |
| Jennifer    | Whalen      |  4400.00 |
| Michael     | Hartstein   | 13000.00 |
| Pat         | Fay         |  6000.00 |
| Susan       | Mavris      |  6500.00 |
| Hermann     | Baer        | 10000.00 |
| Shelley     | Higgins     | 12000.00 |
| William     | Gietz       |  8300.00 |
+-------------+-------------+----------+
106 rows in set (0.00 sec)

MariaDB [csd2204w18]> select first_name,last_name,salary from employees where last_name = 'Bell'; 
+------------+-----------+---------+
| first_name | last_name | salary  |
+------------+-----------+---------+
| Sarah      | Bell      | 4000.00 |
+------------+-----------+---------+
1 row in set (0.00 sec)

MariaDB [csd2204w18]> select first_name,last_name,salary from employees where last_name != 'Bell'; 
+-------------+-------------+----------+
| first_name  | last_name   | salary   |
+-------------+-------------+----------+
| Steven      | King        | 24000.00 |
| Neena       | Kochhar     | 17000.00 |
| Lex         | De Haan     | 17000.00 |
| Alexander   | Hunold      |  9000.00 |
| Bruce       | Ernst       |  6000.00 |
| David       | Austin      |  4800.00 |
| Valli       | Pataballa   |  4800.00 |
| Diana       | Lorentz     |  4200.00 |
| Nancy       | Greenberg   | 12000.00 |
| Daniel      | Faviet      |  9000.00 |
| John        | Chen        |  8200.00 |
| Ismael      | Sciarra     |  7700.00 |
| Jose Manuel | Urman       |  7800.00 |
| Luis        | Popp        |  6900.00 |
| Den         | Raphaely    | 11000.00 |
| Alexander   | Khoo        |  3100.00 |
| Shelli      | Baida       |  2900.00 |
| Sigal       | Tobias      |  2800.00 |
| Guy         | Himuro      |  2600.00 |
| Karen       | Colmenares  |  2500.00 |
| Matthew     | Weiss       |  8000.00 |
| Adam        | Fripp       |  8200.00 |
| Payam       | Kaufling    |  7900.00 |
| Shanta      | Vollman     |  6500.00 |
| Kevin       | Mourgos     |  5800.00 |
| Julia       | Nayer       |  3200.00 |
| Irene       | Mikkilineni |  2700.00 |
| James       | Landry      |  2400.00 |
| Steven      | Markle      |  2200.00 |
| Laura       | Bissot      |  3300.00 |
| Mozhe       | Atkinson    |  2800.00 |
| James       | Marlow      |  2500.00 |
| TJ          | Olson       |  2100.00 |
| Jason       | Mallin      |  3300.00 |
| Michael     | Rogers      |  2900.00 |
| Ki          | Gee         |  2400.00 |
| Hazel       | Philtanker  |  2200.00 |
| Renske      | Ladwig      |  3600.00 |
| Stephen     | Stiles      |  3200.00 |
| John        | Seo         |  2700.00 |
| Joshua      | Patel       |  2500.00 |
| Trenna      | Rajs        |  3500.00 |
| Curtis      | Davies      |  3100.00 |
| Randall     | Matos       |  2600.00 |
| Peter       | Vargas      |  2500.00 |
| John        | Russell     | 14000.00 |
| Karen       | Partners    | 13500.00 |
| Alberto     | Errazuriz   | 12000.00 |
| Gerald      | Cambrault   | 11000.00 |
| Eleni       | Zlotkey     | 10500.00 |
| Peter       | Tucker      | 10000.00 |
| David       | Bernstein   |  9500.00 |
| Peter       | Hall        |  9000.00 |
| Christopher | Olsen       |  8000.00 |
| Nanette     | Cambrault   |  7500.00 |
| Oliver      | Tuvault     |  7000.00 |
| Janette     | King        | 10000.00 |
| Patrick     | Sully       |  9500.00 |
| Allan       | McEwen      |  9000.00 |
| Lindsey     | Smith       |  8000.00 |
| Louise      | Doran       |  7500.00 |
| Sarath      | Sewall      |  7000.00 |
| Clara       | Vishney     | 10500.00 |
| Danielle    | Greene      |  9500.00 |
| Mattea      | Marvins     |  7200.00 |
| David       | Lee         |  6800.00 |
| Sundar      | Ande        |  6400.00 |
| Amit        | Banda       |  6200.00 |
| Lisa        | Ozer        | 11500.00 |
| Harrison    | Bloom       | 10000.00 |
| Tayler      | Fox         |  9600.00 |
| William     | Smith       |  7400.00 |
| Elizabeth   | Bates       |  7300.00 |
| Sundita     | Kumar       |  6100.00 |
| Ellen       | Abel        | 11000.00 |
| Alyssa      | Hutton      |  8800.00 |
| Jonathon    | Taylor      |  8600.00 |
| Jack        | Livingston  |  8400.00 |
| Kimberely   | Grant       |  7000.00 |
| Charles     | Johnson     |  6200.00 |
| Winston     | Taylor      |  3200.00 |
| Jean        | Fleaur      |  3100.00 |
| Martha      | Sullivan    |  2500.00 |
| Girard      | Geoni       |  2800.00 |
| Nandita     | Sarchand    |  4200.00 |
| Alexis      | Bull        |  4100.00 |
| Julia       | Dellinger   |  3400.00 |
| Anthony     | Cabrio      |  3000.00 |
| Kelly       | Chung       |  3800.00 |
| Jennifer    | Dilly       |  3600.00 |
| Timothy     | Gates       |  2900.00 |
| Randall     | Perkins     |  2500.00 |
| Britney     | Everett     |  3900.00 |
| Samuel      | McCain      |  3200.00 |
| Vance       | Jones       |  2800.00 |
| Alana       | Walsh       |  3100.00 |
| Kevin       | Feeney      |  3000.00 |
| Donald      | OConnell    |  2600.00 |
| Douglas     | Grant       |  2600.00 |
| Jennifer    | Whalen      |  4400.00 |
| Michael     | Hartstein   | 13000.00 |
| Pat         | Fay         |  6000.00 |
| Susan       | Mavris      |  6500.00 |
| Hermann     | Baer        | 10000.00 |
| Shelley     | Higgins     | 12000.00 |
| William     | Gietz       |  8300.00 |
+-------------+-------------+----------+
106 rows in set (0.00 sec)

MariaDB [csd2204w18]> select first_name,last_name,salary from employees where last_name = 'Bell'; 
+------------+-----------+---------+
| first_name | last_name | salary  |
+------------+-----------+---------+
| Sarah      | Bell      | 4000.00 |
+------------+-----------+---------+
1 row in set (0.00 sec)

MariaDB [csd2204w18]> select first_name,last_name,salary from employees where salary > (select first_name,last_name,salary from employees where last_name = 'Bell';); 
ERROR 1064 (42000): You have an error in your SQL syntax; check the manual that corresponds to your MariaDB server version for the right syntax to use near '' at line 1
ERROR 1064 (42000): You have an error in your SQL syntax; check the manual that corresponds to your MariaDB server version for the right syntax to use near ')' at line 1
MariaDB [csd2204w18]> select first_name,last_name,salary from employees where salary > (select first_name,last_name,salary from employees where last_name = 'Bell'); 
ERROR 1241 (21000): Operand should contain 1 column(s)
MariaDB [csd2204w18]> select first_name,last_name,salary from employees where salary > (select salary from employees where last_name = 'Bell'); 
+-------------+------------+----------+
| first_name  | last_name  | salary   |
+-------------+------------+----------+
| Steven      | King       | 24000.00 |
| Neena       | Kochhar    | 17000.00 |
| Lex         | De Haan    | 17000.00 |
| Alexander   | Hunold     |  9000.00 |
| Bruce       | Ernst      |  6000.00 |
| David       | Austin     |  4800.00 |
| Valli       | Pataballa  |  4800.00 |
| Diana       | Lorentz    |  4200.00 |
| Nancy       | Greenberg  | 12000.00 |
| Daniel      | Faviet     |  9000.00 |
| John        | Chen       |  8200.00 |
| Ismael      | Sciarra    |  7700.00 |
| Jose Manuel | Urman      |  7800.00 |
| Luis        | Popp       |  6900.00 |
| Den         | Raphaely   | 11000.00 |
| Matthew     | Weiss      |  8000.00 |
| Adam        | Fripp      |  8200.00 |
| Payam       | Kaufling   |  7900.00 |
| Shanta      | Vollman    |  6500.00 |
| Kevin       | Mourgos    |  5800.00 |
| John        | Russell    | 14000.00 |
| Karen       | Partners   | 13500.00 |
| Alberto     | Errazuriz  | 12000.00 |
| Gerald      | Cambrault  | 11000.00 |
| Eleni       | Zlotkey    | 10500.00 |
| Peter       | Tucker     | 10000.00 |
| David       | Bernstein  |  9500.00 |
| Peter       | Hall       |  9000.00 |
| Christopher | Olsen      |  8000.00 |
| Nanette     | Cambrault  |  7500.00 |
| Oliver      | Tuvault    |  7000.00 |
| Janette     | King       | 10000.00 |
| Patrick     | Sully      |  9500.00 |
| Allan       | McEwen     |  9000.00 |
| Lindsey     | Smith      |  8000.00 |
| Louise      | Doran      |  7500.00 |
| Sarath      | Sewall     |  7000.00 |
| Clara       | Vishney    | 10500.00 |
| Danielle    | Greene     |  9500.00 |
| Mattea      | Marvins    |  7200.00 |
| David       | Lee        |  6800.00 |
| Sundar      | Ande       |  6400.00 |
| Amit        | Banda      |  6200.00 |
| Lisa        | Ozer       | 11500.00 |
| Harrison    | Bloom      | 10000.00 |
| Tayler      | Fox        |  9600.00 |
| William     | Smith      |  7400.00 |
| Elizabeth   | Bates      |  7300.00 |
| Sundita     | Kumar      |  6100.00 |
| Ellen       | Abel       | 11000.00 |
| Alyssa      | Hutton     |  8800.00 |
| Jonathon    | Taylor     |  8600.00 |
| Jack        | Livingston |  8400.00 |
| Kimberely   | Grant      |  7000.00 |
| Charles     | Johnson    |  6200.00 |
| Nandita     | Sarchand   |  4200.00 |
| Alexis      | Bull       |  4100.00 |
| Jennifer    | Whalen     |  4400.00 |
| Michael     | Hartstein  | 13000.00 |
| Pat         | Fay        |  6000.00 |
| Susan       | Mavris     |  6500.00 |
| Hermann     | Baer       | 10000.00 |
| Shelley     | Higgins    | 12000.00 |
| William     | Gietz      |  8300.00 |
+-------------+------------+----------+
64 rows in set (0.00 sec)

MariaDB [csd2204w18]> select min(salary) from employees;
+-------------+
| min(salary) |
+-------------+
|     2100.00 |
+-------------+
1 row in set (0.00 sec)

MariaDB [csd2204w18]> select first_name,last_name from employees where salary = (select min(salary) from employees);
+------------+-----------+
| first_name | last_name |
+------------+-----------+
| TJ         | Olson     |
+------------+-----------+
1 row in set (0.00 sec)

MariaDB [csd2204w18]> select min(min_salary) from jobs;
+-----------------+
| min(min_salary) |
+-----------------+
|            2000 |
+-----------------+
1 row in set (0.00 sec)

MariaDB [csd2204w18]> select first_name,last_name,salary from employees where salary = (select min(min_salary+1000) from jos);
ERROR 1146 (42S02): Table 'csd2204w18.jos' doesn't exist
MariaDB [csd2204w18]> select first_name,last_name,salary from employees where salary = (select min(min_salary+1000) from jobs);
+------------+-----------+---------+
| first_name | last_name | salary  |
+------------+-----------+---------+
| Anthony    | Cabrio    | 3000.00 |
| Kevin      | Feeney    | 3000.00 |
+------------+-----------+---------+
2 rows in set (0.00 sec)

MariaDB [csd2204w18]> select * from jobs where job_id = 'SH_CLERK';
+----------+----------------+------------+------------+
| JOB_ID   | JOB_TITLE      | MIN_SALARY | MAX_SALARY |
+----------+----------------+------------+------------+
| SH_CLERK | Shipping Clerk |       2500 |       5500 |
+----------+----------------+------------+------------+
1 row in set (0.00 sec)

MariaDB [csd2204w18]> select first_name,last_name from employees where job_id = 'SH_CLERK';
+------------+-----------+
| first_name | last_name |
+------------+-----------+
| Winston    | Taylor    |
| Jean       | Fleaur    |
| Martha     | Sullivan  |
| Girard     | Geoni     |
| Nandita    | Sarchand  |
| Alexis     | Bull      |
| Julia      | Dellinger |
| Anthony    | Cabrio    |
| Kelly      | Chung     |
| Jennifer   | Dilly     |
| Timothy    | Gates     |
| Randall    | Perkins   |
| Sarah      | Bell      |
| Britney    | Everett   |
| Samuel     | McCain    |
| Vance      | Jones     |
| Alana      | Walsh     |
| Kevin      | Feeney    |
| Donald     | OConnell  |
| Douglas    | Grant     |
+------------+-----------+
20 rows in set (0.00 sec)

MariaDB [csd2204w18]> select first_name,last_name,salary from employees where job_id = 'SH_CLERK';
+------------+-----------+---------+
| first_name | last_name | salary  |
+------------+-----------+---------+
| Winston    | Taylor    | 3200.00 |
| Jean       | Fleaur    | 3100.00 |
| Martha     | Sullivan  | 2500.00 |
| Girard     | Geoni     | 2800.00 |
| Nandita    | Sarchand  | 4200.00 |
| Alexis     | Bull      | 4100.00 |
| Julia      | Dellinger | 3400.00 |
| Anthony    | Cabrio    | 3000.00 |
| Kelly      | Chung     | 3800.00 |
| Jennifer   | Dilly     | 3600.00 |
| Timothy    | Gates     | 2900.00 |
| Randall    | Perkins   | 2500.00 |
| Sarah      | Bell      | 4000.00 |
| Britney    | Everett   | 3900.00 |
| Samuel     | McCain    | 3200.00 |
| Vance      | Jones     | 2800.00 |
| Alana      | Walsh     | 3100.00 |
| Kevin      | Feeney    | 3000.00 |
| Donald     | OConnell  | 2600.00 |
| Douglas    | Grant     | 2600.00 |
+------------+-----------+---------+
20 rows in set (0.00 sec)

MariaDB [csd2204w18]> select first_name,last_name,salary from employees where job_id != 'SH_CLERK';
+-------------+-------------+----------+
| first_name  | last_name   | salary   |
+-------------+-------------+----------+
| Steven      | King        | 24000.00 |
| Neena       | Kochhar     | 17000.00 |
| Lex         | De Haan     | 17000.00 |
| Alexander   | Hunold      |  9000.00 |
| Bruce       | Ernst       |  6000.00 |
| David       | Austin      |  4800.00 |
| Valli       | Pataballa   |  4800.00 |
| Diana       | Lorentz     |  4200.00 |
| Nancy       | Greenberg   | 12000.00 |
| Daniel      | Faviet      |  9000.00 |
| John        | Chen        |  8200.00 |
| Ismael      | Sciarra     |  7700.00 |
| Jose Manuel | Urman       |  7800.00 |
| Luis        | Popp        |  6900.00 |
| Den         | Raphaely    | 11000.00 |
| Alexander   | Khoo        |  3100.00 |
| Shelli      | Baida       |  2900.00 |
| Sigal       | Tobias      |  2800.00 |
| Guy         | Himuro      |  2600.00 |
| Karen       | Colmenares  |  2500.00 |
| Matthew     | Weiss       |  8000.00 |
| Adam        | Fripp       |  8200.00 |
| Payam       | Kaufling    |  7900.00 |
| Shanta      | Vollman     |  6500.00 |
| Kevin       | Mourgos     |  5800.00 |
| Julia       | Nayer       |  3200.00 |
| Irene       | Mikkilineni |  2700.00 |
| James       | Landry      |  2400.00 |
| Steven      | Markle      |  2200.00 |
| Laura       | Bissot      |  3300.00 |
| Mozhe       | Atkinson    |  2800.00 |
| James       | Marlow      |  2500.00 |
| TJ          | Olson       |  2100.00 |
| Jason       | Mallin      |  3300.00 |
| Michael     | Rogers      |  2900.00 |
| Ki          | Gee         |  2400.00 |
| Hazel       | Philtanker  |  2200.00 |
| Renske      | Ladwig      |  3600.00 |
| Stephen     | Stiles      |  3200.00 |
| John        | Seo         |  2700.00 |
| Joshua      | Patel       |  2500.00 |
| Trenna      | Rajs        |  3500.00 |
| Curtis      | Davies      |  3100.00 |
| Randall     | Matos       |  2600.00 |
| Peter       | Vargas      |  2500.00 |
| John        | Russell     | 14000.00 |
| Karen       | Partners    | 13500.00 |
| Alberto     | Errazuriz   | 12000.00 |
| Gerald      | Cambrault   | 11000.00 |
| Eleni       | Zlotkey     | 10500.00 |
| Peter       | Tucker      | 10000.00 |
| David       | Bernstein   |  9500.00 |
| Peter       | Hall        |  9000.00 |
| Christopher | Olsen       |  8000.00 |
| Nanette     | Cambrault   |  7500.00 |
| Oliver      | Tuvault     |  7000.00 |
| Janette     | King        | 10000.00 |
| Patrick     | Sully       |  9500.00 |
| Allan       | McEwen      |  9000.00 |
| Lindsey     | Smith       |  8000.00 |
| Louise      | Doran       |  7500.00 |
| Sarath      | Sewall      |  7000.00 |
| Clara       | Vishney     | 10500.00 |
| Danielle    | Greene      |  9500.00 |
| Mattea      | Marvins     |  7200.00 |
| David       | Lee         |  6800.00 |
| Sundar      | Ande        |  6400.00 |
| Amit        | Banda       |  6200.00 |
| Lisa        | Ozer        | 11500.00 |
| Harrison    | Bloom       | 10000.00 |
| Tayler      | Fox         |  9600.00 |
| William     | Smith       |  7400.00 |
| Elizabeth   | Bates       |  7300.00 |
| Sundita     | Kumar       |  6100.00 |
| Ellen       | Abel        | 11000.00 |
| Alyssa      | Hutton      |  8800.00 |
| Jonathon    | Taylor      |  8600.00 |
| Jack        | Livingston  |  8400.00 |
| Kimberely   | Grant       |  7000.00 |
| Charles     | Johnson     |  6200.00 |
| Jennifer    | Whalen      |  4400.00 |
| Michael     | Hartstein   | 13000.00 |
| Pat         | Fay         |  6000.00 |
| Susan       | Mavris      |  6500.00 |
| Hermann     | Baer        | 10000.00 |
| Shelley     | Higgins     | 12000.00 |
| William     | Gietz       |  8300.00 |
+-------------+-------------+----------+
87 rows in set (0.00 sec)

MariaDB [csd2204w18]> select first_name,last_name,salary from employees where job_id != 'SH_CLERK' AND salary > (select max_salary from jobs where id = 'SH_CLERK');
ERROR 1054 (42S22): Unknown column 'id' in 'where clause'
MariaDB [csd2204w18]> select first_name,last_name,salary from employees where job_id != 'SH_CLERK' AND salary > (select max_salary from jobs where job_id = 'SH_CLERK');
+-------------+------------+----------+
| first_name  | last_name  | salary   |
+-------------+------------+----------+
| Steven      | King       | 24000.00 |
| Neena       | Kochhar    | 17000.00 |
| Lex         | De Haan    | 17000.00 |
| Alexander   | Hunold     |  9000.00 |
| Bruce       | Ernst      |  6000.00 |
| Nancy       | Greenberg  | 12000.00 |
| Daniel      | Faviet     |  9000.00 |
| John        | Chen       |  8200.00 |
| Ismael      | Sciarra    |  7700.00 |
| Jose Manuel | Urman      |  7800.00 |
| Luis        | Popp       |  6900.00 |
| Den         | Raphaely   | 11000.00 |
| Matthew     | Weiss      |  8000.00 |
| Adam        | Fripp      |  8200.00 |
| Payam       | Kaufling   |  7900.00 |
| Shanta      | Vollman    |  6500.00 |
| Kevin       | Mourgos    |  5800.00 |
| John        | Russell    | 14000.00 |
| Karen       | Partners   | 13500.00 |
| Alberto     | Errazuriz  | 12000.00 |
| Gerald      | Cambrault  | 11000.00 |
| Eleni       | Zlotkey    | 10500.00 |
| Peter       | Tucker     | 10000.00 |
| David       | Bernstein  |  9500.00 |
| Peter       | Hall       |  9000.00 |
| Christopher | Olsen      |  8000.00 |
| Nanette     | Cambrault  |  7500.00 |
| Oliver      | Tuvault    |  7000.00 |
| Janette     | King       | 10000.00 |
| Patrick     | Sully      |  9500.00 |
| Allan       | McEwen     |  9000.00 |
| Lindsey     | Smith      |  8000.00 |
| Louise      | Doran      |  7500.00 |
| Sarath      | Sewall     |  7000.00 |
| Clara       | Vishney    | 10500.00 |
| Danielle    | Greene     |  9500.00 |
| Mattea      | Marvins    |  7200.00 |
| David       | Lee        |  6800.00 |
| Sundar      | Ande       |  6400.00 |
| Amit        | Banda      |  6200.00 |
| Lisa        | Ozer       | 11500.00 |
| Harrison    | Bloom      | 10000.00 |
| Tayler      | Fox        |  9600.00 |
| William     | Smith      |  7400.00 |
| Elizabeth   | Bates      |  7300.00 |
| Sundita     | Kumar      |  6100.00 |
| Ellen       | Abel       | 11000.00 |
| Alyssa      | Hutton     |  8800.00 |
| Jonathon    | Taylor     |  8600.00 |
| Jack        | Livingston |  8400.00 |
| Kimberely   | Grant      |  7000.00 |
| Charles     | Johnson    |  6200.00 |
| Michael     | Hartstein  | 13000.00 |
| Pat         | Fay        |  6000.00 |
| Susan       | Mavris     |  6500.00 |
| Hermann     | Baer       | 10000.00 |
| Shelley     | Higgins    | 12000.00 |
| William     | Gietz      |  8300.00 |
+-------------+------------+----------+
58 rows in set (0.00 sec)

MariaDB [csd2204w18]> select first_name,last_name,salary from employees where job_id != 'SH_CLERK' AND salary > (select max_salary from jobs where job_id = 'SH_CLERK');
+-------------+------------+----------+
| first_name  | last_name  | salary   |
+-------------+------------+----------+
| Steven      | King       | 24000.00 |
| Neena       | Kochhar    | 17000.00 |
| Lex         | De Haan    | 17000.00 |
| Alexander   | Hunold     |  9000.00 |
| Bruce       | Ernst      |  6000.00 |
| Nancy       | Greenberg  | 12000.00 |
| Daniel      | Faviet     |  9000.00 |
| John        | Chen       |  8200.00 |
| Ismael      | Sciarra    |  7700.00 |
| Jose Manuel | Urman      |  7800.00 |
| Luis        | Popp       |  6900.00 |
| Den         | Raphaely   | 11000.00 |
| Matthew     | Weiss      |  8000.00 |
| Adam        | Fripp      |  8200.00 |
| Payam       | Kaufling   |  7900.00 |
| Shanta      | Vollman    |  6500.00 |
| Kevin       | Mourgos    |  5800.00 |
| John        | Russell    | 14000.00 |
| Karen       | Partners   | 13500.00 |
| Alberto     | Errazuriz  | 12000.00 |
| Gerald      | Cambrault  | 11000.00 |
| Eleni       | Zlotkey    | 10500.00 |
| Peter       | Tucker     | 10000.00 |
| David       | Bernstein  |  9500.00 |
| Peter       | Hall       |  9000.00 |
| Christopher | Olsen      |  8000.00 |
| Nanette     | Cambrault  |  7500.00 |
| Oliver      | Tuvault    |  7000.00 |
| Janette     | King       | 10000.00 |
| Patrick     | Sully      |  9500.00 |
| Allan       | McEwen     |  9000.00 |
| Lindsey     | Smith      |  8000.00 |
| Louise      | Doran      |  7500.00 |
| Sarath      | Sewall     |  7000.00 |
| Clara       | Vishney    | 10500.00 |
| Danielle    | Greene     |  9500.00 |
| Mattea      | Marvins    |  7200.00 |
| David       | Lee        |  6800.00 |
| Sundar      | Ande       |  6400.00 |
| Amit        | Banda      |  6200.00 |
| Lisa        | Ozer       | 11500.00 |
| Harrison    | Bloom      | 10000.00 |
| Tayler      | Fox        |  9600.00 |
| William     | Smith      |  7400.00 |
| Elizabeth   | Bates      |  7300.00 |
| Sundita     | Kumar      |  6100.00 |
| Ellen       | Abel       | 11000.00 |
| Alyssa      | Hutton     |  8800.00 |
| Jonathon    | Taylor     |  8600.00 |
| Jack        | Livingston |  8400.00 |
| Kimberely   | Grant      |  7000.00 |
| Charles     | Johnson    |  6200.00 |
| Michael     | Hartstein  | 13000.00 |
| Pat         | Fay        |  6000.00 |
| Susan       | Mavris     |  6500.00 |
| Hermann     | Baer       | 10000.00 |
| Shelley     | Higgins    | 12000.00 |
| William     | Gietz      |  8300.00 |
+-------------+------------+----------+
58 rows in set (0.00 sec)

MariaDB [csd2204w18]> select first_name,last_name,salary from employees where salary > ALL (select salary from emoloyees where job_id = 'SH_CLERK') ORDER BY SALARY);
ERROR 1064 (42000): You have an error in your SQL syntax; check the manual that corresponds to your MariaDB server version for the right syntax to use near ')' at line 1
MariaDB [csd2204w18]> select first_name,last_name,salary from employees where salary > ALL (select salary from emoloyees where job_id = 'SH_CLERK') ORDER BY SALARY;
ERROR 1146 (42S02): Table 'csd2204w18.emoloyees' doesn't exist
MariaDB [csd2204w18]> select first_name,last_name,salary from employees where salary > ALL (select salary from employees where job_id = 'SH_CLERK') ORDER BY SALARY;
+-------------+------------+----------+
| first_name  | last_name  | salary   |
+-------------+------------+----------+
| Jennifer    | Whalen     |  4400.00 |
| David       | Austin     |  4800.00 |
| Valli       | Pataballa  |  4800.00 |
| Kevin       | Mourgos    |  5800.00 |
| Bruce       | Ernst      |  6000.00 |
| Pat         | Fay        |  6000.00 |
| Sundita     | Kumar      |  6100.00 |
| Amit        | Banda      |  6200.00 |
| Charles     | Johnson    |  6200.00 |
| Sundar      | Ande       |  6400.00 |
| Susan       | Mavris     |  6500.00 |
| Shanta      | Vollman    |  6500.00 |
| David       | Lee        |  6800.00 |
| Luis        | Popp       |  6900.00 |
| Sarath      | Sewall     |  7000.00 |
| Oliver      | Tuvault    |  7000.00 |
| Kimberely   | Grant      |  7000.00 |
| Mattea      | Marvins    |  7200.00 |
| Elizabeth   | Bates      |  7300.00 |
| William     | Smith      |  7400.00 |
| Nanette     | Cambrault  |  7500.00 |
| Louise      | Doran      |  7500.00 |
| Ismael      | Sciarra    |  7700.00 |
| Jose Manuel | Urman      |  7800.00 |
| Payam       | Kaufling   |  7900.00 |
| Lindsey     | Smith      |  8000.00 |
| Matthew     | Weiss      |  8000.00 |
| Christopher | Olsen      |  8000.00 |
| Adam        | Fripp      |  8200.00 |
| John        | Chen       |  8200.00 |
| William     | Gietz      |  8300.00 |
| Jack        | Livingston |  8400.00 |
| Jonathon    | Taylor     |  8600.00 |
| Alyssa      | Hutton     |  8800.00 |
| Allan       | McEwen     |  9000.00 |
| Peter       | Hall       |  9000.00 |
| Alexander   | Hunold     |  9000.00 |
| Daniel      | Faviet     |  9000.00 |
| Patrick     | Sully      |  9500.00 |
| Danielle    | Greene     |  9500.00 |
| David       | Bernstein  |  9500.00 |
| Tayler      | Fox        |  9600.00 |
| Hermann     | Baer       | 10000.00 |
| Harrison    | Bloom      | 10000.00 |
| Janette     | King       | 10000.00 |
| Peter       | Tucker     | 10000.00 |
| Eleni       | Zlotkey    | 10500.00 |
| Clara       | Vishney    | 10500.00 |
| Gerald      | Cambrault  | 11000.00 |
| Ellen       | Abel       | 11000.00 |
| Den         | Raphaely   | 11000.00 |
| Lisa        | Ozer       | 11500.00 |
| Alberto     | Errazuriz  | 12000.00 |
| Shelley     | Higgins    | 12000.00 |
| Nancy       | Greenberg  | 12000.00 |
| Michael     | Hartstein  | 13000.00 |
| Karen       | Partners   | 13500.00 |
| John        | Russell    | 14000.00 |
| Lex         | De Haan    | 17000.00 |
| Neena       | Kochhar    | 17000.00 |
| Steven      | King       | 24000.00 |
+-------------+------------+----------+
61 rows in set (0.02 sec)

MariaDB [csd2204w18]> select first_name,last_name,job_id from employees where salary > ALL (select salary from employees where job_id = 'SH_CLERK') ORDER BY SALARY;
+-------------+------------+------------+
| first_name  | last_name  | job_id     |
+-------------+------------+------------+
| Jennifer    | Whalen     | AD_ASST    |
| David       | Austin     | IT_PROG    |
| Valli       | Pataballa  | IT_PROG    |
| Kevin       | Mourgos    | ST_MAN     |
| Bruce       | Ernst      | IT_PROG    |
| Pat         | Fay        | MK_REP     |
| Sundita     | Kumar      | SA_REP     |
| Amit        | Banda      | SA_REP     |
| Charles     | Johnson    | SA_REP     |
| Sundar      | Ande       | SA_REP     |
| Susan       | Mavris     | HR_REP     |
| Shanta      | Vollman    | ST_MAN     |
| David       | Lee        | SA_REP     |
| Luis        | Popp       | FI_ACCOUNT |
| Sarath      | Sewall     | SA_REP     |
| Oliver      | Tuvault    | SA_REP     |
| Kimberely   | Grant      | SA_REP     |
| Mattea      | Marvins    | SA_REP     |
| Elizabeth   | Bates      | SA_REP     |
| William     | Smith      | SA_REP     |
| Nanette     | Cambrault  | SA_REP     |
| Louise      | Doran      | SA_REP     |
| Ismael      | Sciarra    | FI_ACCOUNT |
| Jose Manuel | Urman      | FI_ACCOUNT |
| Payam       | Kaufling   | ST_MAN     |
| Lindsey     | Smith      | SA_REP     |
| Matthew     | Weiss      | ST_MAN     |
| Christopher | Olsen      | SA_REP     |
| Adam        | Fripp      | ST_MAN     |
| John        | Chen       | FI_ACCOUNT |
| William     | Gietz      | AC_ACCOUNT |
| Jack        | Livingston | SA_REP     |
| Jonathon    | Taylor     | SA_REP     |
| Alyssa      | Hutton     | SA_REP     |
| Allan       | McEwen     | SA_REP     |
| Peter       | Hall       | SA_REP     |
| Alexander   | Hunold     | IT_PROG    |
| Daniel      | Faviet     | FI_ACCOUNT |
| Patrick     | Sully      | SA_REP     |
| Danielle    | Greene     | SA_REP     |
| David       | Bernstein  | SA_REP     |
| Tayler      | Fox        | SA_REP     |
| Hermann     | Baer       | PR_REP     |
| Harrison    | Bloom      | SA_REP     |
| Janette     | King       | SA_REP     |
| Peter       | Tucker     | SA_REP     |
| Eleni       | Zlotkey    | SA_MAN     |
| Clara       | Vishney    | SA_REP     |
| Gerald      | Cambrault  | SA_MAN     |
| Ellen       | Abel       | SA_REP     |
| Den         | Raphaely   | PU_MAN     |
| Lisa        | Ozer       | SA_REP     |
| Alberto     | Errazuriz  | SA_MAN     |
| Shelley     | Higgins    | AC_MGR     |
| Nancy       | Greenberg  | FI_MGR     |
| Michael     | Hartstein  | MK_MAN     |
| Karen       | Partners   | SA_MAN     |
| John        | Russell    | SA_MAN     |
| Lex         | De Haan    | AD_VP      |
| Neena       | Kochhar    | AD_VP      |
| Steven      | King       | AD_PRES    |
+-------------+------------+------------+
61 rows in set (0.00 sec)

MariaDB [csd2204w18]> select b.first_name,b.last_name FROM employee b where NOT EXISTS (SELECT 'X' from employees a WHERE a.manager_id=b.employee_id )
    -> ;
ERROR 1146 (42S02): Table 'csd2204w18.employee' doesn't exist
MariaDB [csd2204w18]> select b.first_name,b.last_name FROM employees b where NOT EXISTS (SELECT 'X' from employees a WHERE a.manager_id=b.employee_id )
    -> ;
+-------------+-------------+
| first_name  | last_name   |
+-------------+-------------+
| Bruce       | Ernst       |
| David       | Austin      |
| Valli       | Pataballa   |
| Diana       | Lorentz     |
| Daniel      | Faviet      |
| John        | Chen        |
| Ismael      | Sciarra     |
| Jose Manuel | Urman       |
| Luis        | Popp        |
| Alexander   | Khoo        |
| Shelli      | Baida       |
| Sigal       | Tobias      |
| Guy         | Himuro      |
| Karen       | Colmenares  |
| Julia       | Nayer       |
| Irene       | Mikkilineni |
| James       | Landry      |
| Steven      | Markle      |
| Laura       | Bissot      |
| Mozhe       | Atkinson    |
| James       | Marlow      |
| TJ          | Olson       |
| Jason       | Mallin      |
| Michael     | Rogers      |
| Ki          | Gee         |
| Hazel       | Philtanker  |
| Renske      | Ladwig      |
| Stephen     | Stiles      |
| John        | Seo         |
| Joshua      | Patel       |
| Trenna      | Rajs        |
| Curtis      | Davies      |
| Randall     | Matos       |
| Peter       | Vargas      |
| Peter       | Tucker      |
| David       | Bernstein   |
| Peter       | Hall        |
| Christopher | Olsen       |
| Nanette     | Cambrault   |
| Oliver      | Tuvault     |
| Janette     | King        |
| Patrick     | Sully       |
| Allan       | McEwen      |
| Lindsey     | Smith       |
| Louise      | Doran       |
| Sarath      | Sewall      |
| Clara       | Vishney     |
| Danielle    | Greene      |
| Mattea      | Marvins     |
| David       | Lee         |
| Sundar      | Ande        |
| Amit        | Banda       |
| Lisa        | Ozer        |
| Harrison    | Bloom       |
| Tayler      | Fox         |
| William     | Smith       |
| Elizabeth   | Bates       |
| Sundita     | Kumar       |
| Ellen       | Abel        |
| Alyssa      | Hutton      |
| Jonathon    | Taylor      |
| Jack        | Livingston  |
| Kimberely   | Grant       |
| Charles     | Johnson     |
| Winston     | Taylor      |
| Jean        | Fleaur      |
| Martha      | Sullivan    |
| Girard      | Geoni       |
| Nandita     | Sarchand    |
| Alexis      | Bull        |
| Julia       | Dellinger   |
| Anthony     | Cabrio      |
| Kelly       | Chung       |
| Jennifer    | Dilly       |
| Timothy     | Gates       |
| Randall     | Perkins     |
| Sarah       | Bell        |
| Britney     | Everett     |
| Samuel      | McCain      |
| Vance       | Jones       |
| Alana       | Walsh       |
| Kevin       | Feeney      |
| Donald      | OConnell    |
| Douglas     | Grant       |
| Jennifer    | Whalen      |
| Pat         | Fay         |
| Susan       | Mavris      |
| Hermann     | Baer        |
| William     | Gietz       |
+-------------+-------------+
89 rows in set (0.00 sec)

MariaDB [csd2204w18]> select first_name,last_name FROM employees where NOT EXISTS (SELECT 'X' from employees a WHERE a.manager_id=b.employee_id );
ERROR 1054 (42S22): Unknown column 'b.employee_id' in 'where clause'
MariaDB [csd2204w18]> select first_name,last_name FROM employees where NOT EXISTS (SELECT 'X' from employees a WHERE a.manager_id=employee_id );
+-------------+-------------+
| first_name  | last_name   |
+-------------+-------------+
| Ellen       | Abel        |
| Sundar      | Ande        |
| Mozhe       | Atkinson    |
| David       | Austin      |
| Hermann     | Baer        |
| Shelli      | Baida       |
| Amit        | Banda       |
| Elizabeth   | Bates       |
| Sarah       | Bell        |
| David       | Bernstein   |
| Laura       | Bissot      |
| Harrison    | Bloom       |
| Alexis      | Bull        |
| Anthony     | Cabrio      |
| Gerald      | Cambrault   |
| Nanette     | Cambrault   |
| John        | Chen        |
| Kelly       | Chung       |
| Karen       | Colmenares  |
| Curtis      | Davies      |
| Lex         | De Haan     |
| Julia       | Dellinger   |
| Jennifer    | Dilly       |
| Louise      | Doran       |
| Bruce       | Ernst       |
| Alberto     | Errazuriz   |
| Britney     | Everett     |
| Daniel      | Faviet      |
| Pat         | Fay         |
| Kevin       | Feeney      |
| Jean        | Fleaur      |
| Tayler      | Fox         |
| Adam        | Fripp       |
| Timothy     | Gates       |
| Ki          | Gee         |
| Girard      | Geoni       |
| William     | Gietz       |
| Douglas     | Grant       |
| Kimberely   | Grant       |
| Nancy       | Greenberg   |
| Danielle    | Greene      |
| Peter       | Hall        |
| Michael     | Hartstein   |
| Shelley     | Higgins     |
| Guy         | Himuro      |
| Alexander   | Hunold      |
| Alyssa      | Hutton      |
| Charles     | Johnson     |
| Vance       | Jones       |
| Payam       | Kaufling    |
| Alexander   | Khoo        |
| Janette     | King        |
| Steven      | King        |
| Neena       | Kochhar     |
| Sundita     | Kumar       |
| Renske      | Ladwig      |
| James       | Landry      |
| David       | Lee         |
| Jack        | Livingston  |
| Diana       | Lorentz     |
| Jason       | Mallin      |
| Steven      | Markle      |
| James       | Marlow      |
| Mattea      | Marvins     |
| Randall     | Matos       |
| Susan       | Mavris      |
| Samuel      | McCain      |
| Allan       | McEwen      |
| Irene       | Mikkilineni |
| Kevin       | Mourgos     |
| Julia       | Nayer       |
| Donald      | OConnell    |
| Christopher | Olsen       |
| TJ          | Olson       |
| Lisa        | Ozer        |
| Karen       | Partners    |
| Valli       | Pataballa   |
| Joshua      | Patel       |
| Randall     | Perkins     |
| Hazel       | Philtanker  |
| Luis        | Popp        |
| Trenna      | Rajs        |
| Den         | Raphaely    |
| Michael     | Rogers      |
| John        | Russell     |
| Nandita     | Sarchand    |
| Ismael      | Sciarra     |
| John        | Seo         |
| Sarath      | Sewall      |
| Lindsey     | Smith       |
| William     | Smith       |
| Stephen     | Stiles      |
| Martha      | Sullivan    |
| Patrick     | Sully       |
| Jonathon    | Taylor      |
| Winston     | Taylor      |
| Sigal       | Tobias      |
| Peter       | Tucker      |
| Oliver      | Tuvault     |
| Jose Manuel | Urman       |
| Peter       | Vargas      |
| Clara       | Vishney     |
| Shanta      | Vollman     |
| Alana       | Walsh       |
| Matthew     | Weiss       |
| Jennifer    | Whalen      |
| Eleni       | Zlotkey     |
+-------------+-------------+
107 rows in set (0.00 sec)

MariaDB [csd2204w18]> select b.first_name,b.last_name FROM employees b where NOT EXISTS (SELECT 'X' from employees a WHERE a.manager_id=b.employee_id );
+-------------+-------------+
| first_name  | last_name   |
+-------------+-------------+
| Bruce       | Ernst       |
| David       | Austin      |
| Valli       | Pataballa   |
| Diana       | Lorentz     |
| Daniel      | Faviet      |
| John        | Chen        |
| Ismael      | Sciarra     |
| Jose Manuel | Urman       |
| Luis        | Popp        |
| Alexander   | Khoo        |
| Shelli      | Baida       |
| Sigal       | Tobias      |
| Guy         | Himuro      |
| Karen       | Colmenares  |
| Julia       | Nayer       |
| Irene       | Mikkilineni |
| James       | Landry      |
| Steven      | Markle      |
| Laura       | Bissot      |
| Mozhe       | Atkinson    |
| James       | Marlow      |
| TJ          | Olson       |
| Jason       | Mallin      |
| Michael     | Rogers      |
| Ki          | Gee         |
| Hazel       | Philtanker  |
| Renske      | Ladwig      |
| Stephen     | Stiles      |
| John        | Seo         |
| Joshua      | Patel       |
| Trenna      | Rajs        |
| Curtis      | Davies      |
| Randall     | Matos       |
| Peter       | Vargas      |
| Peter       | Tucker      |
| David       | Bernstein   |
| Peter       | Hall        |
| Christopher | Olsen       |
| Nanette     | Cambrault   |
| Oliver      | Tuvault     |
| Janette     | King        |
| Patrick     | Sully       |
| Allan       | McEwen      |
| Lindsey     | Smith       |
| Louise      | Doran       |
| Sarath      | Sewall      |
| Clara       | Vishney     |
| Danielle    | Greene      |
| Mattea      | Marvins     |
| David       | Lee         |
| Sundar      | Ande        |
| Amit        | Banda       |
| Lisa        | Ozer        |
| Harrison    | Bloom       |
| Tayler      | Fox         |
| William     | Smith       |
| Elizabeth   | Bates       |
| Sundita     | Kumar       |
| Ellen       | Abel        |
| Alyssa      | Hutton      |
| Jonathon    | Taylor      |
| Jack        | Livingston  |
| Kimberely   | Grant       |
| Charles     | Johnson     |
| Winston     | Taylor      |
| Jean        | Fleaur      |
| Martha      | Sullivan    |
| Girard      | Geoni       |
| Nandita     | Sarchand    |
| Alexis      | Bull        |
| Julia       | Dellinger   |
| Anthony     | Cabrio      |
| Kelly       | Chung       |
| Jennifer    | Dilly       |
| Timothy     | Gates       |
| Randall     | Perkins     |
| Sarah       | Bell        |
| Britney     | Everett     |
| Samuel      | McCain      |
| Vance       | Jones       |
| Alana       | Walsh       |
| Kevin       | Feeney      |
| Donald      | OConnell    |
| Douglas     | Grant       |
| Jennifer    | Whalen      |
| Pat         | Fay         |
| Susan       | Mavris      |
| Hermann     | Baer        |
| William     | Gietz       |
+-------------+-------------+
89 rows in set (0.00 sec)

MariaDB [csd2204w18]> desc employees;
+----------------+--------------+------+-----+---------+-------+
| Field          | Type         | Null | Key | Default | Extra |
+----------------+--------------+------+-----+---------+-------+
| EMPLOYEE_ID    | decimal(6,0) | NO   | PRI | 0       |       |
| FIRST_NAME     | varchar(20)  | YES  |     | NULL    |       |
| LAST_NAME      | varchar(25)  | NO   | MUL | NULL    |       |
| EMAIL          | varchar(25)  | NO   | UNI | NULL    |       |
| PHONE_NUMBER   | varchar(20)  | YES  |     | NULL    |       |
| HIRE_DATE      | date         | NO   |     | NULL    |       |
| JOB_ID         | varchar(10)  | NO   | MUL | NULL    |       |
| SALARY         | decimal(8,2) | YES  |     | NULL    |       |
| COMMISSION_PCT | decimal(2,2) | YES  |     | NULL    |       |
| MANAGER_ID     | decimal(6,0) | YES  | MUL | NULL    |       |
| DEPARTMENT_ID  | decimal(4,0) | YES  | MUL | NULL    |       |
+----------------+--------------+------+-----+---------+-------+
11 rows in set (0.01 sec)

MariaDB [csd2204w18]> select employees.employee_id,employees.first_name,employees.last_name,departments.department_id from employees,departments where employees.department_id=departments.department_id;
+-------------+-------------+-------------+---------------+
| employee_id | first_name  | last_name   | department_id |
+-------------+-------------+-------------+---------------+
|         100 | Steven      | King        |            90 |
|         101 | Neena       | Kochhar     |            90 |
|         102 | Lex         | De Haan     |            90 |
|         103 | Alexander   | Hunold      |            60 |
|         104 | Bruce       | Ernst       |            60 |
|         105 | David       | Austin      |            60 |
|         106 | Valli       | Pataballa   |            60 |
|         107 | Diana       | Lorentz     |            60 |
|         108 | Nancy       | Greenberg   |           100 |
|         109 | Daniel      | Faviet      |           100 |
|         110 | John        | Chen        |           100 |
|         111 | Ismael      | Sciarra     |           100 |
|         112 | Jose Manuel | Urman       |           100 |
|         113 | Luis        | Popp        |           100 |
|         114 | Den         | Raphaely    |            30 |
|         115 | Alexander   | Khoo        |            30 |
|         116 | Shelli      | Baida       |            30 |
|         117 | Sigal       | Tobias      |            30 |
|         118 | Guy         | Himuro      |            30 |
|         119 | Karen       | Colmenares  |            30 |
|         120 | Matthew     | Weiss       |            50 |
|         121 | Adam        | Fripp       |            50 |
|         122 | Payam       | Kaufling    |            50 |
|         123 | Shanta      | Vollman     |            50 |
|         124 | Kevin       | Mourgos     |            50 |
|         125 | Julia       | Nayer       |            50 |
|         126 | Irene       | Mikkilineni |            50 |
|         127 | James       | Landry      |            50 |
|         128 | Steven      | Markle      |            50 |
|         129 | Laura       | Bissot      |            50 |
|         130 | Mozhe       | Atkinson    |            50 |
|         131 | James       | Marlow      |            50 |
|         132 | TJ          | Olson       |            50 |
|         133 | Jason       | Mallin      |            50 |
|         134 | Michael     | Rogers      |            50 |
|         135 | Ki          | Gee         |            50 |
|         136 | Hazel       | Philtanker  |            50 |
|         137 | Renske      | Ladwig      |            50 |
|         138 | Stephen     | Stiles      |            50 |
|         139 | John        | Seo         |            50 |
|         140 | Joshua      | Patel       |            50 |
|         141 | Trenna      | Rajs        |            50 |
|         142 | Curtis      | Davies      |            50 |
|         143 | Randall     | Matos       |            50 |
|         144 | Peter       | Vargas      |            50 |
|         145 | John        | Russell     |            80 |
|         146 | Karen       | Partners    |            80 |
|         147 | Alberto     | Errazuriz   |            80 |
|         148 | Gerald      | Cambrault   |            80 |
|         149 | Eleni       | Zlotkey     |            80 |
|         150 | Peter       | Tucker      |            80 |
|         151 | David       | Bernstein   |            80 |
|         152 | Peter       | Hall        |            80 |
|         153 | Christopher | Olsen       |            80 |
|         154 | Nanette     | Cambrault   |            80 |
|         155 | Oliver      | Tuvault     |            80 |
|         156 | Janette     | King        |            80 |
|         157 | Patrick     | Sully       |            80 |
|         158 | Allan       | McEwen      |            80 |
|         159 | Lindsey     | Smith       |            80 |
|         160 | Louise      | Doran       |            80 |
|         161 | Sarath      | Sewall      |            80 |
|         162 | Clara       | Vishney     |            80 |
|         163 | Danielle    | Greene      |            80 |
|         164 | Mattea      | Marvins     |            80 |
|         165 | David       | Lee         |            80 |
|         166 | Sundar      | Ande        |            80 |
|         167 | Amit        | Banda       |            80 |
|         168 | Lisa        | Ozer        |            80 |
|         169 | Harrison    | Bloom       |            80 |
|         170 | Tayler      | Fox         |            80 |
|         171 | William     | Smith       |            80 |
|         172 | Elizabeth   | Bates       |            80 |
|         173 | Sundita     | Kumar       |            80 |
|         174 | Ellen       | Abel        |            80 |
|         175 | Alyssa      | Hutton      |            80 |
|         176 | Jonathon    | Taylor      |            80 |
|         177 | Jack        | Livingston  |            80 |
|         179 | Charles     | Johnson     |            80 |
|         180 | Winston     | Taylor      |            50 |
|         181 | Jean        | Fleaur      |            50 |
|         182 | Martha      | Sullivan    |            50 |
|         183 | Girard      | Geoni       |            50 |
|         184 | Nandita     | Sarchand    |            50 |
|         185 | Alexis      | Bull        |            50 |
|         186 | Julia       | Dellinger   |            50 |
|         187 | Anthony     | Cabrio      |            50 |
|         188 | Kelly       | Chung       |            50 |
|         189 | Jennifer    | Dilly       |            50 |
|         190 | Timothy     | Gates       |            50 |
|         191 | Randall     | Perkins     |            50 |
|         192 | Sarah       | Bell        |            50 |
|         193 | Britney     | Everett     |            50 |
|         194 | Samuel      | McCain      |            50 |
|         195 | Vance       | Jones       |            50 |
|         196 | Alana       | Walsh       |            50 |
|         197 | Kevin       | Feeney      |            50 |
|         198 | Donald      | OConnell    |            50 |
|         199 | Douglas     | Grant       |            50 |
|         200 | Jennifer    | Whalen      |            10 |
|         201 | Michael     | Hartstein   |            20 |
|         202 | Pat         | Fay         |            20 |
|         203 | Susan       | Mavris      |            40 |
|         204 | Hermann     | Baer        |            70 |
|         205 | Shelley     | Higgins     |           110 |
|         206 | William     | Gietz       |           110 |
+-------------+-------------+-------------+---------------+
106 rows in set (0.00 sec)

MariaDB [csd2204w18]> select employees.employee_id,employees.first_name,employees.last_name,departments.department_name from employees,departments where employees.department_id=departments.department_id;
+-------------+-------------+-------------+------------------+
| employee_id | first_name  | last_name   | department_name  |
+-------------+-------------+-------------+------------------+
|         100 | Steven      | King        | Executive        |
|         101 | Neena       | Kochhar     | Executive        |
|         102 | Lex         | De Haan     | Executive        |
|         103 | Alexander   | Hunold      | IT               |
|         104 | Bruce       | Ernst       | IT               |
|         105 | David       | Austin      | IT               |
|         106 | Valli       | Pataballa   | IT               |
|         107 | Diana       | Lorentz     | IT               |
|         108 | Nancy       | Greenberg   | Finance          |
|         109 | Daniel      | Faviet      | Finance          |
|         110 | John        | Chen        | Finance          |
|         111 | Ismael      | Sciarra     | Finance          |
|         112 | Jose Manuel | Urman       | Finance          |
|         113 | Luis        | Popp        | Finance          |
|         114 | Den         | Raphaely    | Purchasing       |
|         115 | Alexander   | Khoo        | Purchasing       |
|         116 | Shelli      | Baida       | Purchasing       |
|         117 | Sigal       | Tobias      | Purchasing       |
|         118 | Guy         | Himuro      | Purchasing       |
|         119 | Karen       | Colmenares  | Purchasing       |
|         120 | Matthew     | Weiss       | Shipping         |
|         121 | Adam        | Fripp       | Shipping         |
|         122 | Payam       | Kaufling    | Shipping         |
|         123 | Shanta      | Vollman     | Shipping         |
|         124 | Kevin       | Mourgos     | Shipping         |
|         125 | Julia       | Nayer       | Shipping         |
|         126 | Irene       | Mikkilineni | Shipping         |
|         127 | James       | Landry      | Shipping         |
|         128 | Steven      | Markle      | Shipping         |
|         129 | Laura       | Bissot      | Shipping         |
|         130 | Mozhe       | Atkinson    | Shipping         |
|         131 | James       | Marlow      | Shipping         |
|         132 | TJ          | Olson       | Shipping         |
|         133 | Jason       | Mallin      | Shipping         |
|         134 | Michael     | Rogers      | Shipping         |
|         135 | Ki          | Gee         | Shipping         |
|         136 | Hazel       | Philtanker  | Shipping         |
|         137 | Renske      | Ladwig      | Shipping         |
|         138 | Stephen     | Stiles      | Shipping         |
|         139 | John        | Seo         | Shipping         |
|         140 | Joshua      | Patel       | Shipping         |
|         141 | Trenna      | Rajs        | Shipping         |
|         142 | Curtis      | Davies      | Shipping         |
|         143 | Randall     | Matos       | Shipping         |
|         144 | Peter       | Vargas      | Shipping         |
|         145 | John        | Russell     | Sales            |
|         146 | Karen       | Partners    | Sales            |
|         147 | Alberto     | Errazuriz   | Sales            |
|         148 | Gerald      | Cambrault   | Sales            |
|         149 | Eleni       | Zlotkey     | Sales            |
|         150 | Peter       | Tucker      | Sales            |
|         151 | David       | Bernstein   | Sales            |
|         152 | Peter       | Hall        | Sales            |
|         153 | Christopher | Olsen       | Sales            |
|         154 | Nanette     | Cambrault   | Sales            |
|         155 | Oliver      | Tuvault     | Sales            |
|         156 | Janette     | King        | Sales            |
|         157 | Patrick     | Sully       | Sales            |
|         158 | Allan       | McEwen      | Sales            |
|         159 | Lindsey     | Smith       | Sales            |
|         160 | Louise      | Doran       | Sales            |
|         161 | Sarath      | Sewall      | Sales            |
|         162 | Clara       | Vishney     | Sales            |
|         163 | Danielle    | Greene      | Sales            |
|         164 | Mattea      | Marvins     | Sales            |
|         165 | David       | Lee         | Sales            |
|         166 | Sundar      | Ande        | Sales            |
|         167 | Amit        | Banda       | Sales            |
|         168 | Lisa        | Ozer        | Sales            |
|         169 | Harrison    | Bloom       | Sales            |
|         170 | Tayler      | Fox         | Sales            |
|         171 | William     | Smith       | Sales            |
|         172 | Elizabeth   | Bates       | Sales            |
|         173 | Sundita     | Kumar       | Sales            |
|         174 | Ellen       | Abel        | Sales            |
|         175 | Alyssa      | Hutton      | Sales            |
|         176 | Jonathon    | Taylor      | Sales            |
|         177 | Jack        | Livingston  | Sales            |
|         179 | Charles     | Johnson     | Sales            |
|         180 | Winston     | Taylor      | Shipping         |
|         181 | Jean        | Fleaur      | Shipping         |
|         182 | Martha      | Sullivan    | Shipping         |
|         183 | Girard      | Geoni       | Shipping         |
|         184 | Nandita     | Sarchand    | Shipping         |
|         185 | Alexis      | Bull        | Shipping         |
|         186 | Julia       | Dellinger   | Shipping         |
|         187 | Anthony     | Cabrio      | Shipping         |
|         188 | Kelly       | Chung       | Shipping         |
|         189 | Jennifer    | Dilly       | Shipping         |
|         190 | Timothy     | Gates       | Shipping         |
|         191 | Randall     | Perkins     | Shipping         |
|         192 | Sarah       | Bell        | Shipping         |
|         193 | Britney     | Everett     | Shipping         |
|         194 | Samuel      | McCain      | Shipping         |
|         195 | Vance       | Jones       | Shipping         |
|         196 | Alana       | Walsh       | Shipping         |
|         197 | Kevin       | Feeney      | Shipping         |
|         198 | Donald      | OConnell    | Shipping         |
|         199 | Douglas     | Grant       | Shipping         |
|         200 | Jennifer    | Whalen      | Administration   |
|         201 | Michael     | Hartstein   | Marketing        |
|         202 | Pat         | Fay         | Marketing        |
|         203 | Susan       | Mavris      | Human Resources  |
|         204 | Hermann     | Baer        | Public Relations |
|         205 | Shelley     | Higgins     | Accounting       |
|         206 | William     | Gietz       | Accounting       |
+-------------+-------------+-------------+------------------+
106 rows in set (0.00 sec)

MariaDB [csd2204w18]> select employee_id,first_name,last_name from employees;
+-------------+-------------+-------------+
| employee_id | first_name  | last_name   |
+-------------+-------------+-------------+
|         100 | Steven      | King        |
|         101 | Neena       | Kochhar     |
|         102 | Lex         | De Haan     |
|         103 | Alexander   | Hunold      |
|         104 | Bruce       | Ernst       |
|         105 | David       | Austin      |
|         106 | Valli       | Pataballa   |
|         107 | Diana       | Lorentz     |
|         108 | Nancy       | Greenberg   |
|         109 | Daniel      | Faviet      |
|         110 | John        | Chen        |
|         111 | Ismael      | Sciarra     |
|         112 | Jose Manuel | Urman       |
|         113 | Luis        | Popp        |
|         114 | Den         | Raphaely    |
|         115 | Alexander   | Khoo        |
|         116 | Shelli      | Baida       |
|         117 | Sigal       | Tobias      |
|         118 | Guy         | Himuro      |
|         119 | Karen       | Colmenares  |
|         120 | Matthew     | Weiss       |
|         121 | Adam        | Fripp       |
|         122 | Payam       | Kaufling    |
|         123 | Shanta      | Vollman     |
|         124 | Kevin       | Mourgos     |
|         125 | Julia       | Nayer       |
|         126 | Irene       | Mikkilineni |
|         127 | James       | Landry      |
|         128 | Steven      | Markle      |
|         129 | Laura       | Bissot      |
|         130 | Mozhe       | Atkinson    |
|         131 | James       | Marlow      |
|         132 | TJ          | Olson       |
|         133 | Jason       | Mallin      |
|         134 | Michael     | Rogers      |
|         135 | Ki          | Gee         |
|         136 | Hazel       | Philtanker  |
|         137 | Renske      | Ladwig      |
|         138 | Stephen     | Stiles      |
|         139 | John        | Seo         |
|         140 | Joshua      | Patel       |
|         141 | Trenna      | Rajs        |
|         142 | Curtis      | Davies      |
|         143 | Randall     | Matos       |
|         144 | Peter       | Vargas      |
|         145 | John        | Russell     |
|         146 | Karen       | Partners    |
|         147 | Alberto     | Errazuriz   |
|         148 | Gerald      | Cambrault   |
|         149 | Eleni       | Zlotkey     |
|         150 | Peter       | Tucker      |
|         151 | David       | Bernstein   |
|         152 | Peter       | Hall        |
|         153 | Christopher | Olsen       |
|         154 | Nanette     | Cambrault   |
|         155 | Oliver      | Tuvault     |
|         156 | Janette     | King        |
|         157 | Patrick     | Sully       |
|         158 | Allan       | McEwen      |
|         159 | Lindsey     | Smith       |
|         160 | Louise      | Doran       |
|         161 | Sarath      | Sewall      |
|         162 | Clara       | Vishney     |
|         163 | Danielle    | Greene      |
|         164 | Mattea      | Marvins     |
|         165 | David       | Lee         |
|         166 | Sundar      | Ande        |
|         167 | Amit        | Banda       |
|         168 | Lisa        | Ozer        |
|         169 | Harrison    | Bloom       |
|         170 | Tayler      | Fox         |
|         171 | William     | Smith       |
|         172 | Elizabeth   | Bates       |
|         173 | Sundita     | Kumar       |
|         174 | Ellen       | Abel        |
|         175 | Alyssa      | Hutton      |
|         176 | Jonathon    | Taylor      |
|         177 | Jack        | Livingston  |
|         178 | Kimberely   | Grant       |
|         179 | Charles     | Johnson     |
|         180 | Winston     | Taylor      |
|         181 | Jean        | Fleaur      |
|         182 | Martha      | Sullivan    |
|         183 | Girard      | Geoni       |
|         184 | Nandita     | Sarchand    |
|         185 | Alexis      | Bull        |
|         186 | Julia       | Dellinger   |
|         187 | Anthony     | Cabrio      |
|         188 | Kelly       | Chung       |
|         189 | Jennifer    | Dilly       |
|         190 | Timothy     | Gates       |
|         191 | Randall     | Perkins     |
|         192 | Sarah       | Bell        |
|         193 | Britney     | Everett     |
|         194 | Samuel      | McCain      |
|         195 | Vance       | Jones       |
|         196 | Alana       | Walsh       |
|         197 | Kevin       | Feeney      |
|         198 | Donald      | OConnell    |
|         199 | Douglas     | Grant       |
|         200 | Jennifer    | Whalen      |
|         201 | Michael     | Hartstein   |
|         202 | Pat         | Fay         |
|         203 | Susan       | Mavris      |
|         204 | Hermann     | Baer        |
|         205 | Shelley     | Higgins     |
|         206 | William     | Gietz       |
+-------------+-------------+-------------+
107 rows in set (0.00 sec)

MariaDB [csd2204w18]> select employee_id,first_name,last_name (select department from departments d where e.department_id = d.department_id) department from employees e ORDER BY departmet;
ERROR 1064 (42000): You have an error in your SQL syntax; check the manual that corresponds to your MariaDB server version for the right syntax to use near 'select department from departments d where e.department_id = d.department_id) de' at line 1
MariaDB [csd2204w18]> select employee_id,first_name,last_name,
    -> (Select department_name from departments d
    -> where e.department_id = d.department_id) department
    -> from employees e order by departments;
ERROR 1054 (42S22): Unknown column 'departments' in 'order clause'
MariaDB [csd2204w18]> from employees e order by department;
ERROR 1064 (42000): You have an error in your SQL syntax; check the manual that corresponds to your MariaDB server version for the right syntax to use near 'from employees e order by department' at line 1
MariaDB [csd2204w18]> from employees e order by d;
ERROR 1064 (42000): You have an error in your SQL syntax; check the manual that corresponds to your MariaDB server version for the right syntax to use near 'from employees e order by d' at line 1
MariaDB [csd2204w18]> from employees e order by department_name;
ERROR 1064 (42000): You have an error in your SQL syntax; check the manual that corresponds to your MariaDB server version for the right syntax to use near 'from employees e order by department_name' at line 1
MariaDB [csd2204w18]> select employee_id,first_name,last_name,
    -> (Select department_name from departments d
    -> where e.department_id = d.department_id) department
    -> from employees e order by department_name;
ERROR 1054 (42S22): Unknown column 'department_name' in 'order clause'
MariaDB [csd2204w18]> select employee_id,first_name,last_name (select department from departments d where e.department_id = d.department_id) department from employees e ORDER BY departmet;
ERROR 1064 (42000): You have an error in your SQL syntax; check the manual that corresponds to your MariaDB server version for the right syntax to use near 'select department from departments d where e.department_id = d.department_id) de' at line 1
MariaDB [csd2204w18]> select employee_id,first_name,last_name,
    -> (Select department_name from departments d
    -> where e.department_id = d.department_id) department
    -> from employees e order by departments;
ERROR 1054 (42S22): Unknown column 'departments' in 'order clause'
MariaDB [csd2204w18]> select employee_id,first_name,last_name,
    -> (Select department_name from departments d
    -> where e.department_id = d.department_id) department
    -> from employees e order by department;
+-------------+-------------+-------------+------------------+
| employee_id | first_name  | last_name   | department       |
+-------------+-------------+-------------+------------------+
|         178 | Kimberely   | Grant       | NULL             |
|         205 | Shelley     | Higgins     | Accounting       |
|         206 | William     | Gietz       | Accounting       |
|         200 | Jennifer    | Whalen      | Administration   |
|         100 | Steven      | King        | Executive        |
|         102 | Lex         | De Haan     | Executive        |
|         101 | Neena       | Kochhar     | Executive        |
|         112 | Jose Manuel | Urman       | Finance          |
|         113 | Luis        | Popp        | Finance          |
|         111 | Ismael      | Sciarra     | Finance          |
|         110 | John        | Chen        | Finance          |
|         109 | Daniel      | Faviet      | Finance          |
|         108 | Nancy       | Greenberg   | Finance          |
|         203 | Susan       | Mavris      | Human Resources  |
|         103 | Alexander   | Hunold      | IT               |
|         104 | Bruce       | Ernst       | IT               |
|         105 | David       | Austin      | IT               |
|         107 | Diana       | Lorentz     | IT               |
|         106 | Valli       | Pataballa   | IT               |
|         202 | Pat         | Fay         | Marketing        |
|         201 | Michael     | Hartstein   | Marketing        |
|         204 | Hermann     | Baer        | Public Relations |
|         118 | Guy         | Himuro      | Purchasing       |
|         114 | Den         | Raphaely    | Purchasing       |
|         115 | Alexander   | Khoo        | Purchasing       |
|         116 | Shelli      | Baida       | Purchasing       |
|         117 | Sigal       | Tobias      | Purchasing       |
|         119 | Karen       | Colmenares  | Purchasing       |
|         163 | Danielle    | Greene      | Sales            |
|         162 | Clara       | Vishney     | Sales            |
|         161 | Sarath      | Sewall      | Sales            |
|         160 | Louise      | Doran       | Sales            |
|         159 | Lindsey     | Smith       | Sales            |
|         158 | Allan       | McEwen      | Sales            |
|         157 | Patrick     | Sully       | Sales            |
|         156 | Janette     | King        | Sales            |
|         155 | Oliver      | Tuvault     | Sales            |
|         154 | Nanette     | Cambrault   | Sales            |
|         153 | Christopher | Olsen       | Sales            |
|         164 | Mattea      | Marvins     | Sales            |
|         165 | David       | Lee         | Sales            |
|         167 | Amit        | Banda       | Sales            |
|         177 | Jack        | Livingston  | Sales            |
|         176 | Jonathon    | Taylor      | Sales            |
|         175 | Alyssa      | Hutton      | Sales            |
|         174 | Ellen       | Abel        | Sales            |
|         173 | Sundita     | Kumar       | Sales            |
|         172 | Elizabeth   | Bates       | Sales            |
|         171 | William     | Smith       | Sales            |
|         170 | Tayler      | Fox         | Sales            |
|         169 | Harrison    | Bloom       | Sales            |
|         168 | Lisa        | Ozer        | Sales            |
|         179 | Charles     | Johnson     | Sales            |
|         152 | Peter       | Hall        | Sales            |
|         145 | John        | Russell     | Sales            |
|         146 | Karen       | Partners    | Sales            |
|         147 | Alberto     | Errazuriz   | Sales            |
|         148 | Gerald      | Cambrault   | Sales            |
|         149 | Eleni       | Zlotkey     | Sales            |
|         150 | Peter       | Tucker      | Sales            |
|         151 | David       | Bernstein   | Sales            |
|         166 | Sundar      | Ande        | Sales            |
|         194 | Samuel      | McCain      | Shipping         |
|         193 | Britney     | Everett     | Shipping         |
|         192 | Sarah       | Bell        | Shipping         |
|         191 | Randall     | Perkins     | Shipping         |
|         190 | Timothy     | Gates       | Shipping         |
|         189 | Jennifer    | Dilly       | Shipping         |
|         188 | Kelly       | Chung       | Shipping         |
|         187 | Anthony     | Cabrio      | Shipping         |
|         186 | Julia       | Dellinger   | Shipping         |
|         195 | Vance       | Jones       | Shipping         |
|         196 | Alana       | Walsh       | Shipping         |
|         197 | Kevin       | Feeney      | Shipping         |
|         180 | Winston     | Taylor      | Shipping         |
|         120 | Matthew     | Weiss       | Shipping         |
|         121 | Adam        | Fripp       | Shipping         |
|         122 | Payam       | Kaufling    | Shipping         |
|         123 | Shanta      | Vollman     | Shipping         |
|         124 | Kevin       | Mourgos     | Shipping         |
|         125 | Julia       | Nayer       | Shipping         |
|         199 | Douglas     | Grant       | Shipping         |
|         198 | Donald      | OConnell    | Shipping         |
|         185 | Alexis      | Bull        | Shipping         |
|         184 | Nandita     | Sarchand    | Shipping         |
|         183 | Girard      | Geoni       | Shipping         |
|         135 | Ki          | Gee         | Shipping         |
|         136 | Hazel       | Philtanker  | Shipping         |
|         137 | Renske      | Ladwig      | Shipping         |
|         138 | Stephen     | Stiles      | Shipping         |
|         139 | John        | Seo         | Shipping         |
|         140 | Joshua      | Patel       | Shipping         |
|         141 | Trenna      | Rajs        | Shipping         |
|         142 | Curtis      | Davies      | Shipping         |
|         143 | Randall     | Matos       | Shipping         |
|         134 | Michael     | Rogers      | Shipping         |
|         133 | Jason       | Mallin      | Shipping         |
|         182 | Martha      | Sullivan    | Shipping         |
|         181 | Jean        | Fleaur      | Shipping         |
|         126 | Irene       | Mikkilineni | Shipping         |
|         127 | James       | Landry      | Shipping         |
|         128 | Steven      | Markle      | Shipping         |
|         129 | Laura       | Bissot      | Shipping         |
|         130 | Mozhe       | Atkinson    | Shipping         |
|         131 | James       | Marlow      | Shipping         |
|         132 | TJ          | Olson       | Shipping         |
|         144 | Peter       | Vargas      | Shipping         |
+-------------+-------------+-------------+------------------+
107 rows in set (0.34 sec)

MariaDB [csd2204w18]> exit
